Archive member included to satisfy reference by file (symbol)

c:/program files (x86)/gnu arm embedded toolchain/10 2021.10/bin/../lib/gcc/arm-none-eabi/10.3.1/../../../../arm-none-eabi/lib/thumb/v7-m/nofp\libc_nano.a(lib_a-atof.o)
                              build/Radio.o (atof)
c:/program files (x86)/gnu arm embedded toolchain/10 2021.10/bin/../lib/gcc/arm-none-eabi/10.3.1/../../../../arm-none-eabi/lib/thumb/v7-m/nofp\libc_nano.a(lib_a-atoi.o)
                              build/Radio.o (atoi)
c:/program files (x86)/gnu arm embedded toolchain/10 2021.10/bin/../lib/gcc/arm-none-eabi/10.3.1/../../../../arm-none-eabi/lib/thumb/v7-m/nofp\libc_nano.a(lib_a-exit.o)
                              c:/program files (x86)/gnu arm embedded toolchain/10 2021.10/bin/../lib/gcc/arm-none-eabi/10.3.1/../../../../arm-none-eabi/lib/thumb/v7-m/nofp/crt0.o (exit)
c:/program files (x86)/gnu arm embedded toolchain/10 2021.10/bin/../lib/gcc/arm-none-eabi/10.3.1/../../../../arm-none-eabi/lib/thumb/v7-m/nofp\libc_nano.a(lib_a-impure.o)
                              c:/program files (x86)/gnu arm embedded toolchain/10 2021.10/bin/../lib/gcc/arm-none-eabi/10.3.1/../../../../arm-none-eabi/lib/thumb/v7-m/nofp\libc_nano.a(lib_a-exit.o) (_global_impure_ptr)
c:/program files (x86)/gnu arm embedded toolchain/10 2021.10/bin/../lib/gcc/arm-none-eabi/10.3.1/../../../../arm-none-eabi/lib/thumb/v7-m/nofp\libc_nano.a(lib_a-init.o)
                              c:/program files (x86)/gnu arm embedded toolchain/10 2021.10/bin/../lib/gcc/arm-none-eabi/10.3.1/../../../../arm-none-eabi/lib/thumb/v7-m/nofp/crt0.o (__libc_init_array)
c:/program files (x86)/gnu arm embedded toolchain/10 2021.10/bin/../lib/gcc/arm-none-eabi/10.3.1/../../../../arm-none-eabi/lib/thumb/v7-m/nofp\libc_nano.a(lib_a-malloc.o)
                              build/uartRingBufDMA.o (malloc)
c:/program files (x86)/gnu arm embedded toolchain/10 2021.10/bin/../lib/gcc/arm-none-eabi/10.3.1/../../../../arm-none-eabi/lib/thumb/v7-m/nofp\libc_nano.a(lib_a-memchr-stub.o)
                              build/uartRingBufDMA.o (memchr)
c:/program files (x86)/gnu arm embedded toolchain/10 2021.10/bin/../lib/gcc/arm-none-eabi/10.3.1/../../../../arm-none-eabi/lib/thumb/v7-m/nofp\libc_nano.a(lib_a-memcpy-stub.o)
                              build/MY_NRF24.o (memcpy)
c:/program files (x86)/gnu arm embedded toolchain/10 2021.10/bin/../lib/gcc/arm-none-eabi/10.3.1/../../../../arm-none-eabi/lib/thumb/v7-m/nofp\libc_nano.a(lib_a-memmove.o)
                              build/ssd1306_tests.o (memmove)
c:/program files (x86)/gnu arm embedded toolchain/10 2021.10/bin/../lib/gcc/arm-none-eabi/10.3.1/../../../../arm-none-eabi/lib/thumb/v7-m/nofp\libc_nano.a(lib_a-memset.o)
                              c:/program files (x86)/gnu arm embedded toolchain/10 2021.10/bin/../lib/gcc/arm-none-eabi/10.3.1/../../../../arm-none-eabi/lib/thumb/v7-m/nofp/crt0.o (memset)
c:/program files (x86)/gnu arm embedded toolchain/10 2021.10/bin/../lib/gcc/arm-none-eabi/10.3.1/../../../../arm-none-eabi/lib/thumb/v7-m/nofp\libc_nano.a(lib_a-nano-freer.o)
                              c:/program files (x86)/gnu arm embedded toolchain/10 2021.10/bin/../lib/gcc/arm-none-eabi/10.3.1/../../../../arm-none-eabi/lib/thumb/v7-m/nofp\libc_nano.a(lib_a-malloc.o) (_free_r)
c:/program files (x86)/gnu arm embedded toolchain/10 2021.10/bin/../lib/gcc/arm-none-eabi/10.3.1/../../../../arm-none-eabi/lib/thumb/v7-m/nofp\libc_nano.a(lib_a-nano-mallocr.o)
                              c:/program files (x86)/gnu arm embedded toolchain/10 2021.10/bin/../lib/gcc/arm-none-eabi/10.3.1/../../../../arm-none-eabi/lib/thumb/v7-m/nofp\libc_nano.a(lib_a-malloc.o) (_malloc_r)
c:/program files (x86)/gnu arm embedded toolchain/10 2021.10/bin/../lib/gcc/arm-none-eabi/10.3.1/../../../../arm-none-eabi/lib/thumb/v7-m/nofp\libc_nano.a(lib_a-nano-vfprintf_float.o)
                              (_printf_float)
c:/program files (x86)/gnu arm embedded toolchain/10 2021.10/bin/../lib/gcc/arm-none-eabi/10.3.1/../../../../arm-none-eabi/lib/thumb/v7-m/nofp\libc_nano.a(lib_a-nano-vfprintf_i.o)
                              c:/program files (x86)/gnu arm embedded toolchain/10 2021.10/bin/../lib/gcc/arm-none-eabi/10.3.1/../../../../arm-none-eabi/lib/thumb/v7-m/nofp\libc_nano.a(lib_a-nano-vfprintf_float.o) (_printf_common)
c:/program files (x86)/gnu arm embedded toolchain/10 2021.10/bin/../lib/gcc/arm-none-eabi/10.3.1/../../../../arm-none-eabi/lib/thumb/v7-m/nofp\libc_nano.a(lib_a-puts.o)
                              build/stm32f2xx_it.o (puts)
c:/program files (x86)/gnu arm embedded toolchain/10 2021.10/bin/../lib/gcc/arm-none-eabi/10.3.1/../../../../arm-none-eabi/lib/thumb/v7-m/nofp\libc_nano.a(lib_a-sbrkr.o)
                              c:/program files (x86)/gnu arm embedded toolchain/10 2021.10/bin/../lib/gcc/arm-none-eabi/10.3.1/../../../../arm-none-eabi/lib/thumb/v7-m/nofp\libc_nano.a(lib_a-nano-mallocr.o) (_sbrk_r)
[...]
Memory Configuration

Name             Origin             Length             Attributes
RAM              0x20000000         0x00014000         xrw
RAM2             0x2001c000         0x00004000         xrw
FLASH            0x08000000         0x00040000         xr
*default*        0x00000000         0xffffffff

Linker script and memory map

LOAD c:/program files (x86)/gnu arm embedded toolchain/10 2021.10/bin/../lib/gcc/arm-none-eabi/10.3.1/thumb/v7-m/nofp/crti.o
LOAD c:/program files (x86)/gnu arm embedded toolchain/10 2021.10/bin/../lib/gcc/arm-none-eabi/10.3.1/thumb/v7-m/nofp/crtbegin.o
LOAD c:/program files (x86)/gnu arm embedded toolchain/10 2021.10/bin/../lib/gcc/arm-none-eabi/10.3.1/../../../../arm-none-eabi/lib/thumb/v7-m/nofp/crt0.o
LOAD build/main.o
LOAD build/stm32f2xx_it.o
LOAD build/stm32f2xx_hal_msp.o
LOAD build/stm32f2xx_hal_adc.o
LOAD build/stm32f2xx_hal_adc_ex.o
LOAD build/stm32f2xx_hal.o
LOAD build/stm32f2xx_hal_rcc.o
LOAD build/stm32f2xx_hal_rcc_ex.o
LOAD build/stm32f2xx_hal_cortex.o
LOAD build/stm32f2xx_hal_flash.o
LOAD build/stm32f2xx_hal_flash_ex.o
LOAD build/stm32f2xx_hal_pwr.o
LOAD build/stm32f2xx_hal_pwr_ex.o
LOAD build/stm32f2xx_hal_gpio.o
LOAD build/stm32f2xx_hal_dma.o
LOAD build/stm32f2xx_hal_dma_ex.o
LOAD build/stm32f2xx_hal_exti.o
LOAD build/stm32f2xx_hal_i2c.o
LOAD build/stm32f2xx_hal_spi.o
LOAD build/stm32f2xx_hal_tim.o
LOAD build/stm32f2xx_hal_tim_ex.o
LOAD build/system_stm32f2xx.o
LOAD build/stm32f2xx_hal_uart.o
LOAD build/MY_NRF24.o
LOAD build/ssd1306_fonts.o
LOAD build/ssd1306_tests.o
LOAD build/ssd1306.o
LOAD build/uartRingBufDMA.o
LOAD build/Radio.o
LOAD build/RemoteControl.o
LOAD build/freertos.o
LOAD build/croutine.o
LOAD build/event_groups.o
LOAD build/list.o
LOAD build/queue.o
LOAD build/stream_buffer.o
LOAD build/tasks.o
LOAD build/timers.o
LOAD build/cmsis_os.o
LOAD build/heap_4.o
LOAD build/port.o
LOAD build/stm32f2xx_hal_timebase_tim.o
LOAD build/startup_stm32f205xx.o
LOAD c:/program files (x86)/gnu arm embedded toolchain/10 2021.10/bin/../lib/gcc/arm-none-eabi/10.3.1/../../../../arm-none-eabi/lib/thumb/v7-m/nofp\libc_nano.a
LOAD c:/program files (x86)/gnu arm embedded toolchain/10 2021.10/bin/../lib/gcc/arm-none-eabi/10.3.1/../../../../arm-none-eabi/lib/thumb/v7-m/nofp\libm.a
LOAD c:/program files (x86)/gnu arm embedded toolchain/10 2021.10/bin/../lib/gcc/arm-none-eabi/10.3.1/../../../../arm-none-eabi/lib/thumb/v7-m/nofp\libnosys.a
START GROUP
LOAD c:/program files (x86)/gnu arm embedded toolchain/10 2021.10/bin/../lib/gcc/arm-none-eabi/10.3.1/thumb/v7-m/nofp\libgcc.a
LOAD c:/program files (x86)/gnu arm embedded toolchain/10 2021.10/bin/../lib/gcc/arm-none-eabi/10.3.1/../../../../arm-none-eabi/lib/thumb/v7-m/nofp\libc_nano.a
END GROUP
START GROUP
LOAD c:/program files (x86)/gnu arm embedded toolchain/10 2021.10/bin/../lib/gcc/arm-none-eabi/10.3.1/thumb/v7-m/nofp\libgcc.a
LOAD c:/program files (x86)/gnu arm embedded toolchain/10 2021.10/bin/../lib/gcc/arm-none-eabi/10.3.1/../../../../arm-none-eabi/lib/thumb/v7-m/nofp\libc_nano.a
END GROUP
LOAD c:/program files (x86)/gnu arm embedded toolchain/10 2021.10/bin/../lib/gcc/arm-none-eabi/10.3.1/thumb/v7-m/nofp/crtend.o
LOAD c:/program files (x86)/gnu arm embedded toolchain/10 2021.10/bin/../lib/gcc/arm-none-eabi/10.3.1/thumb/v7-m/nofp/crtn.o
                0x20014000                _estack = 0x20014000
                0x00002000                _Min_Heap_Size = 0x2000
                0x00004000                _Min_Stack_Size = 0x4000

.isr_vector     0x08000000      0x184
                0x08000000                . = ALIGN (0x4)
 *(.isr_vector)
 .isr_vector    0x08000000      0x184 build/startup_stm32f205xx.o
                0x08000000                g_pfnVectors
                0x08000184                . = ALIGN (0x4)

.text           0x08000190     0xa88c
                0x08000190                . = ALIGN (0x4)
 *(.text)
 .text          0x08000190       0x40 c:/program files (x86)/gnu arm embedded toolchain/10 2021.10/bin/../lib/gcc/arm-none-eabi/10.3.1/thumb/v7-m/nofp/crtbegin.o
 .text          0x080001d0       0x14 c:/program files (x86)/gnu arm embedded toolchain/10 2021.10/bin/../lib/gcc/arm-none-eabi/10.3.1/../../../../arm-none-eabi/lib/thumb/v7-m/nofp\libc_nano.a(lib_a-strcmp.o)
                0x080001d0                strcmp
 .text          0x080001e4       0x10 c:/program files (x86)/gnu arm embedded toolchain/10 2021.10/bin/../lib/gcc/arm-none-eabi/10.3.1/../../../../arm-none-eabi/lib/thumb/v7-m/nofp\libc_nano.a(lib_a-strlen.o)
                0x080001e4                strlen
 .text          0x080001f4      0x378 c:/program files (x86)/gnu arm embedded toolchain/10 2021.10/bin/../lib/gcc/arm-none-eabi/10.3.1/thumb/v7-m/nofp\libgcc.a(_arm_addsubdf3.o)
                0x080001f4                __aeabi_drsub
                0x080001fc                __aeabi_dsub
                0x080001fc                __subdf3
                0x08000200                __aeabi_dadd
                0x08000200                __adddf3
                0x08000478                __floatunsidf
                0x08000478                __aeabi_ui2d
                0x08000498                __floatsidf
                0x08000498                __aeabi_i2d
                0x080004bc                __aeabi_f2d
                0x080004bc                __extendsfdf2
                0x08000500                __floatundidf
                0x08000500                __aeabi_ul2d
                0x08000510                __floatdidf
                0x08000510                __aeabi_l2d
 .text          0x0800056c      0x424 c:/program files (x86)/gnu arm embedded toolchain/10 2021.10/bin/../lib/gcc/arm-none-eabi/10.3.1/thumb/v7-m/nofp\libgcc.a(_arm_muldivdf3.o)
                0x0800056c                __aeabi_dmul
                0x0800056c                __muldf3
                0x080007c0                __divdf3
                0x080007c0                __aeabi_ddiv
 .text          0x08000990      0x110 c:/program files (x86)/gnu arm embedded toolchain/10 2021.10/bin/../lib/gcc/arm-none-eabi/10.3.1/thumb/v7-m/nofp\libgcc.a(_arm_cmpdf2.o)
                0x08000990                __gtdf2
                0x08000990                __gedf2
                0x08000998                __ltdf2
                0x08000998                __ledf2
                0x080009a0                __nedf2
                0x080009a0                __eqdf2
                0x080009a0                __cmpdf2
                0x08000a1c                __aeabi_cdrcmple
                0x08000a2c                __aeabi_cdcmpeq
                0x08000a2c                __aeabi_cdcmple
                0x08000a3c                __aeabi_dcmpeq
                0x08000a50                __aeabi_dcmplt
                0x08000a64                __aeabi_dcmple
                0x08000a78                __aeabi_dcmpge
                0x08000a8c                __aeabi_dcmpgt
 .text          0x08000aa0       0x2c c:/program files (x86)/gnu arm embedded toolchain/10 2021.10/bin/../lib/gcc/arm-none-eabi/10.3.1/thumb/v7-m/nofp\libgcc.a(_arm_unorddf2.o)
                0x08000aa0                __unorddf2
                0x08000aa0                __aeabi_dcmpun
 .text          0x08000acc       0x50 c:/program files (x86)/gnu arm embedded toolchain/10 2021.10/bin/../lib/gcc/arm-none-eabi/10.3.1/thumb/v7-m/nofp\libgcc.a(_arm_fixdfsi.o)
                0x08000acc                __aeabi_d2iz
                0x08000acc                __fixdfsi
 .text          0x08000b1c       0x40 c:/program files (x86)/gnu arm embedded toolchain/10 2021.10/bin/../lib/gcc/arm-none-eabi/10.3.1/thumb/v7-m/nofp\libgcc.a(_arm_fixunsdfsi.o)
                0x08000b1c                __aeabi_d2uiz
                0x08000b1c                __fixunsdfsi
 .text          0x08000b5c       0xa0 c:/program files (x86)/gnu arm embedded toolchain/10 2021.10/bin/../lib/gcc/arm-none-eabi/10.3.1/thumb/v7-m/nofp\libgcc.a(_arm_truncdfsf2.o)
                0x08000b5c                __truncdfsf2
                0x08000b5c                __aeabi_d2f
 .text          0x08000bfc       0x30 c:/program files (x86)/gnu arm embedded toolchain/10 2021.10/bin/../lib/gcc/arm-none-eabi/10.3.1/thumb/v7-m/nofp\libgcc.a(_aeabi_uldivmod.o)
                0x08000bfc                __aeabi_uldivmod
 .text          0x08000c2c       0x34 c:/program files (x86)/gnu arm embedded toolchain/10 2021.10/bin/../lib/gcc/arm-none-eabi/10.3.1/thumb/v7-m/nofp\libgcc.a(_fixdfdi.o)
                0x08000c2c                __fixdfdi
                0x08000c2c                __aeabi_d2lz
 .text          0x08000c60       0x3c c:/program files (x86)/gnu arm embedded toolchain/10 2021.10/bin/../lib/gcc/arm-none-eabi/10.3.1/thumb/v7-m/nofp\libgcc.a(_fixunsdfdi.o)
                0x08000c60                __fixunsdfdi
                0x08000c60                __aeabi_d2ulz
 .text          0x08000c9c      0x2d4 c:/program files (x86)/gnu arm embedded toolchain/10 2021.10/bin/../lib/gcc/arm-none-eabi/10.3.1/thumb/v7-m/nofp\libgcc.a(_udivmoddi4.o)
                0x08000c9c                __udivmoddi4
 .text          0x08000f70        0x4 c:/program files (x86)/gnu arm embedded toolchain/10 2021.10/bin/../lib/gcc/arm-none-eabi/10.3.1/thumb/v7-m/nofp\libgcc.a(_dvmd_tls.o)
                0x08000f70                __aeabi_idiv0
                0x08000f70                __aeabi_ldiv0
 *(.text*)
 .text.Display_Task
                0x08000f74        0x2 build/main.o
                0x08000f74                Display_Task
 *fill*         0x08000f76        0x2 
 .text.MX_GPIO_Init
                0x08000f78      0x12c build/main.o
 .text.MX_DMA_Init
                0x080010a4       0x68 build/main.o
 .text.Radio_Task
                0x0800110c       0x58 build/main.o
                0x0800110c                Radio_Task
 .text.Calculate_Task
                0x08001164       0x28 build/main.o
                0x08001164                Calculate_Task
 .text._write   0x0800118c       0x18 build/main.o
                0x0800118c                _write
 .text.HAL_TIM_PeriodElapsedCallback
                0x080011a4       0x18 build/main.o
                0x080011a4                HAL_TIM_PeriodElapsedCallback
 .text.Error_Handler
                0x080011bc        0x4 build/main.o
                0x080011bc                Error_Handler
 .text.MX_I2C1_Init
                0x080011c0       0x38 build/main.o
 .text.MX_SPI3_Init
                0x080011f8       0x40 build/main.o
 .text.MX_USART3_UART_Init
                0x08001238       0x34 build/main.o
 .text.MX_ADC2_Init
                0x0800126c       0xac build/main.o
 .text.SystemClock_Config
                0x08001318       0x6e build/main.o
                0x08001318                SystemClock_Config
 *fill*         0x08001386        0x2 
 .text.main     0x08001388      0x158 build/main.o
                0x08001388                main
 .text.NMI_Handler
                0x080014e0        0x2 build/stm32f2xx_it.o
                0x080014e0                NMI_Handler
 *fill*         0x080014e2        0x2 
 .text.HardFault_Handler
                0x080014e4       0x10 build/stm32f2xx_it.o
                0x080014e4                HardFault_Handler
 .text.MemManage_Handler
                0x080014f4        0x2 build/stm32f2xx_it.o
                0x080014f4                MemManage_Handler
 .text.BusFault_Handler
                0x080014f6        0x2 build/stm32f2xx_it.o
                0x080014f6                BusFault_Handler
 .text.UsageFault_Handler
                0x080014f8        0x2 build/stm32f2xx_it.o
                0x080014f8                UsageFault_Handler
 .text.DebugMon_Handler
                0x080014fa        0x2 build/stm32f2xx_it.o
                0x080014fa                DebugMon_Handler
 .text.DMA1_Stream1_IRQHandler
                0x080014fc       0x10 build/stm32f2xx_it.o
                0x080014fc                DMA1_Stream1_IRQHandler
 .text.DMA1_Stream3_IRQHandler
                0x0800150c       0x10 build/stm32f2xx_it.o
                0x0800150c                DMA1_Stream3_IRQHandler
 .text.USART3_IRQHandler
                0x0800151c       0x10 build/stm32f2xx_it.o
                0x0800151c                USART3_IRQHandler
 .text.TIM5_IRQHandler
                0x0800152c       0x10 build/stm32f2xx_it.o
                0x0800152c                TIM5_IRQHandler
 .text.DMA2_Stream3_IRQHandler
                0x0800153c       0x10 build/stm32f2xx_it.o
                0x0800153c                DMA2_Stream3_IRQHandler
 .text.HAL_MspInit
                0x0800154c       0x44 build/stm32f2xx_hal_msp.o
                0x0800154c                HAL_MspInit
 .text.HAL_ADC_MspInit
                0x08001590       0xb0 build/stm32f2xx_hal_msp.o
                0x08001590                HAL_ADC_MspInit
 .text.HAL_I2C_MspInit
                0x08001640       0x70 build/stm32f2xx_hal_msp.o
                0x08001640                HAL_I2C_MspInit
 .text.HAL_SPI_MspInit
                0x080016b0       0x70 build/stm32f2xx_hal_msp.o
                0x080016b0                HAL_SPI_MspInit
 .text.HAL_UART_MspInit
                0x08001720       0xf8 build/stm32f2xx_hal_msp.o
                0x08001720                HAL_UART_MspInit
 .text.ADC_Init
                0x08001818      0x140 build/stm32f2xx_hal_adc.o
 .text.HAL_ADC_Init
                0x08001958       0x56 build/stm32f2xx_hal_adc.o
                0x08001958                HAL_ADC_Init
 *fill*         0x080019ae        0x2 
 .text.HAL_ADC_Start_DMA
                0x080019b0      0x154 build/stm32f2xx_hal_adc.o
                0x080019b0                HAL_ADC_Start_DMA
 .text.HAL_ADC_ConvCpltCallback
                0x08001b04        0x2 build/stm32f2xx_hal_adc.o
                0x08001b04                HAL_ADC_ConvCpltCallback
 .text.HAL_ADC_ConvHalfCpltCallback
                0x08001b06        0x2 build/stm32f2xx_hal_adc.o
                0x08001b06                HAL_ADC_ConvHalfCpltCallback
 .text.ADC_DMAHalfConvCplt
                0x08001b08        0xa build/stm32f2xx_hal_adc.o
 .text.HAL_ADC_ErrorCallback
                0x08001b12        0x2 build/stm32f2xx_hal_adc.o
                0x08001b12                HAL_ADC_ErrorCallback
 .text.ADC_DMAError
                0x08001b14       0x16 build/stm32f2xx_hal_adc.o
 .text.ADC_DMAConvCplt
                0x08001b2a       0x72 build/stm32f2xx_hal_adc.o
 .text.HAL_ADC_ConfigChannel
                0x08001b9c      0x198 build/stm32f2xx_hal_adc.o
                0x08001b9c                HAL_ADC_ConfigChannel
 .text.HAL_Init
                0x08001d34       0x34 build/stm32f2xx_hal.o
                0x08001d34                HAL_Init
 .text.HAL_IncTick
                0x08001d68       0x18 build/stm32f2xx_hal.o
                0x08001d68                HAL_IncTick
 .text.HAL_GetTick
                0x08001d80        0xc build/stm32f2xx_hal.o
                0x08001d80                HAL_GetTick
 .text.HAL_Delay
                0x08001d8c       0x2c build/stm32f2xx_hal.o
                0x08001d8c                HAL_Delay
 .text.HAL_RCC_OscConfig
                0x08001db8      0x3b0 build/stm32f2xx_hal_rcc.o
                0x08001db8                HAL_RCC_OscConfig
 .text.HAL_RCC_GetSysClockFreq
                0x08002168       0xd4 build/stm32f2xx_hal_rcc.o
                0x08002168                HAL_RCC_GetSysClockFreq
 .text.HAL_RCC_ClockConfig
                0x0800223c      0x16c build/stm32f2xx_hal_rcc.o
                0x0800223c                HAL_RCC_ClockConfig
 .text.HAL_RCC_GetHCLKFreq
                0x080023a8        0xc build/stm32f2xx_hal_rcc.o
                0x080023a8                HAL_RCC_GetHCLKFreq
 .text.HAL_RCC_GetPCLK1Freq
                0x080023b4       0x2c build/stm32f2xx_hal_rcc.o
                0x080023b4                HAL_RCC_GetPCLK1Freq
 .text.HAL_RCC_GetPCLK2Freq
                0x080023e0       0x2c build/stm32f2xx_hal_rcc.o
                0x080023e0                HAL_RCC_GetPCLK2Freq
 .text.HAL_RCC_GetClockConfig
                0x0800240c       0x3c build/stm32f2xx_hal_rcc.o
                0x0800240c                HAL_RCC_GetClockConfig
 .text.HAL_NVIC_SetPriorityGrouping
                0x08002448       0x24 build/stm32f2xx_hal_cortex.o
                0x08002448                HAL_NVIC_SetPriorityGrouping
 .text.HAL_NVIC_SetPriority
                0x0800246c       0x70 build/stm32f2xx_hal_cortex.o
                0x0800246c                HAL_NVIC_SetPriority
 .text.HAL_NVIC_EnableIRQ
                0x080024dc       0x1c build/stm32f2xx_hal_cortex.o
                0x080024dc                HAL_NVIC_EnableIRQ
 .text.HAL_GPIO_Init
                0x080024f8      0x208 build/stm32f2xx_hal_gpio.o
                0x080024f8                HAL_GPIO_Init
 .text.HAL_GPIO_WritePin
                0x08002700        0xc build/stm32f2xx_hal_gpio.o
                0x08002700                HAL_GPIO_WritePin
 .text.DMA_SetConfig
                0x0800270c       0x2c build/stm32f2xx_hal_dma.o
 .text.DMA_CalcBaseAndBitshift
                0x08002738       0x40 build/stm32f2xx_hal_dma.o
 .text.DMA_CheckFifoParam
                0x08002778       0x8e build/stm32f2xx_hal_dma.o
 *fill*         0x08002806        0x2 
 .text.HAL_DMA_Init
                0x08002808       0xcc build/stm32f2xx_hal_dma.o
                0x08002808                HAL_DMA_Init
 .text.HAL_DMA_Start_IT
                0x080028d4       0x6a build/stm32f2xx_hal_dma.o
                0x080028d4                HAL_DMA_Start_IT
 .text.HAL_DMA_Abort
                0x0800293e       0x94 build/stm32f2xx_hal_dma.o
                0x0800293e                HAL_DMA_Abort
 .text.HAL_DMA_Abort_IT
                0x080029d2       0x26 build/stm32f2xx_hal_dma.o
                0x080029d2                HAL_DMA_Abort_IT
 .text.HAL_DMA_IRQHandler
                0x080029f8      0x1dc build/stm32f2xx_hal_dma.o
                0x080029f8                HAL_DMA_IRQHandler
 .text.HAL_I2C_Init
                0x08002bd4      0x1bc build/stm32f2xx_hal_i2c.o
                0x08002bd4                HAL_I2C_Init
 .text.SPI_WaitFlagStateUntilTimeout
                0x08002d90       0xd4 build/stm32f2xx_hal_spi.o
 .text.SPI_EndRxTxTransaction
                0x08002e64       0x24 build/stm32f2xx_hal_spi.o
 .text.SPI_EndRxTransaction
                0x08002e88       0x48 build/stm32f2xx_hal_spi.o
 .text.HAL_SPI_Init
                0x08002ed0       0xbe build/stm32f2xx_hal_spi.o
                0x08002ed0                HAL_SPI_Init
 .text.HAL_SPI_Transmit
                0x08002f8e      0x1b8 build/stm32f2xx_hal_spi.o
                0x08002f8e                HAL_SPI_Transmit
 .text.HAL_SPI_TransmitReceive
                0x08003146      0x238 build/stm32f2xx_hal_spi.o
                0x08003146                HAL_SPI_TransmitReceive
 .text.HAL_SPI_Receive
                0x0800337e      0x180 build/stm32f2xx_hal_spi.o
                0x0800337e                HAL_SPI_Receive
 .text.HAL_TIM_Base_MspInit
                0x080034fe        0x2 build/stm32f2xx_hal_tim.o
                0x080034fe                HAL_TIM_Base_MspInit
 .text.HAL_TIM_Base_Start_IT
                0x08003500       0x88 build/stm32f2xx_hal_tim.o
                0x08003500                HAL_TIM_Base_Start_IT
 .text.HAL_TIM_OC_DelayElapsedCallback
                0x08003588        0x2 build/stm32f2xx_hal_tim.o
                0x08003588                HAL_TIM_OC_DelayElapsedCallback
 .text.HAL_TIM_IC_CaptureCallback
                0x0800358a        0x2 build/stm32f2xx_hal_tim.o
                0x0800358a                HAL_TIM_IC_CaptureCallback
 .text.HAL_TIM_PWM_PulseFinishedCallback
                0x0800358c        0x2 build/stm32f2xx_hal_tim.o
                0x0800358c                HAL_TIM_PWM_PulseFinishedCallback
 .text.HAL_TIM_TriggerCallback
                0x0800358e        0x2 build/stm32f2xx_hal_tim.o
                0x0800358e                HAL_TIM_TriggerCallback
 .text.HAL_TIM_IRQHandler
                0x08003590      0x17a build/stm32f2xx_hal_tim.o
                0x08003590                HAL_TIM_IRQHandler
 *fill*         0x0800370a        0x2 
 .text.TIM_Base_SetConfig
                0x0800370c       0xc8 build/stm32f2xx_hal_tim.o
                0x0800370c                TIM_Base_SetConfig
 .text.HAL_TIM_Base_Init
                0x080037d4       0x58 build/stm32f2xx_hal_tim.o
                0x080037d4                HAL_TIM_Base_Init
 .text.HAL_TIMEx_CommutCallback
                0x0800382c        0x2 build/stm32f2xx_hal_tim_ex.o
                0x0800382c                HAL_TIMEx_CommutCallback
 .text.HAL_TIMEx_BreakCallback
                0x0800382e        0x2 build/stm32f2xx_hal_tim_ex.o
                0x0800382e                HAL_TIMEx_BreakCallback
 .text.SystemInit
                0x08003830        0x2 build/system_stm32f2xx.o
                0x08003830                SystemInit
 .text.UART_EndTxTransfer
                0x08003832       0x12 build/stm32f2xx_hal_uart.o
 .text.UART_EndRxTransfer
                0x08003844       0x32 build/stm32f2xx_hal_uart.o
 .text.UART_Transmit_IT
                0x08003876       0x60 build/stm32f2xx_hal_uart.o
 *fill*         0x080038d6        0x2 
 .text.UART_SetConfig
                0x080038d8       0xe4 build/stm32f2xx_hal_uart.o
 .text.UART_WaitOnFlagUntilTimeout
                0x080039bc       0x6c build/stm32f2xx_hal_uart.o
 .text.HAL_UART_Init
                0x08003a28       0x5e build/stm32f2xx_hal_uart.o
                0x08003a28                HAL_UART_Init
 .text.HAL_UART_Transmit
                0x08003a86       0xd8 build/stm32f2xx_hal_uart.o
                0x08003a86                HAL_UART_Transmit
 .text.HAL_UART_TxCpltCallback
                0x08003b5e        0x2 build/stm32f2xx_hal_uart.o
                0x08003b5e                HAL_UART_TxCpltCallback
 .text.UART_EndTransmit_IT
                0x08003b60       0x1a build/stm32f2xx_hal_uart.o
 .text.HAL_UART_RxCpltCallback
                0x08003b7a        0x2 build/stm32f2xx_hal_uart.o
                0x08003b7a                HAL_UART_RxCpltCallback
 .text.HAL_UART_RxHalfCpltCallback
                0x08003b7c        0x2 build/stm32f2xx_hal_uart.o
                0x08003b7c                HAL_UART_RxHalfCpltCallback
 .text.HAL_UART_ErrorCallback
                0x08003b7e        0x2 build/stm32f2xx_hal_uart.o
                0x08003b7e                HAL_UART_ErrorCallback
 .text.UART_DMAError
                0x08003b80       0x58 build/stm32f2xx_hal_uart.o
 .text.UART_DMAAbortOnError
                0x08003bd8       0x10 build/stm32f2xx_hal_uart.o
 .text.UART_Receive_IT
                0x08003be8       0xd4 build/stm32f2xx_hal_uart.o
 .text.HAL_UART_IRQHandler
                0x08003cbc      0x208 build/stm32f2xx_hal_uart.o
                0x08003cbc                HAL_UART_IRQHandler
 .text.UART_DMARxHalfCplt
                0x08003ec4       0x1a build/stm32f2xx_hal_uart.o
 .text.UART_DMAReceiveCplt
                0x08003ede       0x5e build/stm32f2xx_hal_uart.o
 .text.UART_Start_Receive_DMA
                0x08003f3c       0x78 build/stm32f2xx_hal_uart.o
                0x08003f3c                UART_Start_Receive_DMA
 .text.HAL_UARTEx_ReceiveToIdle_DMA
                0x08003fb4       0x60 build/stm32f2xx_hal_uart.o
                0x08003fb4                HAL_UARTEx_ReceiveToIdle_DMA
 .text.NRF24_csn
                0x08004014       0x2c build/MY_NRF24.o
                0x08004014                NRF24_csn
 .text.NRF24_ce
                0x08004040       0x2c build/MY_NRF24.o
                0x08004040                NRF24_ce
 .text.NRF24_read_register
                0x0800406c       0x44 build/MY_NRF24.o
                0x0800406c                NRF24_read_register
 .text.NRF24_read_registerN
                0x080040b0       0x40 build/MY_NRF24.o
                0x080040b0                NRF24_read_registerN
 .text.NRF24_write_register
                0x080040f0       0x34 build/MY_NRF24.o
                0x080040f0                NRF24_write_register
 .text.NRF24_write_registerN
                0x08004124       0x40 build/MY_NRF24.o
                0x08004124                NRF24_write_registerN
 .text.NRF24_write_payload
                0x08004164       0x40 build/MY_NRF24.o
                0x08004164                NRF24_write_payload
 .text.NRF24_flush_tx
                0x080041a4        0xc build/MY_NRF24.o
                0x080041a4                NRF24_flush_tx
 .text.NRF24_flush_rx
                0x080041b0        0xc build/MY_NRF24.o
                0x080041b0                NRF24_flush_rx
 .text.NRF24_get_status
                0x080041bc        0xa build/MY_NRF24.o
                0x080041bc                NRF24_get_status
 .text.NRF24_stopListening
                0x080041c6       0x12 build/MY_NRF24.o
                0x080041c6                NRF24_stopListening
 .text.NRF24_openWritingPipe
                0x080041d8       0x38 build/MY_NRF24.o
                0x080041d8                NRF24_openWritingPipe
 .text.NRF24_setRetries
                0x08004210       0x14 build/MY_NRF24.o
                0x08004210                NRF24_setRetries
 .text.NRF24_setChannel
                0x08004224       0x12 build/MY_NRF24.o
                0x08004224                NRF24_setChannel
 *fill*         0x08004236        0x2 
 .text.NRF24_setPayloadSize
                0x08004238       0x10 build/MY_NRF24.o
                0x08004238                NRF24_setPayloadSize
 .text.NRF24_getPayloadSize
                0x08004248        0xc build/MY_NRF24.o
                0x08004248                NRF24_getPayloadSize
 .text.NRF24_read_payload
                0x08004254       0x4c build/MY_NRF24.o
                0x08004254                NRF24_read_payload
 .text.NRF24_getDynamicPayloadSize
                0x080042a0        0xa build/MY_NRF24.o
                0x080042a0                NRF24_getDynamicPayloadSize
 .text.NRF24_read
                0x080042aa       0x1c build/MY_NRF24.o
                0x080042aa                NRF24_read
 *fill*         0x080042c6        0x2 
 .text.NRF24_disableDynamicPayloads
                0x080042c8       0x28 build/MY_NRF24.o
                0x080042c8                NRF24_disableDynamicPayloads
 .text.NRF24_setAutoAck
                0x080042f0       0x18 build/MY_NRF24.o
                0x080042f0                NRF24_setAutoAck
 .text.NRF24_setPALevel
                0x08004308       0x3e build/MY_NRF24.o
                0x08004308                NRF24_setPALevel
 *fill*         0x08004346        0x2 
 .text.NRF24_setDataRate
                0x08004348       0x58 build/MY_NRF24.o
                0x08004348                NRF24_setDataRate
 .text.NRF24_setCRCLength
                0x080043a0       0x26 build/MY_NRF24.o
                0x080043a0                NRF24_setCRCLength
 .text.NRF24_powerDown
                0x080043c6       0x14 build/MY_NRF24.o
                0x080043c6                NRF24_powerDown
 .text.NRF24_availablePipe
                0x080043da       0x3c build/MY_NRF24.o
                0x080043da                NRF24_availablePipe
 .text.NRF24_available
                0x08004416        0xa build/MY_NRF24.o
                0x08004416                NRF24_available
 .text.NRF24_startWrite
                0x08004420       0x40 build/MY_NRF24.o
                0x08004420                NRF24_startWrite
 .text.NRF24_isAckPayloadAvailable
                0x08004460       0x10 build/MY_NRF24.o
                0x08004460                NRF24_isAckPayloadAvailable
 .text.NRF24_whatHappened
                0x08004470       0x2e build/MY_NRF24.o
                0x08004470                NRF24_whatHappened
 .text.NRF24_resetStatus
                0x0800449e        0xc build/MY_NRF24.o
                0x0800449e                NRF24_resetStatus
 *fill*         0x080044aa        0x2 
 .text.NRF24_write
                0x080044ac       0x84 build/MY_NRF24.o
                0x080044ac                NRF24_write
 .text.NRF24_ACTIVATE_cmd
                0x08004530       0x34 build/MY_NRF24.o
                0x08004530                NRF24_ACTIVATE_cmd
 .text.NRF24_begin
                0x08004564      0x1d0 build/MY_NRF24.o
                0x08004564                NRF24_begin
 .text.NRF24_enableAckPayload
                0x08004734       0x48 build/MY_NRF24.o
                0x08004734                NRF24_enableAckPayload
 .text.NRF24_enableDynamicPayloads
                0x0800477c       0x54 build/MY_NRF24.o
                0x0800477c                NRF24_enableDynamicPayloads
 .text.printRadioSettings
                0x080047d0      0x600 build/MY_NRF24.o
                0x080047d0                printRadioSettings
 .text.nrf24_DebugUART_Init
                0x08004dd0       0x24 build/MY_NRF24.o
                0x08004dd0                nrf24_DebugUART_Init
 .text.Ring_Reset
                0x08004df4       0x74 build/uartRingBufDMA.o
                0x08004df4                Ring_Reset
 .text.Ring_Restart_Uart
                0x08004e68       0x1e build/uartRingBufDMA.o
                0x08004e68                Ring_Restart_Uart
 *fill*         0x08004e86        0x2 
 .text.Ring_Init
                0x08004e88       0x44 build/uartRingBufDMA.o
                0x08004e88                Ring_Init
 .text.HAL_UARTEx_RxEventCallback
                0x08004ecc       0x80 build/uartRingBufDMA.o
                0x08004ecc                HAL_UARTEx_RxEventCallback
 .text.IndexOf  0x08004f4c       0x14 build/uartRingBufDMA.o
                0x08004f4c                IndexOf
 .text.Radio_Init
                0x08004f60       0xd8 build/Radio.o
                0x08004f60                Radio_Init
 .text.Radio_Control_Parse
                0x08005038       0x40 build/Radio.o
                0x08005038                Radio_Control_Parse
 .text.Radio_Decode_Ack
                0x08005078      0x184 build/Radio.o
                0x08005078                Radio_Decode_Ack
 .text.Radio_Decode_Mode
                0x080051fc       0x28 build/Radio.o
                0x080051fc                Radio_Decode_Mode
 .text.Radio_Process_From_FC
                0x08005224       0x7c build/Radio.o
                0x08005224                Radio_Process_From_FC
 .text.Radio_Put_String
                0x080052a0       0xa8 build/Radio.o
                0x080052a0                Radio_Put_String
 .text.Radio_Remain
                0x08005348       0x18 build/Radio.o
                0x08005348                Radio_Remain
 .text.Radio_available
                0x08005360       0x24 build/Radio.o
                0x08005360                Radio_available
 .text.Radio_Increase_Pointer
                0x08005384       0x14 build/Radio.o
                0x08005384                Radio_Increase_Pointer
 .text.Radio_Get_String
                0x08005398       0x6c build/Radio.o
                0x08005398                Radio_Get_String
 .text.Calculate_PWM
                0x08005404      0x160 build/Radio.o
                0x08005404                Calculate_PWM
 .text.Radio_Process
                0x08005564       0x98 build/Radio.o
                0x08005564                Radio_Process
 .text.vApplicationGetIdleTaskMemory
                0x080055fc       0x18 build/freertos.o
                0x080055fc                vApplicationGetIdleTaskMemory
 .text.vListInitialise
                0x08005614       0x16 build/list.o
                0x08005614                vListInitialise
 .text.vListInitialiseItem
                0x0800562a        0x6 build/list.o
                0x0800562a                vListInitialiseItem
 .text.vListInsertEnd
                0x08005630       0x16 build/list.o
                0x08005630                vListInsertEnd
 .text.vListInsert
                0x08005646       0x32 build/list.o
                0x08005646                vListInsert
 .text.uxListRemove
                0x08005678       0x26 build/list.o
                0x08005678                uxListRemove
 *fill*         0x0800569e        0x2 
 .text.prvResetNextTaskUnblockTime
                0x080056a0       0x2c build/tasks.o
 .text.prvInitialiseNewTask
                0x080056cc       0x94 build/tasks.o
 .text.prvInitialiseTaskLists
                0x08005760       0x68 build/tasks.o
 .text.prvAddNewTaskToReadyList
                0x080057c8       0xa8 build/tasks.o
 .text.prvDeleteTCB
                0x08005870       0x38 build/tasks.o
 .text.prvCheckTasksWaitingTermination
                0x080058a8       0x4c build/tasks.o
 .text.prvIdleTask
                0x080058f4       0x28 build/tasks.o
 .text.prvAddCurrentTaskToDelayedList
                0x0800591c       0x98 build/tasks.o
 .text.xTaskCreateStatic
                0x080059b4       0x74 build/tasks.o
                0x080059b4                xTaskCreateStatic
 .text.xTaskCreate
                0x08005a28       0x68 build/tasks.o
                0x08005a28                xTaskCreate
 .text.vTaskStartScheduler
                0x08005a90       0x74 build/tasks.o
                0x08005a90                vTaskStartScheduler
 .text.vTaskSuspendAll
                0x08005b04       0x10 build/tasks.o
                0x08005b04                vTaskSuspendAll
 .text.xTaskGetTickCount
                0x08005b14        0xc build/tasks.o
                0x08005b14                xTaskGetTickCount
 .text.xTaskIncrementTick
                0x08005b20      0x118 build/tasks.o
                0x08005b20                xTaskIncrementTick
 .text.xTaskResumeAll
                0x08005c38       0xf8 build/tasks.o
                0x08005c38                xTaskResumeAll
 .text.vTaskDelayUntil
                0x08005d30       0xa4 build/tasks.o
                0x08005d30                vTaskDelayUntil
 .text.vTaskSwitchContext
                0x08005dd4       0x98 build/tasks.o
                0x08005dd4                vTaskSwitchContext
 .text.prvHeapInit
                0x08005e6c       0x64 build/heap_4.o
 .text.prvInsertBlockIntoFreeList
                0x08005ed0       0x60 build/heap_4.o
 .text.pvPortMalloc
                0x08005f30       0xf0 build/heap_4.o
                0x08005f30                pvPortMalloc
 .text.vPortFree
                0x08006020       0x70 build/heap_4.o
                0x08006020                vPortFree
 .text.prvTaskExitError
                0x08006090       0x40 build/port.o
 .text.prvPortStartFirstTask
                0x080060d0       0x20 build/port.o
 .text.pxPortInitialiseStack
                0x080060f0       0x24 build/port.o
                0x080060f0                pxPortInitialiseStack
 *fill*         0x08006114        0xc 
 .text.SVC_Handler
                0x08006120       0x24 build/port.o
                0x08006120                SVC_Handler
 .text.vPortEnterCritical
                0x08006144       0x44 build/port.o
                0x08006144                vPortEnterCritical
 .text.vPortExitCritical
                0x08006188       0x2c build/port.o
                0x08006188                vPortExitCritical
 *fill*         0x080061b4        0xc 
 .text.PendSV_Handler
                0x080061c0       0x44 build/port.o
                0x080061c0                PendSV_Handler
 .text.SysTick_Handler
                0x08006204       0x2c build/port.o
                0x08006204                SysTick_Handler
 .text.vPortSetupTimerInterrupt
                0x08006230       0x28 build/port.o
                0x08006230                vPortSetupTimerInterrupt
 .text.xPortStartScheduler
                0x08006258       0xc0 build/port.o
                0x08006258                xPortStartScheduler
 .text.HAL_InitTick
                0x08006318       0x7c build/stm32f2xx_hal_timebase_tim.o
                0x08006318                HAL_InitTick
 .text.Reset_Handler
                0x08006394       0x50 build/startup_stm32f205xx.o
                0x08006394                Reset_Handler
 .text.Default_Handler
                0x080063e4        0x2 build/startup_stm32f205xx.o
                0x080063e4                RTC_Alarm_IRQHandler
                0x080063e4                HASH_RNG_IRQHandler
                0x080063e4                EXTI2_IRQHandler
                0x080063e4                TIM8_CC_IRQHandler
                0x080063e4                TIM1_CC_IRQHandler
                0x080063e4                DMA2_Stream5_IRQHandler
                0x080063e4                DMA1_Stream5_IRQHandler
                0x080063e4                PVD_IRQHandler
                0x080063e4                SDIO_IRQHandler
                0x080063e4                TAMP_STAMP_IRQHandler
                0x080063e4                CAN2_RX1_IRQHandler
                0x080063e4                EXTI3_IRQHandler
                0x080063e4                TIM8_TRG_COM_TIM14_IRQHandler
                0x080063e4                TIM1_UP_TIM10_IRQHandler
                0x080063e4                TIM8_UP_TIM13_IRQHandler
                0x080063e4                I2C3_ER_IRQHandler
                0x080063e4                EXTI0_IRQHandler
                0x080063e4                I2C2_EV_IRQHandler
                0x080063e4                DMA1_Stream2_IRQHandler
                0x080063e4                CAN1_RX0_IRQHandler
                0x080063e4                OTG_HS_WKUP_IRQHandler
                0x080063e4                CAN2_SCE_IRQHandler
                0x080063e4                DMA2_Stream2_IRQHandler
                0x080063e4                SPI1_IRQHandler
                0x080063e4                TIM6_DAC_IRQHandler
                0x080063e4                TIM1_BRK_TIM9_IRQHandler
                0x080063e4                CAN2_RX0_IRQHandler
                0x080063e4                USART6_IRQHandler
                0x080063e4                CAN1_RX1_IRQHandler
                0x080063e4                UART5_IRQHandler
                0x080063e4                DMA2_Stream0_IRQHandler
                0x080063e4                TIM4_IRQHandler
                0x080063e4                I2C1_EV_IRQHandler
                0x080063e4                DMA1_Stream6_IRQHandler
                0x080063e4                UART4_IRQHandler
                0x080063e4                TIM3_IRQHandler
                0x080063e4                RCC_IRQHandler
                0x080063e4                TIM8_BRK_TIM12_IRQHandler
                0x080063e4                Default_Handler
                0x080063e4                EXTI15_10_IRQHandler
                0x080063e4                ADC_IRQHandler
                0x080063e4                DMA1_Stream7_IRQHandler
                0x080063e4                TIM7_IRQHandler
                0x080063e4                CAN2_TX_IRQHandler
                0x080063e4                DMA2_Stream7_IRQHandler
                0x080063e4                I2C3_EV_IRQHandler
                0x080063e4                EXTI9_5_IRQHandler
                0x080063e4                RTC_WKUP_IRQHandler
                0x080063e4                SPI2_IRQHandler
                0x080063e4                OTG_HS_EP1_IN_IRQHandler
                0x080063e4                DMA1_Stream0_IRQHandler
                0x080063e4                CAN1_TX_IRQHandler
                0x080063e4                EXTI4_IRQHandler
                0x080063e4                FSMC_IRQHandler
                0x080063e4                OTG_HS_EP1_OUT_IRQHandler
                0x080063e4                WWDG_IRQHandler
                0x080063e4                TIM2_IRQHandler
                0x080063e4                OTG_FS_WKUP_IRQHandler
                0x080063e4                TIM1_TRG_COM_TIM11_IRQHandler
                0x080063e4                OTG_HS_IRQHandler
                0x080063e4                EXTI1_IRQHandler
                0x080063e4                USART2_IRQHandler
                0x080063e4                I2C2_ER_IRQHandler
                0x080063e4                DMA2_Stream1_IRQHandler
                0x080063e4                CAN1_SCE_IRQHandler
                0x080063e4                FLASH_IRQHandler
                0x080063e4                DMA2_Stream4_IRQHandler
                0x080063e4                USART1_IRQHandler
                0x080063e4                OTG_FS_IRQHandler
                0x080063e4                SPI3_IRQHandler
                0x080063e4                DMA1_Stream4_IRQHandler
                0x080063e4                I2C1_ER_IRQHandler
                0x080063e4                DMA2_Stream6_IRQHandler
 .text.atof     0x080063e6        0x6 c:/program files (x86)/gnu arm embedded toolchain/10 2021.10/bin/../lib/gcc/arm-none-eabi/10.3.1/../../../../arm-none-eabi/lib/thumb/v7-m/nofp\libc_nano.a(lib_a-atof.o)
                0x080063e6                atof
 .text.__libc_init_array
                0x080063ec       0x48 c:/program files (x86)/gnu arm embedded toolchain/10 2021.10/bin/../lib/gcc/arm-none-eabi/10.3.1/../../../../arm-none-eabi/lib/thumb/v7-m/nofp\libc_nano.a(lib_a-init.o)
                0x080063ec                __libc_init_array
 .text.malloc   0x08006434       0x10 c:/program files (x86)/gnu arm embedded toolchain/10 2021.10/bin/../lib/gcc/arm-none-eabi/10.3.1/../../../../arm-none-eabi/lib/thumb/v7-m/nofp\libc_nano.a(lib_a-malloc.o)
                0x08006434                malloc
 .text.free     0x08006444       0x10 c:/program files (x86)/gnu arm embedded toolchain/10 2021.10/bin/../lib/gcc/arm-none-eabi/10.3.1/../../../../arm-none-eabi/lib/thumb/v7-m/nofp\libc_nano.a(lib_a-malloc.o)
                0x08006444                free
 .text.memchr   0x08006454       0x1c c:/program files (x86)/gnu arm embedded toolchain/10 2021.10/bin/../lib/gcc/arm-none-eabi/10.3.1/../../../../arm-none-eabi/lib/thumb/v7-m/nofp\libc_nano.a(lib_a-memchr-stub.o)
                0x08006454                memchr
 .text.memcpy   0x08006470       0x1c c:/program files (x86)/gnu arm embedded toolchain/10 2021.10/bin/../lib/gcc/arm-none-eabi/10.3.1/../../../../arm-none-eabi/lib/thumb/v7-m/nofp\libc_nano.a(lib_a-memcpy-stub.o)
                0x08006470                memcpy
 .text.memmove  0x0800648c       0x34 c:/program files (x86)/gnu arm embedded toolchain/10 2021.10/bin/../lib/gcc/arm-none-eabi/10.3.1/../../../../arm-none-eabi/lib/thumb/v7-m/nofp\libc_nano.a(lib_a-memmove.o)
                0x0800648c                memmove
 .text.memset   0x080064c0       0x10 c:/program files (x86)/gnu arm embedded toolchain/10 2021.10/bin/../lib/gcc/arm-none-eabi/10.3.1/../../../../arm-none-eabi/lib/thumb/v7-m/nofp\libc_nano.a(lib_a-memset.o)
                0x080064c0                memset
 .text._free_r  0x080064d0       0x90 c:/program files (x86)/gnu arm embedded toolchain/10 2021.10/bin/../lib/gcc/arm-none-eabi/10.3.1/../../../../arm-none-eabi/lib/thumb/v7-m/nofp\libc_nano.a(lib_a-nano-freer.o)
                0x080064d0                _free_r
 .text.sbrk_aligned
                0x08006560       0x40 c:/program files (x86)/gnu arm embedded toolchain/10 2021.10/bin/../lib/gcc/arm-none-eabi/10.3.1/../../../../arm-none-eabi/lib/thumb/v7-m/nofp\libc_nano.a(lib_a-nano-mallocr.o)
 .text._malloc_r
                0x080065a0       0xe8 c:/program files (x86)/gnu arm embedded toolchain/10 2021.10/bin/../lib/gcc/arm-none-eabi/10.3.1/../../../../arm-none-eabi/lib/thumb/v7-m/nofp\libc_nano.a(lib_a-nano-mallocr.o)
                0x080065a0                _malloc_r
 .text.__cvt    0x08006688       0xbe c:/program files (x86)/gnu arm embedded toolchain/10 2021.10/bin/../lib/gcc/arm-none-eabi/10.3.1/../../../../arm-none-eabi/lib/thumb/v7-m/nofp\libc_nano.a(lib_a-nano-vfprintf_float.o)
                0x08006688                __cvt
 .text.__exponent
                0x08006746       0x7c c:/program files (x86)/gnu arm embedded toolchain/10 2021.10/bin/../lib/gcc/arm-none-eabi/10.3.1/../../../../arm-none-eabi/lib/thumb/v7-m/nofp\libc_nano.a(lib_a-nano-vfprintf_float.o)
                0x08006746                __exponent
 *fill*         0x080067c2        0x2 
 .text._printf_float
                0x080067c4      0x458 c:/program files (x86)/gnu arm embedded toolchain/10 2021.10/bin/../lib/gcc/arm-none-eabi/10.3.1/../../../../arm-none-eabi/lib/thumb/v7-m/nofp\libc_nano.a(lib_a-nano-vfprintf_float.o)
                0x080067c4                _printf_float
 .text._printf_common
                0x08006c1c       0xde c:/program files (x86)/gnu arm embedded toolchain/10 2021.10/bin/../lib/gcc/arm-none-eabi/10.3.1/../../../../arm-none-eabi/lib/thumb/v7-m/nofp\libc_nano.a(lib_a-nano-vfprintf_i.o)
                0x08006c1c                _printf_common
 *fill*         0x08006cfa        0x2 
 .text._printf_i
                0x08006cfc      0x24c c:/program files (x86)/gnu arm embedded toolchain/10 2021.10/bin/../lib/gcc/arm-none-eabi/10.3.1/../../../../arm-none-eabi/lib/thumb/v7-m/nofp\libc_nano.a(lib_a-nano-vfprintf_i.o)
                0x08006cfc                _printf_i
 .text._puts_r  0x08006f48       0xdc c:/program files (x86)/gnu arm embedded toolchain/10 2021.10/bin/../lib/gcc/arm-none-eabi/10.3.1/../../../../arm-none-eabi/lib/thumb/v7-m/nofp\libc_nano.a(lib_a-puts.o)
                0x08006f48                _puts_r
 .text.puts     0x08007024       0x10 c:/program files (x86)/gnu arm embedded toolchain/10 2021.10/bin/../lib/gcc/arm-none-eabi/10.3.1/../../../../arm-none-eabi/lib/thumb/v7-m/nofp\libc_nano.a(lib_a-puts.o)
                0x08007024                puts
 .text._sbrk_r  0x08007034       0x20 c:/program files (x86)/gnu arm embedded toolchain/10 2021.10/bin/../lib/gcc/arm-none-eabi/10.3.1/../../../../arm-none-eabi/lib/thumb/v7-m/nofp\libc_nano.a(lib_a-sbrkr.o)
                0x08007034                _sbrk_r
 .text.sprintf  0x08007054       0x40 c:/program files (x86)/gnu arm embedded toolchain/10 2021.10/bin/../lib/gcc/arm-none-eabi/10.3.1/../../../../arm-none-eabi/lib/thumb/v7-m/nofp\libc_nano.a(lib_a-sprintf.o)
                0x08007054                siprintf
                0x08007054                sprintf
 .text.strcat   0x08007094       0x1e c:/program files (x86)/gnu arm embedded toolchain/10 2021.10/bin/../lib/gcc/arm-none-eabi/10.3.1/../../../../arm-none-eabi/lib/thumb/v7-m/nofp\libc_nano.a(lib_a-strcat.o)
                0x08007094                strcat
 .text.strcpy   0x080070b2       0x10 c:/program files (x86)/gnu arm embedded toolchain/10 2021.10/bin/../lib/gcc/arm-none-eabi/10.3.1/../../../../arm-none-eabi/lib/thumb/v7-m/nofp\libc_nano.a(lib_a-strcpy.o)
                0x080070b2                strcpy
 .text.sulp     0x080070c2       0x42 c:/program files (x86)/gnu arm embedded toolchain/10 2021.10/bin/../lib/gcc/arm-none-eabi/10.3.1/../../../../arm-none-eabi/lib/thumb/v7-m/nofp\libc_nano.a(lib_a-strtod.o)
 *fill*         0x08007104        0x4 
 .text._strtod_l
                0x08007108      0xbd0 c:/program files (x86)/gnu arm embedded toolchain/10 2021.10/bin/../lib/gcc/arm-none-eabi/10.3.1/../../../../arm-none-eabi/lib/thumb/v7-m/nofp\libc_nano.a(lib_a-strtod.o)
                0x08007108                _strtod_l
 .text.strtod   0x08007cd8       0x18 c:/program files (x86)/gnu arm embedded toolchain/10 2021.10/bin/../lib/gcc/arm-none-eabi/10.3.1/../../../../arm-none-eabi/lib/thumb/v7-m/nofp\libc_nano.a(lib_a-strtod.o)
                0x08007cd8                strtod
 .text.strtok   0x08007cf0       0x68 c:/program files (x86)/gnu arm embedded toolchain/10 2021.10/bin/../lib/gcc/arm-none-eabi/10.3.1/../../../../arm-none-eabi/lib/thumb/v7-m/nofp\libc_nano.a(lib_a-strtok.o)
                0x08007cf0                strtok
 .text.__strtok_r
                0x08007d58       0x50 c:/program files (x86)/gnu arm embedded toolchain/10 2021.10/bin/../lib/gcc/arm-none-eabi/10.3.1/../../../../arm-none-eabi/lib/thumb/v7-m/nofp\libc_nano.a(lib_a-strtok_r.o)
                0x08007d58                __strtok_r
 .text.__swbuf_r
                0x08007da8       0xa4 c:/program files (x86)/gnu arm embedded toolchain/10 2021.10/bin/../lib/gcc/arm-none-eabi/10.3.1/../../../../arm-none-eabi/lib/thumb/v7-m/nofp\libc_nano.a(lib_a-wbuf.o)
                0x08007da8                __swbuf_r
 .text.__swsetup_r
                0x08007e4c       0xdc c:/program files (x86)/gnu arm embedded toolchain/10 2021.10/bin/../lib/gcc/arm-none-eabi/10.3.1/../../../../arm-none-eabi/lib/thumb/v7-m/nofp\libc_nano.a(lib_a-wsetup.o)
                0x08007e4c                __swsetup_r
 .text.__assert_func
                0x08007f28       0x3c c:/program files (x86)/gnu arm embedded toolchain/10 2021.10/bin/../lib/gcc/arm-none-eabi/10.3.1/../../../../arm-none-eabi/lib/thumb/v7-m/nofp\libc_nano.a(lib_a-assert.o)
                0x08007f28                __assert_func
 .text.quorem   0x08007f64      0x118 c:/program files (x86)/gnu arm embedded toolchain/10 2021.10/bin/../lib/gcc/arm-none-eabi/10.3.1/../../../../arm-none-eabi/lib/thumb/v7-m/nofp\libc_nano.a(lib_a-dtoa.o)
 *fill*         0x0800807c        0x4 
 .text._dtoa_r  0x08008080      0xbdc c:/program files (x86)/gnu arm embedded toolchain/10 2021.10/bin/../lib/gcc/arm-none-eabi/10.3.1/../../../../arm-none-eabi/lib/thumb/v7-m/nofp\libc_nano.a(lib_a-dtoa.o)
                0x08008080                _dtoa_r
 .text.__sflush_r
                0x08008c5c      0x104 c:/program files (x86)/gnu arm embedded toolchain/10 2021.10/bin/../lib/gcc/arm-none-eabi/10.3.1/../../../../arm-none-eabi/lib/thumb/v7-m/nofp\libc_nano.a(lib_a-fflush.o)
                0x08008c5c                __sflush_r
 .text._fflush_r
                0x08008d60       0x78 c:/program files (x86)/gnu arm embedded toolchain/10 2021.10/bin/../lib/gcc/arm-none-eabi/10.3.1/../../../../arm-none-eabi/lib/thumb/v7-m/nofp\libc_nano.a(lib_a-fflush.o)
                0x08008d60                _fflush_r
 .text.std      0x08008dd8       0x48 c:/program files (x86)/gnu arm embedded toolchain/10 2021.10/bin/../lib/gcc/arm-none-eabi/10.3.1/../../../../arm-none-eabi/lib/thumb/v7-m/nofp\libc_nano.a(lib_a-findfp.o)
 .text._cleanup_r
                0x08008e20        0xc c:/program files (x86)/gnu arm embedded toolchain/10 2021.10/bin/../lib/gcc/arm-none-eabi/10.3.1/../../../../arm-none-eabi/lib/thumb/v7-m/nofp\libc_nano.a(lib_a-findfp.o)
                0x08008e20                _cleanup_r
 .text.__sfmoreglue
                0x08008e2c       0x2c c:/program files (x86)/gnu arm embedded toolchain/10 2021.10/bin/../lib/gcc/arm-none-eabi/10.3.1/../../../../arm-none-eabi/lib/thumb/v7-m/nofp\libc_nano.a(lib_a-findfp.o)
                0x08008e2c                __sfmoreglue
 .text.__sfp_lock_acquire
                0x08008e58        0xc c:/program files (x86)/gnu arm embedded toolchain/10 2021.10/bin/../lib/gcc/arm-none-eabi/10.3.1/../../../../arm-none-eabi/lib/thumb/v7-m/nofp\libc_nano.a(lib_a-findfp.o)
                0x08008e58                __sfp_lock_acquire
 .text.__sfp_lock_release
                0x08008e64        0xc c:/program files (x86)/gnu arm embedded toolchain/10 2021.10/bin/../lib/gcc/arm-none-eabi/10.3.1/../../../../arm-none-eabi/lib/thumb/v7-m/nofp\libc_nano.a(lib_a-findfp.o)
                0x08008e64                __sfp_lock_release
 .text.__sinit_lock_acquire
                0x08008e70        0xc c:/program files (x86)/gnu arm embedded toolchain/10 2021.10/bin/../lib/gcc/arm-none-eabi/10.3.1/../../../../arm-none-eabi/lib/thumb/v7-m/nofp\libc_nano.a(lib_a-findfp.o)
                0x08008e70                __sinit_lock_acquire
 .text.__sinit_lock_release
                0x08008e7c        0xc c:/program files (x86)/gnu arm embedded toolchain/10 2021.10/bin/../lib/gcc/arm-none-eabi/10.3.1/../../../../arm-none-eabi/lib/thumb/v7-m/nofp\libc_nano.a(lib_a-findfp.o)
                0x08008e7c                __sinit_lock_release
 .text.__sinit  0x08008e88       0x70 c:/program files (x86)/gnu arm embedded toolchain/10 2021.10/bin/../lib/gcc/arm-none-eabi/10.3.1/../../../../arm-none-eabi/lib/thumb/v7-m/nofp\libc_nano.a(lib_a-findfp.o)
                0x08008e88                __sinit
 .text.__sfp    0x08008ef8       0x8c c:/program files (x86)/gnu arm embedded toolchain/10 2021.10/bin/../lib/gcc/arm-none-eabi/10.3.1/../../../../arm-none-eabi/lib/thumb/v7-m/nofp\libc_nano.a(lib_a-findfp.o)
                0x08008ef8                __sfp
 .text.fprintf  0x08008f84       0x24 c:/program files (x86)/gnu arm embedded toolchain/10 2021.10/bin/../lib/gcc/arm-none-eabi/10.3.1/../../../../arm-none-eabi/lib/thumb/v7-m/nofp\libc_nano.a(lib_a-fprintf.o)
                0x08008f84                fiprintf
                0x08008f84                fprintf
 .text._fwalk_reent
                0x08008fa8       0x3e c:/program files (x86)/gnu arm embedded toolchain/10 2021.10/bin/../lib/gcc/arm-none-eabi/10.3.1/../../../../arm-none-eabi/lib/thumb/v7-m/nofp\libc_nano.a(lib_a-fwalk.o)
                0x08008fa8                _fwalk_reent
 .text.rshift   0x08008fe6       0xa6 c:/program files (x86)/gnu arm embedded toolchain/10 2021.10/bin/../lib/gcc/arm-none-eabi/10.3.1/../../../../arm-none-eabi/lib/thumb/v7-m/nofp\libc_nano.a(lib_a-gdtoa-gethex.o)
 .text.__hexdig_fun
                0x0800908c       0x2a c:/program files (x86)/gnu arm embedded toolchain/10 2021.10/bin/../lib/gcc/arm-none-eabi/10.3.1/../../../../arm-none-eabi/lib/thumb/v7-m/nofp\libc_nano.a(lib_a-gdtoa-gethex.o)
                0x0800908c                __hexdig_fun
 *fill*         0x080090b6        0x2 
 .text.__gethex
                0x080090b8      0x478 c:/program files (x86)/gnu arm embedded toolchain/10 2021.10/bin/../lib/gcc/arm-none-eabi/10.3.1/../../../../arm-none-eabi/lib/thumb/v7-m/nofp\libc_nano.a(lib_a-gdtoa-gethex.o)
                0x080090b8                __gethex
 .text.L_shift  0x08009530       0x24 c:/program files (x86)/gnu arm embedded toolchain/10 2021.10/bin/../lib/gcc/arm-none-eabi/10.3.1/../../../../arm-none-eabi/lib/thumb/v7-m/nofp\libc_nano.a(lib_a-gdtoa-hexnan.o)
 .text.__match  0x08009554       0x28 c:/program files (x86)/gnu arm embedded toolchain/10 2021.10/bin/../lib/gcc/arm-none-eabi/10.3.1/../../../../arm-none-eabi/lib/thumb/v7-m/nofp\libc_nano.a(lib_a-gdtoa-hexnan.o)
                0x08009554                __match
 .text.__hexnan
                0x0800957c      0x138 c:/program files (x86)/gnu arm embedded toolchain/10 2021.10/bin/../lib/gcc/arm-none-eabi/10.3.1/../../../../arm-none-eabi/lib/thumb/v7-m/nofp\libc_nano.a(lib_a-gdtoa-hexnan.o)
                0x0800957c                __hexnan
 .text._localeconv_r
                0x080096b4        0x8 c:/program files (x86)/gnu arm embedded toolchain/10 2021.10/bin/../lib/gcc/arm-none-eabi/10.3.1/../../../../arm-none-eabi/lib/thumb/v7-m/nofp\libc_nano.a(lib_a-localeconv.o)
                0x080096b4                _localeconv_r
 .text.__retarget_lock_init_recursive
                0x080096bc        0x2 c:/program files (x86)/gnu arm embedded toolchain/10 2021.10/bin/../lib/gcc/arm-none-eabi/10.3.1/../../../../arm-none-eabi/lib/thumb/v7-m/nofp\libc_nano.a(lib_a-lock.o)
                0x080096bc                __retarget_lock_init_recursive
 .text.__retarget_lock_acquire_recursive
                0x080096be        0x2 c:/program files (x86)/gnu arm embedded toolchain/10 2021.10/bin/../lib/gcc/arm-none-eabi/10.3.1/../../../../arm-none-eabi/lib/thumb/v7-m/nofp\libc_nano.a(lib_a-lock.o)
                0x080096be                __retarget_lock_acquire_recursive
 .text.__retarget_lock_release_recursive
                0x080096c0        0x2 c:/program files (x86)/gnu arm embedded toolchain/10 2021.10/bin/../lib/gcc/arm-none-eabi/10.3.1/../../../../arm-none-eabi/lib/thumb/v7-m/nofp\libc_nano.a(lib_a-lock.o)
                0x080096c0                __retarget_lock_release_recursive
 .text.__swhatbuf_r
                0x080096c2       0x4a c:/program files (x86)/gnu arm embedded toolchain/10 2021.10/bin/../lib/gcc/arm-none-eabi/10.3.1/../../../../arm-none-eabi/lib/thumb/v7-m/nofp\libc_nano.a(lib_a-makebuf.o)
                0x080096c2                __swhatbuf_r
 .text.__smakebuf_r
                0x0800970c       0x80 c:/program files (x86)/gnu arm embedded toolchain/10 2021.10/bin/../lib/gcc/arm-none-eabi/10.3.1/../../../../arm-none-eabi/lib/thumb/v7-m/nofp\libc_nano.a(lib_a-makebuf.o)
                0x0800970c                __smakebuf_r
 .text.__ascii_mbtowc
                0x0800978c       0x24 c:/program files (x86)/gnu arm embedded toolchain/10 2021.10/bin/../lib/gcc/arm-none-eabi/10.3.1/../../../../arm-none-eabi/lib/thumb/v7-m/nofp\libc_nano.a(lib_a-mbtowc_r.o)
                0x0800978c                __ascii_mbtowc
 .text.__malloc_lock
                0x080097b0        0xc c:/program files (x86)/gnu arm embedded toolchain/10 2021.10/bin/../lib/gcc/arm-none-eabi/10.3.1/../../../../arm-none-eabi/lib/thumb/v7-m/nofp\libc_nano.a(lib_a-mlock.o)
                0x080097b0                __malloc_lock
 .text.__malloc_unlock
                0x080097bc        0xc c:/program files (x86)/gnu arm embedded toolchain/10 2021.10/bin/../lib/gcc/arm-none-eabi/10.3.1/../../../../arm-none-eabi/lib/thumb/v7-m/nofp\libc_nano.a(lib_a-mlock.o)
                0x080097bc                __malloc_unlock
 .text._Balloc  0x080097c8       0x80 c:/program files (x86)/gnu arm embedded toolchain/10 2021.10/bin/../lib/gcc/arm-none-eabi/10.3.1/../../../../arm-none-eabi/lib/thumb/v7-m/nofp\libc_nano.a(lib_a-mprec.o)
                0x080097c8                _Balloc
 .text._Bfree   0x08009848       0x44 c:/program files (x86)/gnu arm embedded toolchain/10 2021.10/bin/../lib/gcc/arm-none-eabi/10.3.1/../../../../arm-none-eabi/lib/thumb/v7-m/nofp\libc_nano.a(lib_a-mprec.o)
                0x08009848                _Bfree
 .text.__multadd
                0x0800988c       0x8c c:/program files (x86)/gnu arm embedded toolchain/10 2021.10/bin/../lib/gcc/arm-none-eabi/10.3.1/../../../../arm-none-eabi/lib/thumb/v7-m/nofp\libc_nano.a(lib_a-mprec.o)
                0x0800988c                __multadd
 .text.__s2b    0x08009918       0x94 c:/program files (x86)/gnu arm embedded toolchain/10 2021.10/bin/../lib/gcc/arm-none-eabi/10.3.1/../../../../arm-none-eabi/lib/thumb/v7-m/nofp\libc_nano.a(lib_a-mprec.o)
                0x08009918                __s2b
 .text.__hi0bits
                0x080099ac       0x40 c:/program files (x86)/gnu arm embedded toolchain/10 2021.10/bin/../lib/gcc/arm-none-eabi/10.3.1/../../../../arm-none-eabi/lib/thumb/v7-m/nofp\libc_nano.a(lib_a-mprec.o)
                0x080099ac                __hi0bits
 .text.__lo0bits
                0x080099ec       0x5a c:/program files (x86)/gnu arm embedded toolchain/10 2021.10/bin/../lib/gcc/arm-none-eabi/10.3.1/../../../../arm-none-eabi/lib/thumb/v7-m/nofp\libc_nano.a(lib_a-mprec.o)
                0x080099ec                __lo0bits
 *fill*         0x08009a46        0x2 
 .text.__i2b    0x08009a48       0x2c c:/program files (x86)/gnu arm embedded toolchain/10 2021.10/bin/../lib/gcc/arm-none-eabi/10.3.1/../../../../arm-none-eabi/lib/thumb/v7-m/nofp\libc_nano.a(lib_a-mprec.o)
                0x08009a48                __i2b
 .text.__multiply
                0x08009a74      0x150 c:/program files (x86)/gnu arm embedded toolchain/10 2021.10/bin/../lib/gcc/arm-none-eabi/10.3.1/../../../../arm-none-eabi/lib/thumb/v7-m/nofp\libc_nano.a(lib_a-mprec.o)
                0x08009a74                __multiply
 .text.__pow5mult
                0x08009bc4       0xb4 c:/program files (x86)/gnu arm embedded toolchain/10 2021.10/bin/../lib/gcc/arm-none-eabi/10.3.1/../../../../arm-none-eabi/lib/thumb/v7-m/nofp\libc_nano.a(lib_a-mprec.o)
                0x08009bc4                __pow5mult
 .text.__lshift
                0x08009c78       0xe0 c:/program files (x86)/gnu arm embedded toolchain/10 2021.10/bin/../lib/gcc/arm-none-eabi/10.3.1/../../../../arm-none-eabi/lib/thumb/v7-m/nofp\libc_nano.a(lib_a-mprec.o)
                0x08009c78                __lshift
 .text.__mcmp   0x08009d58       0x36 c:/program files (x86)/gnu arm embedded toolchain/10 2021.10/bin/../lib/gcc/arm-none-eabi/10.3.1/../../../../arm-none-eabi/lib/thumb/v7-m/nofp\libc_nano.a(lib_a-mprec.o)
                0x08009d58                __mcmp
 *fill*         0x08009d8e        0x2 
 .text.__mdiff  0x08009d90      0x118 c:/program files (x86)/gnu arm embedded toolchain/10 2021.10/bin/../lib/gcc/arm-none-eabi/10.3.1/../../../../arm-none-eabi/lib/thumb/v7-m/nofp\libc_nano.a(lib_a-mprec.o)
                0x08009d90                __mdiff
 .text.__ulp    0x08009ea8       0x4c c:/program files (x86)/gnu arm embedded toolchain/10 2021.10/bin/../lib/gcc/arm-none-eabi/10.3.1/../../../../arm-none-eabi/lib/thumb/v7-m/nofp\libc_nano.a(lib_a-mprec.o)
                0x08009ea8                __ulp
 .text.__b2d    0x08009ef4       0xa8 c:/program files (x86)/gnu arm embedded toolchain/10 2021.10/bin/../lib/gcc/arm-none-eabi/10.3.1/../../../../arm-none-eabi/lib/thumb/v7-m/nofp\libc_nano.a(lib_a-mprec.o)
                0x08009ef4                __b2d
 .text.__d2b    0x08009f9c       0xb8 c:/program files (x86)/gnu arm embedded toolchain/10 2021.10/bin/../lib/gcc/arm-none-eabi/10.3.1/../../../../arm-none-eabi/lib/thumb/v7-m/nofp\libc_nano.a(lib_a-mprec.o)
                0x08009f9c                __d2b
 .text.__ratio  0x0800a054       0x5c c:/program files (x86)/gnu arm embedded toolchain/10 2021.10/bin/../lib/gcc/arm-none-eabi/10.3.1/../../../../arm-none-eabi/lib/thumb/v7-m/nofp\libc_nano.a(lib_a-mprec.o)
                0x0800a054                __ratio
 .text.__copybits
                0x0800a0b0       0x46 c:/program files (x86)/gnu arm embedded toolchain/10 2021.10/bin/../lib/gcc/arm-none-eabi/10.3.1/../../../../arm-none-eabi/lib/thumb/v7-m/nofp\libc_nano.a(lib_a-mprec.o)
                0x0800a0b0                __copybits
 .text.__any_on
                0x0800a0f6       0x42 c:/program files (x86)/gnu arm embedded toolchain/10 2021.10/bin/../lib/gcc/arm-none-eabi/10.3.1/../../../../arm-none-eabi/lib/thumb/v7-m/nofp\libc_nano.a(lib_a-mprec.o)
                0x0800a0f6                __any_on
 .text._calloc_r
                0x0800a138       0x28 c:/program files (x86)/gnu arm embedded toolchain/10 2021.10/bin/../lib/gcc/arm-none-eabi/10.3.1/../../../../arm-none-eabi/lib/thumb/v7-m/nofp\libc_nano.a(lib_a-nano-callocr.o)
                0x0800a138                _calloc_r
 .text.__ssputs_r
                0x0800a160       0xb6 c:/program files (x86)/gnu arm embedded toolchain/10 2021.10/bin/../lib/gcc/arm-none-eabi/10.3.1/../../../../arm-none-eabi/lib/thumb/v7-m/nofp\libc_nano.a(lib_a-nano-svfprintf.o)
                0x0800a160                __ssputs_r
 *fill*         0x0800a216        0x2 
 .text._svfprintf_r
                0x0800a218      0x200 c:/program files (x86)/gnu arm embedded toolchain/10 2021.10/bin/../lib/gcc/arm-none-eabi/10.3.1/../../../../arm-none-eabi/lib/thumb/v7-m/nofp\libc_nano.a(lib_a-nano-svfprintf.o)
                0x0800a218                _svfiprintf_r
                0x0800a218                _svfprintf_r
 .text.__sfputc_r
                0x0800a418       0x2a c:/program files (x86)/gnu arm embedded toolchain/10 2021.10/bin/../lib/gcc/arm-none-eabi/10.3.1/../../../../arm-none-eabi/lib/thumb/v7-m/nofp\libc_nano.a(lib_a-nano-vfprintf.o)
 .text.__sfputs_r
                0x0800a442       0x24 c:/program files (x86)/gnu arm embedded toolchain/10 2021.10/bin/../lib/gcc/arm-none-eabi/10.3.1/../../../../arm-none-eabi/lib/thumb/v7-m/nofp\libc_nano.a(lib_a-nano-vfprintf.o)
                0x0800a442                __sfputs_r
 *fill*         0x0800a466        0x2 
 .text._vfprintf_r
                0x0800a468      0x260 c:/program files (x86)/gnu arm embedded toolchain/10 2021.10/bin/../lib/gcc/arm-none-eabi/10.3.1/../../../../arm-none-eabi/lib/thumb/v7-m/nofp\libc_nano.a(lib_a-nano-vfprintf.o)
                0x0800a468                _vfprintf_r
                0x0800a468                _vfiprintf_r
 .text.nan      0x0800a6c8        0xc c:/program files (x86)/gnu arm embedded toolchain/10 2021.10/bin/../lib/gcc/arm-none-eabi/10.3.1/../../../../arm-none-eabi/lib/thumb/v7-m/nofp\libc_nano.a(lib_a-s_nan.o)
                0x0800a6c8                nan
 .text.__sread  0x0800a6d4       0x22 c:/program files (x86)/gnu arm embedded toolchain/10 2021.10/bin/../lib/gcc/arm-none-eabi/10.3.1/../../../../arm-none-eabi/lib/thumb/v7-m/nofp\libc_nano.a(lib_a-stdio.o)
                0x0800a6d4                __sread
 .text.__swrite
                0x0800a6f6       0x38 c:/program files (x86)/gnu arm embedded toolchain/10 2021.10/bin/../lib/gcc/arm-none-eabi/10.3.1/../../../../arm-none-eabi/lib/thumb/v7-m/nofp\libc_nano.a(lib_a-stdio.o)
                0x0800a6f6                __swrite
 .text.__sseek  0x0800a72e       0x24 c:/program files (x86)/gnu arm embedded toolchain/10 2021.10/bin/../lib/gcc/arm-none-eabi/10.3.1/../../../../arm-none-eabi/lib/thumb/v7-m/nofp\libc_nano.a(lib_a-stdio.o)
                0x0800a72e                __sseek
 .text.__sclose
                0x0800a752        0x8 c:/program files (x86)/gnu arm embedded toolchain/10 2021.10/bin/../lib/gcc/arm-none-eabi/10.3.1/../../../../arm-none-eabi/lib/thumb/v7-m/nofp\libc_nano.a(lib_a-stdio.o)
                0x0800a752                __sclose
 .text.strncmp  0x0800a75a       0x28 c:/program files (x86)/gnu arm embedded toolchain/10 2021.10/bin/../lib/gcc/arm-none-eabi/10.3.1/../../../../arm-none-eabi/lib/thumb/v7-m/nofp\libc_nano.a(lib_a-strncmp.o)
                0x0800a75a                strncmp
 .text.__ascii_wctomb
                0x0800a782       0x1a c:/program files (x86)/gnu arm embedded toolchain/10 2021.10/bin/../lib/gcc/arm-none-eabi/10.3.1/../../../../arm-none-eabi/lib/thumb/v7-m/nofp\libc_nano.a(lib_a-wctomb_r.o)
                0x0800a782                __ascii_wctomb
 .text._write_r
                0x0800a79c       0x24 c:/program files (x86)/gnu arm embedded toolchain/10 2021.10/bin/../lib/gcc/arm-none-eabi/10.3.1/../../../../arm-none-eabi/lib/thumb/v7-m/nofp\libc_nano.a(lib_a-writer.o)
                0x0800a79c                _write_r
 .text.abort    0x0800a7c0        0xe c:/program files (x86)/gnu arm embedded toolchain/10 2021.10/bin/../lib/gcc/arm-none-eabi/10.3.1/../../../../arm-none-eabi/lib/thumb/v7-m/nofp\libc_nano.a(lib_a-abort.o)
                0x0800a7c0                abort
 *fill*         0x0800a7ce        0x2 
 .text._close_r
                0x0800a7d0       0x20 c:/program files (x86)/gnu arm embedded toolchain/10 2021.10/bin/../lib/gcc/arm-none-eabi/10.3.1/../../../../arm-none-eabi/lib/thumb/v7-m/nofp\libc_nano.a(lib_a-closer.o)
                0x0800a7d0                _close_r
 .text._fstat_r
                0x0800a7f0       0x24 c:/program files (x86)/gnu arm embedded toolchain/10 2021.10/bin/../lib/gcc/arm-none-eabi/10.3.1/../../../../arm-none-eabi/lib/thumb/v7-m/nofp\libc_nano.a(lib_a-fstatr.o)
                0x0800a7f0                _fstat_r
 .text._isatty_r
                0x0800a814       0x20 c:/program files (x86)/gnu arm embedded toolchain/10 2021.10/bin/../lib/gcc/arm-none-eabi/10.3.1/../../../../arm-none-eabi/lib/thumb/v7-m/nofp\libc_nano.a(lib_a-isattyr.o)
                0x0800a814                _isatty_r
 .text._lseek_r
                0x0800a834       0x24 c:/program files (x86)/gnu arm embedded toolchain/10 2021.10/bin/../lib/gcc/arm-none-eabi/10.3.1/../../../../arm-none-eabi/lib/thumb/v7-m/nofp\libc_nano.a(lib_a-lseekr.o)
                0x0800a834                _lseek_r
 .text._realloc_r
                0x0800a858       0x5e c:/program files (x86)/gnu arm embedded toolchain/10 2021.10/bin/../lib/gcc/arm-none-eabi/10.3.1/../../../../arm-none-eabi/lib/thumb/v7-m/nofp\libc_nano.a(lib_a-nano-reallocr.o)
                0x0800a858                _realloc_r
 *fill*         0x0800a8b6        0x2 
 .text._read_r  0x0800a8b8       0x24 c:/program files (x86)/gnu arm embedded toolchain/10 2021.10/bin/../lib/gcc/arm-none-eabi/10.3.1/../../../../arm-none-eabi/lib/thumb/v7-m/nofp\libc_nano.a(lib_a-readr.o)
                0x0800a8b8                _read_r
 .text._raise_r
                0x0800a8dc       0x50 c:/program files (x86)/gnu arm embedded toolchain/10 2021.10/bin/../lib/gcc/arm-none-eabi/10.3.1/../../../../arm-none-eabi/lib/thumb/v7-m/nofp\libc_nano.a(lib_a-signal.o)
                0x0800a8dc                _raise_r
 .text.raise    0x0800a92c       0x10 c:/program files (x86)/gnu arm embedded toolchain/10 2021.10/bin/../lib/gcc/arm-none-eabi/10.3.1/../../../../arm-none-eabi/lib/thumb/v7-m/nofp\libc_nano.a(lib_a-signal.o)
                0x0800a92c                raise
 .text._kill_r  0x0800a93c       0x24 c:/program files (x86)/gnu arm embedded toolchain/10 2021.10/bin/../lib/gcc/arm-none-eabi/10.3.1/../../../../arm-none-eabi/lib/thumb/v7-m/nofp\libc_nano.a(lib_a-signalr.o)
                0x0800a93c                _kill_r
 .text._getpid_r
                0x0800a960        0x4 c:/program files (x86)/gnu arm embedded toolchain/10 2021.10/bin/../lib/gcc/arm-none-eabi/10.3.1/../../../../arm-none-eabi/lib/thumb/v7-m/nofp\libc_nano.a(lib_a-signalr.o)
                0x0800a960                _getpid_r
 .text._malloc_usable_size_r
                0x0800a964       0x10 c:/program files (x86)/gnu arm embedded toolchain/10 2021.10/bin/../lib/gcc/arm-none-eabi/10.3.1/../../../../arm-none-eabi/lib/thumb/v7-m/nofp\libc_nano.a(lib_a-nano-msizer.o)
                0x0800a964                _malloc_usable_size_r
 .text._close   0x0800a974       0x10 c:/program files (x86)/gnu arm embedded toolchain/10 2021.10/bin/../lib/gcc/arm-none-eabi/10.3.1/../../../../arm-none-eabi/lib/thumb/v7-m/nofp\libnosys.a(close.o)
                0x0800a974                _close
 .text._fstat   0x0800a984       0x10 c:/program files (x86)/gnu arm embedded toolchain/10 2021.10/bin/../lib/gcc/arm-none-eabi/10.3.1/../../../../arm-none-eabi/lib/thumb/v7-m/nofp\libnosys.a(fstat.o)
                0x0800a984                _fstat
 .text._getpid  0x0800a994       0x10 c:/program files (x86)/gnu arm embedded toolchain/10 2021.10/bin/../lib/gcc/arm-none-eabi/10.3.1/../../../../arm-none-eabi/lib/thumb/v7-m/nofp\libnosys.a(getpid.o)
                0x0800a994                _getpid
 .text._isatty  0x0800a9a4       0x10 c:/program files (x86)/gnu arm embedded toolchain/10 2021.10/bin/../lib/gcc/arm-none-eabi/10.3.1/../../../../arm-none-eabi/lib/thumb/v7-m/nofp\libnosys.a(isatty.o)
                0x0800a9a4                _isatty
 .text._kill    0x0800a9b4       0x10 c:/program files (x86)/gnu arm embedded toolchain/10 2021.10/bin/../lib/gcc/arm-none-eabi/10.3.1/../../../../arm-none-eabi/lib/thumb/v7-m/nofp\libnosys.a(kill.o)
                0x0800a9b4                _kill
 .text._lseek   0x0800a9c4       0x10 c:/program files (x86)/gnu arm embedded toolchain/10 2021.10/bin/../lib/gcc/arm-none-eabi/10.3.1/../../../../arm-none-eabi/lib/thumb/v7-m/nofp\libnosys.a(lseek.o)
                0x0800a9c4                _lseek
 .text._read    0x0800a9d4       0x10 c:/program files (x86)/gnu arm embedded toolchain/10 2021.10/bin/../lib/gcc/arm-none-eabi/10.3.1/../../../../arm-none-eabi/lib/thumb/v7-m/nofp\libnosys.a(read.o)
                0x0800a9d4                _read
 .text._sbrk    0x0800a9e4       0x1c c:/program files (x86)/gnu arm embedded toolchain/10 2021.10/bin/../lib/gcc/arm-none-eabi/10.3.1/../../../../arm-none-eabi/lib/thumb/v7-m/nofp\libnosys.a(sbrk.o)
                0x0800a9e4                _sbrk
 .text._exit    0x0800aa00        0x4 c:/program files (x86)/gnu arm embedded toolchain/10 2021.10/bin/../lib/gcc/arm-none-eabi/10.3.1/../../../../arm-none-eabi/lib/thumb/v7-m/nofp\libnosys.a(_exit.o)
                0x0800aa00                _exit
 *(.glue_7)
 .glue_7        0x0800aa04        0x0 linker stubs
 *(.glue_7t)
 .glue_7t       0x0800aa04        0x0 linker stubs
 *(.eh_frame)
 .eh_frame      0x0800aa04        0x0 c:/program files (x86)/gnu arm embedded toolchain/10 2021.10/bin/../lib/gcc/arm-none-eabi/10.3.1/thumb/v7-m/nofp/crtbegin.o
 *(.init)
 .init          0x0800aa04        0x4 c:/program files (x86)/gnu arm embedded toolchain/10 2021.10/bin/../lib/gcc/arm-none-eabi/10.3.1/thumb/v7-m/nofp/crti.o
                0x0800aa04                _init
 .init          0x0800aa08        0x8 c:/program files (x86)/gnu arm embedded toolchain/10 2021.10/bin/../lib/gcc/arm-none-eabi/10.3.1/thumb/v7-m/nofp/crtn.o
 *(.fini)
 .fini          0x0800aa10        0x4 c:/program files (x86)/gnu arm embedded toolchain/10 2021.10/bin/../lib/gcc/arm-none-eabi/10.3.1/thumb/v7-m/nofp/crti.o
                0x0800aa10                _fini
 .fini          0x0800aa14        0x8 c:/program files (x86)/gnu arm embedded toolchain/10 2021.10/bin/../lib/gcc/arm-none-eabi/10.3.1/thumb/v7-m/nofp/crtn.o
                0x0800aa1c                . = ALIGN (0x4)
                0x0800aa1c                _etext = .

.vfp11_veneer   0x0800aa1c        0x0
 .vfp11_veneer  0x0800aa1c        0x0 linker stubs

.v4_bx          0x0800aa1c        0x0
 .v4_bx         0x0800aa1c        0x0 linker stubs

.iplt           0x0800aa1c        0x0
 .iplt          0x0800aa1c        0x0 c:/program files (x86)/gnu arm embedded toolchain/10 2021.10/bin/../lib/gcc/arm-none-eabi/10.3.1/thumb/v7-m/nofp/crtbegin.o

.rodata         0x0800aa20      0xa78
                0x0800aa20                . = ALIGN (0x4)
 *(.rodata)
 *(.rodata*)
 .rodata.Radio_Task.str1.4
                0x0800aa20       0x19 build/main.o
 *fill*         0x0800aa39        0x3 
 .rodata.main.str1.4
                0x0800aa3c       0x1c build/main.o
 .rodata.HardFault_Handler.str1.4
                0x0800aa58        0xf build/stm32f2xx_it.o
 *fill*         0x0800aa67        0x1 
 .rodata.flagBitshiftOffset.0
                0x0800aa68        0x8 build/stm32f2xx_hal_dma.o
 .rodata.AHBPrescTable
                0x0800aa70       0x10 build/system_stm32f2xx.o
                0x0800aa70                AHBPrescTable
 .rodata.APBPrescTable
                0x0800aa80        0x8 build/system_stm32f2xx.o
                0x0800aa80                APBPrescTable
 .rodata.printRadioSettings.str1.4
                0x0800aa88      0x447 build/MY_NRF24.o
 *fill*         0x0800aecf        0x1 
 .rodata.Radio_Decode_CMD.str1.4
                0x0800aed0       0x12 build/Radio.o
 *fill*         0x0800aee2        0x2 
 .rodata.Radio_Decode_Ack.str1.4
                0x0800aee4       0x1a build/Radio.o
 *fill*         0x0800aefe        0x2 
 .rodata.Radio_Decode_Mode.str1.4
                0x0800af00        0x4 build/Radio.o
 .rodata.vTaskStartScheduler.str1.4
                0x0800af04        0x5 build/tasks.o
 *fill*         0x0800af09        0x3 
 .rodata._global_impure_ptr
                0x0800af0c        0x4 c:/program files (x86)/gnu arm embedded toolchain/10 2021.10/bin/../lib/gcc/arm-none-eabi/10.3.1/../../../../arm-none-eabi/lib/thumb/v7-m/nofp\libc_nano.a(lib_a-impure.o)
                0x0800af0c                _global_impure_ptr
 .rodata._printf_float.str1.1
                0x0800af10       0x12 c:/program files (x86)/gnu arm embedded toolchain/10 2021.10/bin/../lib/gcc/arm-none-eabi/10.3.1/../../../../arm-none-eabi/lib/thumb/v7-m/nofp\libc_nano.a(lib_a-nano-vfprintf_float.o)
 .rodata._printf_i.str1.1
                0x0800af22       0x22 c:/program files (x86)/gnu arm embedded toolchain/10 2021.10/bin/../lib/gcc/arm-none-eabi/10.3.1/../../../../arm-none-eabi/lib/thumb/v7-m/nofp\libc_nano.a(lib_a-nano-vfprintf_i.o)
 .rodata._strtod_l.str1.1
                0x0800af44       0x22 c:/program files (x86)/gnu arm embedded toolchain/10 2021.10/bin/../lib/gcc/arm-none-eabi/10.3.1/../../../../arm-none-eabi/lib/thumb/v7-m/nofp\libc_nano.a(lib_a-strtod.o)
                                  0xd (size before relaxing)
 .rodata.fpi.1  0x0800af44       0x14 c:/program files (x86)/gnu arm embedded toolchain/10 2021.10/bin/../lib/gcc/arm-none-eabi/10.3.1/../../../../arm-none-eabi/lib/thumb/v7-m/nofp\libc_nano.a(lib_a-strtod.o)
 .rodata.fpinan.0
                0x0800af58       0x14 c:/program files (x86)/gnu arm embedded toolchain/10 2021.10/bin/../lib/gcc/arm-none-eabi/10.3.1/../../../../arm-none-eabi/lib/thumb/v7-m/nofp\libc_nano.a(lib_a-strtod.o)
 *fill*         0x0800af6c        0x4 
 .rodata.tinytens
                0x0800af70       0x28 c:/program files (x86)/gnu arm embedded toolchain/10 2021.10/bin/../lib/gcc/arm-none-eabi/10.3.1/../../../../arm-none-eabi/lib/thumb/v7-m/nofp\libc_nano.a(lib_a-strtod.o)
 .rodata.strtok.str1.1
                0x0800af98       0x97 c:/program files (x86)/gnu arm embedded toolchain/10 2021.10/bin/../lib/gcc/arm-none-eabi/10.3.1/../../../../arm-none-eabi/lib/thumb/v7-m/nofp\libc_nano.a(lib_a-strtok.o)
 .rodata.__assert_func.str1.1
                0x0800b02f       0x3c c:/program files (x86)/gnu arm embedded toolchain/10 2021.10/bin/../lib/gcc/arm-none-eabi/10.3.1/../../../../arm-none-eabi/lib/thumb/v7-m/nofp\libc_nano.a(lib_a-assert.o)
                                 0x3d (size before relaxing)
 .rodata._ctype_
                0x0800b06b      0x101 c:/program files (x86)/gnu arm embedded toolchain/10 2021.10/bin/../lib/gcc/arm-none-eabi/10.3.1/../../../../arm-none-eabi/lib/thumb/v7-m/nofp\libc_nano.a(lib_a-ctype_.o)
                0x0800b06b                _ctype_
 .rodata._dtoa_r.str1.1
                0x0800b16c       0x9c c:/program files (x86)/gnu arm embedded toolchain/10 2021.10/bin/../lib/gcc/arm-none-eabi/10.3.1/../../../../arm-none-eabi/lib/thumb/v7-m/nofp\libc_nano.a(lib_a-dtoa.o)
                                 0xb5 (size before relaxing)
 .rodata.__sf_fake_stderr
                0x0800b208       0x20 c:/program files (x86)/gnu arm embedded toolchain/10 2021.10/bin/../lib/gcc/arm-none-eabi/10.3.1/../../../../arm-none-eabi/lib/thumb/v7-m/nofp\libc_nano.a(lib_a-findfp.o)
                0x0800b208                __sf_fake_stderr
 .rodata.__sf_fake_stdin
                0x0800b228       0x20 c:/program files (x86)/gnu arm embedded toolchain/10 2021.10/bin/../lib/gcc/arm-none-eabi/10.3.1/../../../../arm-none-eabi/lib/thumb/v7-m/nofp\libc_nano.a(lib_a-findfp.o)
                0x0800b228                __sf_fake_stdin
 .rodata.__sf_fake_stdout
                0x0800b248       0x20 c:/program files (x86)/gnu arm embedded toolchain/10 2021.10/bin/../lib/gcc/arm-none-eabi/10.3.1/../../../../arm-none-eabi/lib/thumb/v7-m/nofp\libc_nano.a(lib_a-findfp.o)
                0x0800b248                __sf_fake_stdout
 .rodata.__gethex.str1.1
                0x0800b268       0x86 c:/program files (x86)/gnu arm embedded toolchain/10 2021.10/bin/../lib/gcc/arm-none-eabi/10.3.1/../../../../arm-none-eabi/lib/thumb/v7-m/nofp\libc_nano.a(lib_a-gdtoa-gethex.o)
                                 0x97 (size before relaxing)
 .rodata.str1.1
                0x0800b2ee        0x2 c:/program files (x86)/gnu arm embedded toolchain/10 2021.10/bin/../lib/gcc/arm-none-eabi/10.3.1/../../../../arm-none-eabi/lib/thumb/v7-m/nofp\libc_nano.a(lib_a-lnumeric.o)
                                  0x3 (size before relaxing)
 .rodata._C_numeric_locale
                0x0800b2f0        0xc c:/program files (x86)/gnu arm embedded toolchain/10 2021.10/bin/../lib/gcc/arm-none-eabi/10.3.1/../../../../arm-none-eabi/lib/thumb/v7-m/nofp\libc_nano.a(lib_a-lnumeric.o)
                0x0800b2f0                _C_numeric_locale
 .rodata._setlocale_r.str1.1
                0x0800b2fc        0x8 c:/program files (x86)/gnu arm embedded toolchain/10 2021.10/bin/../lib/gcc/arm-none-eabi/10.3.1/../../../../arm-none-eabi/lib/thumb/v7-m/nofp\libc_nano.a(lib_a-locale.o)
                                  0x9 (size before relaxing)
 .rodata.str1.1
                0x0800b304        0x2 c:/program files (x86)/gnu arm embedded toolchain/10 2021.10/bin/../lib/gcc/arm-none-eabi/10.3.1/../../../../arm-none-eabi/lib/thumb/v7-m/nofp\libc_nano.a(lib_a-locale.o)
 .rodata._Balloc.str1.1
                0x0800b304       0x7f c:/program files (x86)/gnu arm embedded toolchain/10 2021.10/bin/../lib/gcc/arm-none-eabi/10.3.1/../../../../arm-none-eabi/lib/thumb/v7-m/nofp\libc_nano.a(lib_a-mprec.o)
                                 0x96 (size before relaxing)
 .rodata.__multadd.str1.1
                0x0800b383       0x11 c:/program files (x86)/gnu arm embedded toolchain/10 2021.10/bin/../lib/gcc/arm-none-eabi/10.3.1/../../../../arm-none-eabi/lib/thumb/v7-m/nofp\libc_nano.a(lib_a-mprec.o)
 *fill*         0x0800b383        0x5 
 .rodata.__mprec_bigtens
                0x0800b388       0x28 c:/program files (x86)/gnu arm embedded toolchain/10 2021.10/bin/../lib/gcc/arm-none-eabi/10.3.1/../../../../arm-none-eabi/lib/thumb/v7-m/nofp\libc_nano.a(lib_a-mprec.o)
                0x0800b388                __mprec_bigtens
 .rodata.__mprec_tens
                0x0800b3b0       0xc8 c:/program files (x86)/gnu arm embedded toolchain/10 2021.10/bin/../lib/gcc/arm-none-eabi/10.3.1/../../../../arm-none-eabi/lib/thumb/v7-m/nofp\libc_nano.a(lib_a-mprec.o)
                0x0800b3b0                __mprec_tens
 .rodata.p05.0  0x0800b478        0xc c:/program files (x86)/gnu arm embedded toolchain/10 2021.10/bin/../lib/gcc/arm-none-eabi/10.3.1/../../../../arm-none-eabi/lib/thumb/v7-m/nofp\libc_nano.a(lib_a-mprec.o)
 .rodata._svfprintf_r.str1.1
                0x0800b484       0x11 c:/program files (x86)/gnu arm embedded toolchain/10 2021.10/bin/../lib/gcc/arm-none-eabi/10.3.1/../../../../arm-none-eabi/lib/thumb/v7-m/nofp\libc_nano.a(lib_a-nano-svfprintf.o)
 .rodata._vfprintf_r.str1.1
                0x0800b495       0x11 c:/program files (x86)/gnu arm embedded toolchain/10 2021.10/bin/../lib/gcc/arm-none-eabi/10.3.1/../../../../arm-none-eabi/lib/thumb/v7-m/nofp\libc_nano.a(lib_a-nano-vfprintf.o)
                0x0800b4a8                . = ALIGN (0x4)
 *fill*         0x0800b495        0x3 

.ARM.extab
 *(.ARM.extab* .gnu.linkonce.armextab.*)

.ARM            0x0800b498        0x8
                0x0800b498                __exidx_start = .
 *(.ARM.exidx*)
 .ARM.exidx     0x0800b498        0x8 c:/program files (x86)/gnu arm embedded toolchain/10 2021.10/bin/../lib/gcc/arm-none-eabi/10.3.1/thumb/v7-m/nofp\libgcc.a(_udivmoddi4.o)
                0x0800b4a0                __exidx_end = .

.rel.dyn        0x0800b4a0        0x0
 .rel.iplt      0x0800b4a0        0x0 c:/program files (x86)/gnu arm embedded toolchain/10 2021.10/bin/../lib/gcc/arm-none-eabi/10.3.1/thumb/v7-m/nofp/crtbegin.o

.preinit_array  0x0800b4a0        0x0
                0x0800b4a0                PROVIDE (__preinit_array_start = .)
 *(.preinit_array*)
                0x0800b4a0                PROVIDE (__preinit_array_end = .)

.init_array     0x0800b4a0        0x4
                0x0800b4a0                PROVIDE (__init_array_start = .)
 *(SORT_BY_NAME(.init_array.*))
 *(.init_array*)
 .init_array    0x0800b4a0        0x4 c:/program files (x86)/gnu arm embedded toolchain/10 2021.10/bin/../lib/gcc/arm-none-eabi/10.3.1/thumb/v7-m/nofp/crtbegin.o
                0x0800b4a4                PROVIDE (__init_array_end = .)

.fini_array     0x0800b4a4        0x4
                [!provide]                PROVIDE (__fini_array_start = .)
 *(SORT_BY_NAME(.fini_array.*))
 *(.fini_array*)
 .fini_array    0x0800b4a4        0x4 c:/program files (x86)/gnu arm embedded toolchain/10 2021.10/bin/../lib/gcc/arm-none-eabi/10.3.1/thumb/v7-m/nofp/crtbegin.o
                [!provide]                PROVIDE (__fini_array_end = .)
                0x0800b4a8                _sidata = LOADADDR (.data)

.data           0x20000000      0x1f4 load address 0x0800b4a8
                0x20000000                . = ALIGN (0x4)
                0x20000000                _sdata = .
 *(.data)
 *(.data*)
 .data.uwTickFreq
                0x20000000        0x1 build/stm32f2xx_hal.o
                0x20000000                uwTickFreq
 *fill*         0x20000001        0x3 
 .data.uwTickPrio
                0x20000004        0x4 build/stm32f2xx_hal.o
                0x20000004                uwTickPrio
 .data.SystemCoreClock
                0x20000008        0x4 build/system_stm32f2xx.o
                0x20000008                SystemCoreClock
 .data.Timeout  0x2000000c        0x4 build/MY_NRF24.o
                0x2000000c                Timeout
 .data.TxpipeAddrs
                0x20000010        0x8 build/Radio.o
                0x20000010                TxpipeAddrs
 .data.count.1  0x20000018        0x4 build/Radio.o
 .data.uxCriticalNesting
                0x2000001c        0x4 build/port.o
 .data._impure_ptr
                0x20000020        0x4 c:/program files (x86)/gnu arm embedded toolchain/10 2021.10/bin/../lib/gcc/arm-none-eabi/10.3.1/../../../../arm-none-eabi/lib/thumb/v7-m/nofp\libc_nano.a(lib_a-impure.o)
                0x20000020                _impure_ptr
 .data.impure_data
                0x20000024       0x60 c:/program files (x86)/gnu arm embedded toolchain/10 2021.10/bin/../lib/gcc/arm-none-eabi/10.3.1/../../../../arm-none-eabi/lib/thumb/v7-m/nofp\libc_nano.a(lib_a-impure.o)
 .data.numempty
                0x20000084        0x2 c:/program files (x86)/gnu arm embedded toolchain/10 2021.10/bin/../lib/gcc/arm-none-eabi/10.3.1/../../../../arm-none-eabi/lib/thumb/v7-m/nofp\libc_nano.a(lib_a-lnumeric.o)
 *fill*         0x20000086        0x2 
 .data.__global_locale
                0x20000088      0x16c c:/program files (x86)/gnu arm embedded toolchain/10 2021.10/bin/../lib/gcc/arm-none-eabi/10.3.1/../../../../arm-none-eabi/lib/thumb/v7-m/nofp\libc_nano.a(lib_a-locale.o)
                0x20000088                __global_locale
                0x200001f4                . = ALIGN (0x4)
                0x200001f4                _edata = .

.igot.plt       0x200001f4        0x0 load address 0x0800b69c
 .igot.plt      0x200001f4        0x0 c:/program files (x86)/gnu arm embedded toolchain/10 2021.10/bin/../lib/gcc/arm-none-eabi/10.3.1/thumb/v7-m/nofp/crtbegin.o
                0x200001f4                . = ALIGN (0x4)

.bss            0x200001f4     0x52ec load address 0x0800b69c
                0x200001f4                _sbss = .
                0x200001f4                __bss_start__ = _sbss
 *(.bss)
 .bss           0x200001f4       0x1c c:/program files (x86)/gnu arm embedded toolchain/10 2021.10/bin/../lib/gcc/arm-none-eabi/10.3.1/thumb/v7-m/nofp/crtbegin.o
 *(.bss*)
 .bss.ADCValue  0x20000210        0x8 build/main.o
                0x20000210                ADCValue
 .bss.CalculateTask
                0x20000218        0x4 build/main.o
                0x20000218                CalculateTask
 .bss.DisplayTask
                0x2000021c        0x4 build/main.o
                0x2000021c                DisplayTask
 .bss.Oled      0x20000220       0xac build/main.o
                0x20000220                Oled
 .bss.Radio     0x200002cc       0xdc build/main.o
                0x200002cc                Radio
 .bss.RadioTask
                0x200003a8        0x4 build/main.o
                0x200003a8                RadioTask
 .bss.Ring      0x200003ac      0xd0c build/main.o
                0x200003ac                Ring
 .bss.hadc2     0x200010b8       0x48 build/main.o
                0x200010b8                hadc2
 .bss.hdma_adc2
                0x20001100       0x60 build/main.o
                0x20001100                hdma_adc2
 .bss.hdma_usart3_rx
                0x20001160       0x60 build/main.o
                0x20001160                hdma_usart3_rx
 .bss.hdma_usart3_tx
                0x200011c0       0x60 build/main.o
                0x200011c0                hdma_usart3_tx
 .bss.hi2c1     0x20001220       0x54 build/main.o
                0x20001220                hi2c1
 .bss.hspi3     0x20001274       0x58 build/main.o
                0x20001274                hspi3
 .bss.huart3    0x200012cc       0x44 build/main.o
                0x200012cc                huart3
 .bss.uwTick    0x20001310        0x4 build/stm32f2xx_hal.o
                0x20001310                uwTick
 .bss.ack_payload_available
                0x20001314        0x1 build/MY_NRF24.o
 .bss.ack_payload_length
                0x20001315        0x1 build/MY_NRF24.o
 .bss.dynamic_payloads_enabled
                0x20001316        0x1 build/MY_NRF24.o
 *fill*         0x20001317        0x1 
 .bss.getTick   0x20001318        0x4 build/MY_NRF24.o
                0x20001318                getTick
 .bss.nrf24_CE_PIN
                0x2000131c        0x2 build/MY_NRF24.o
 .bss.nrf24_CSN_PIN
                0x2000131e        0x2 build/MY_NRF24.o
 .bss.nrf24_PORT
                0x20001320        0x4 build/MY_NRF24.o
 .bss.nrf24_hspi
                0x20001324       0x58 build/MY_NRF24.o
 .bss.nrf24_huart
                0x2000137c       0x44 build/MY_NRF24.o
 .bss.payload_size
                0x200013c0        0x1 build/MY_NRF24.o
 *fill*         0x200013c1        0x3 
 .bss.wait      0x200013c4        0x4 build/MY_NRF24.o
                0x200013c4                wait
 .bss.wide_band
                0x200013c8        0x1 build/MY_NRF24.o
 *fill*         0x200013c9        0x3 
 .bss.RingBuffer
                0x200013cc        0x4 build/uartRingBufDMA.o
 .bss.DataFromFC.2
                0x200013d0      0x100 build/Radio.o
 .bss.RadioHandler
                0x200014d0        0x4 build/Radio.o
                0x200014d0                RadioHandler
 .bss.Temp.0    0x200014d4       0x10 build/Radio.o
 .bss.xIdleStack
                0x200014e4      0x200 build/freertos.o
 .bss.xIdleTaskTCBBuffer
                0x200016e4       0x54 build/freertos.o
 .bss.pxCurrentTCB
                0x20001738        0x4 build/tasks.o
                0x20001738                pxCurrentTCB
 .bss.pxDelayedTaskList
                0x2000173c        0x4 build/tasks.o
 .bss.pxOverflowDelayedTaskList
                0x20001740        0x4 build/tasks.o
 .bss.pxReadyTasksLists
                0x20001744       0x8c build/tasks.o
 .bss.uxCurrentNumberOfTasks
                0x200017d0        0x4 build/tasks.o
 .bss.uxDeletedTasksWaitingCleanUp
                0x200017d4        0x4 build/tasks.o
 .bss.uxPendedTicks
                0x200017d8        0x4 build/tasks.o
 .bss.uxSchedulerSuspended
                0x200017dc        0x4 build/tasks.o
 .bss.uxTaskNumber
                0x200017e0        0x4 build/tasks.o
 .bss.uxTopReadyPriority
                0x200017e4        0x4 build/tasks.o
 .bss.xDelayedTaskList1
                0x200017e8       0x14 build/tasks.o
 .bss.xDelayedTaskList2
                0x200017fc       0x14 build/tasks.o
 .bss.xIdleTaskHandle
                0x20001810        0x4 build/tasks.o
 .bss.xNextTaskUnblockTime
                0x20001814        0x4 build/tasks.o
 .bss.xNumOfOverflows
                0x20001818        0x4 build/tasks.o
 .bss.xPendingReadyList
                0x2000181c       0x14 build/tasks.o
 .bss.xSchedulerRunning
                0x20001830        0x4 build/tasks.o
 .bss.xSuspendedTaskList
                0x20001834       0x14 build/tasks.o
 .bss.xTasksWaitingTermination
                0x20001848       0x14 build/tasks.o
 .bss.xTickCount
                0x2000185c        0x4 build/tasks.o
 .bss.xYieldPending
                0x20001860        0x4 build/tasks.o
 .bss.pxEnd     0x20001864        0x4 build/heap_4.o
 .bss.ucHeap    0x20001868     0x3c00 build/heap_4.o
 .bss.xBlockAllocatedBit
                0x20005468        0x4 build/heap_4.o
 .bss.xFreeBytesRemaining
                0x2000546c        0x4 build/heap_4.o
 .bss.xMinimumEverFreeBytesRemaining
                0x20005470        0x4 build/heap_4.o
 .bss.xStart    0x20005474        0x8 build/heap_4.o
 .bss.ucMaxSysCallPriority
                0x2000547c        0x1 build/port.o
 *fill*         0x2000547d        0x3 
 .bss.ulMaxPRIGROUPValue
                0x20005480        0x4 build/port.o
 .bss.htim5     0x20005484       0x48 build/stm32f2xx_hal_timebase_tim.o
                0x20005484                htim5
 .bss.__malloc_free_list
                0x200054cc        0x4 c:/program files (x86)/gnu arm embedded toolchain/10 2021.10/bin/../lib/gcc/arm-none-eabi/10.3.1/../../../../arm-none-eabi/lib/thumb/v7-m/nofp\libc_nano.a(lib_a-nano-mallocr.o)
                0x200054cc                __malloc_free_list
 .bss.__malloc_sbrk_start
                0x200054d0        0x4 c:/program files (x86)/gnu arm embedded toolchain/10 2021.10/bin/../lib/gcc/arm-none-eabi/10.3.1/../../../../arm-none-eabi/lib/thumb/v7-m/nofp\libc_nano.a(lib_a-nano-mallocr.o)
                0x200054d0                __malloc_sbrk_start
 .bss.__lock___malloc_recursive_mutex
                0x200054d4        0x1 c:/program files (x86)/gnu arm embedded toolchain/10 2021.10/bin/../lib/gcc/arm-none-eabi/10.3.1/../../../../arm-none-eabi/lib/thumb/v7-m/nofp\libc_nano.a(lib_a-lock.o)
                0x200054d4                __lock___malloc_recursive_mutex
 .bss.__lock___sfp_recursive_mutex
                0x200054d5        0x1 c:/program files (x86)/gnu arm embedded toolchain/10 2021.10/bin/../lib/gcc/arm-none-eabi/10.3.1/../../../../arm-none-eabi/lib/thumb/v7-m/nofp\libc_nano.a(lib_a-lock.o)
                0x200054d5                __lock___sfp_recursive_mutex
 .bss.__lock___sinit_recursive_mutex
                0x200054d6        0x1 c:/program files (x86)/gnu arm embedded toolchain/10 2021.10/bin/../lib/gcc/arm-none-eabi/10.3.1/../../../../arm-none-eabi/lib/thumb/v7-m/nofp\libc_nano.a(lib_a-lock.o)
                0x200054d6                __lock___sinit_recursive_mutex
 *fill*         0x200054d7        0x1 
 .bss.errno     0x200054d8        0x4 c:/program files (x86)/gnu arm embedded toolchain/10 2021.10/bin/../lib/gcc/arm-none-eabi/10.3.1/../../../../arm-none-eabi/lib/thumb/v7-m/nofp\libc_nano.a(lib_a-reent.o)
                0x200054d8                errno
 .bss.heap_end.0
                0x200054dc        0x4 c:/program files (x86)/gnu arm embedded toolchain/10 2021.10/bin/../lib/gcc/arm-none-eabi/10.3.1/../../../../arm-none-eabi/lib/thumb/v7-m/nofp\libnosys.a(sbrk.o)
 *(COMMON)
                0x200054e0                . = ALIGN (0x4)
                0x200054e0                _ebss = .
                0x200054e0                __bss_end__ = _ebss

._user_heap_stack
                0x200054e0     0x6000 load address 0x0800b69c
                0x200054e0                . = ALIGN (0x8)
                0x200054e0                PROVIDE (end = .)
                [!provide]                PROVIDE (_end = .)
                0x200074e0                . = (. + _Min_Heap_Size)
 *fill*         0x200054e0     0x2000 
                0x2000b4e0                . = (. + _Min_Stack_Size)
 *fill*         0x200074e0     0x4000 
                0x2000b4e0                . = ALIGN (0x8)

/DISCARD/
 libc.a(*)
 libm.a(*)
 libgcc.a(*)

.ARM.attributes
                0x00000000       0x29
 *(.ARM.attributes)
 .ARM.attributes