Archive member included to satisfy reference by file (symbol)

e:/download/gnu/tools/gcc-arm-none-eabi-10.3-2021.10-win32/gcc-arm-none-eabi-10.3-2021.10/bin/../lib/gcc/arm-none-eabi/10.3.1/../../../../arm-none-eabi/lib/thumb/v7-m/nofp\libc_nano.a(lib_a-exit.o)
                              e:/download/gnu/tools/gcc-arm-none-eabi-10.3-2021.10-win32/gcc-arm-none-eabi-10.3-2021.10/bin/../lib/gcc/arm-none-eabi/10.3.1/../../../../arm-none-eabi/lib/thumb/v7-m/nofp/crt0.o (exit)
e:/download/gnu/tools/gcc-arm-none-eabi-10.3-2021.10-win32/gcc-arm-none-eabi-10.3-2021.10/bin/../lib/gcc/arm-none-eabi/10.3.1/../../../../arm-none-eabi/lib/thumb/v7-m/nofp\libc_nano.a(lib_a-impure.o)
                              e:/download/gnu/tools/gcc-arm-none-eabi-10.3-2021.10-win32/gcc-arm-none-eabi-10.3-2021.10/bin/../lib/gcc/arm-none-eabi/10.3.1/../../../../arm-none-eabi/lib/thumb/v7-m/nofp\libc_nano.a(lib_a-exit.o) (_global_impure_ptr)
e:/download/gnu/tools/gcc-arm-none-eabi-10.3-2021.10-win32/gcc-arm-none-eabi-10.3-2021.10/bin/../lib/gcc/arm-none-eabi/10.3.1/../../../../arm-none-eabi/lib/thumb/v7-m/nofp\libc_nano.a(lib_a-init.o)
                              e:/download/gnu/tools/gcc-arm-none-eabi-10.3-2021.10-win32/gcc-arm-none-eabi-10.3-2021.10/bin/../lib/gcc/arm-none-eabi/10.3.1/../../../../arm-none-eabi/lib/thumb/v7-m/nofp/crt0.o (__libc_init_array)
e:/download/gnu/tools/gcc-arm-none-eabi-10.3-2021.10-win32/gcc-arm-none-eabi-10.3-2021.10/bin/../lib/gcc/arm-none-eabi/10.3.1/../../../../arm-none-eabi/lib/thumb/v7-m/nofp\libc_nano.a(lib_a-memcpy-stub.o)
                              build/main.o (memcpy)
e:/download/gnu/tools/gcc-arm-none-eabi-10.3-2021.10-win32/gcc-arm-none-eabi-10.3-2021.10/bin/../lib/gcc/arm-none-eabi/10.3.1/../../../../arm-none-eabi/lib/thumb/v7-m/nofp\libc_nano.a(lib_a-memmove.o)
                              build/ssd1306_tests.o (memmove)
e:/download/gnu/tools/gcc-arm-none-eabi-10.3-2021.10-win32/gcc-arm-none-eabi-10.3-2021.10/bin/../lib/gcc/arm-none-eabi/10.3.1/../../../../arm-none-eabi/lib/thumb/v7-m/nofp\libc_nano.a(lib_a-memset.o)
                              e:/download/gnu/tools/gcc-arm-none-eabi-10.3-2021.10-win32/gcc-arm-none-eabi-10.3-2021.10/bin/../lib/gcc/arm-none-eabi/10.3.1/../../../../arm-none-eabi/lib/thumb/v7-m/nofp/crt0.o (memset)
e:/download/gnu/tools/gcc-arm-none-eabi-10.3-2021.10-win32/gcc-arm-none-eabi-10.3-2021.10/bin/../lib/gcc/arm-none-eabi/10.3.1/../../../../arm-none-eabi/lib/thumb/v7-m/nofp\libc_nano.a(lib_a-snprintf.o)
                              build/ssd1306_tests.o (snprintf)
e:/download/gnu/tools/gcc-arm-none-eabi-10.3-2021.10-win32/gcc-arm-none-eabi-10.3-2021.10/bin/../lib/gcc/arm-none-eabi/10.3.1/../../../../arm-none-eabi/lib/thumb/v7-m/nofp\libc_nano.a(lib_a-sprintf.o)
                              build/MY_NRF24.o (sprintf)
e:/download/gnu/tools/gcc-arm-none-eabi-10.3-2021.10-win32/gcc-arm-none-eabi-10.3-2021.10/bin/../lib/gcc/arm-none-eabi/10.3.1/../../../../arm-none-eabi/lib/thumb/v7-m/nofp\libc_nano.a(lib_a-strlen.o)
                              build/MY_NRF24.o (strlen)
e:/download/gnu/tools/gcc-arm-none-eabi-10.3-2021.10-win32/gcc-arm-none-eabi-10.3-2021.10/bin/../lib/gcc/arm-none-eabi/10.3.1/../../../../arm-none-eabi/lib/thumb/v7-m/nofp\libc_nano.a(lib_a-nano-svfprintf.o)
                              e:/download/gnu/tools/gcc-arm-none-eabi-10.3-2021.10-win32/gcc-arm-none-eabi-10.3-2021.10/bin/../lib/gcc/arm-none-eabi/10.3.1/../../../../arm-none-eabi/lib/thumb/v7-m/nofp\libc_nano.a(lib_a-snprintf.o) (_svfprintf_r)
e:/download/gnu/tools/gcc-arm-none-eabi-10.3-2021.10-win32/gcc-arm-none-eabi-10.3-2021.10/bin/../lib/gcc/arm-none-eabi/10.3.1/../../../../arm-none-eabi/lib/thumb/v7-m/nofp\libc_nano.a(lib_a-nano-vfprintf_i.o)
                              e:/download/gnu/tools/gcc-arm-none-eabi-10.3-2021.10-win32/gcc-arm-none-eabi-10.3-2021.10/bin/../lib/gcc/arm-none-eabi/10.3.1/../../../../arm-none-eabi/lib/thumb/v7-m/nofp\libc_nano.a(lib_a-nano-svfprintf.o) (_printf_i)
e:/download/gnu/tools/gcc-arm-none-eabi-10.3-2021.10-win32/gcc-arm-none-eabi-10.3-2021.10/bin/../lib/gcc/arm-none-eabi/10.3.1/../../../../arm-none-eabi/lib/thumb/v7-m/nofp\libc_nano.a(lib_a-memchr-stub.o)
                              e:/download/gnu/tools/gcc-arm-none-eabi-10.3-2021.10-win32/gcc-arm-none-eabi-10.3-2021.10/bin/../lib/gcc/arm-none-eabi/10.3.1/../../../../arm-none-eabi/lib/thumb/v7-m/nofp\libc_nano.a(lib_a-nano-svfprintf.o) (memchr)
e:/download/gnu/tools/gcc-arm-none-eabi-10.3-2021.10-win32/gcc-arm-none-eabi-10.3-2021.10/bin/../lib/gcc/arm-none-eabi/10.3.1/../../../../arm-none-eabi/lib/thumb/v7-m/nofp\libc_nano.a(lib_a-nano-freer.o)
                              e:/download/gnu/tools/gcc-arm-none-eabi-10.3-2021.10-win32/gcc-arm-none-eabi-10.3-2021.10/bin/../lib/gcc/arm-none-eabi/10.3.1/../../../../arm-none-eabi/lib/thumb/v7-m/nofp\libc_nano.a(lib_a-nano-svfprintf.o) (_free_r)
[...]
Memory Configuration

Name             Origin             Length             Attributes
RAM              0x20000000         0x00014000         xrw
RAM2             0x2001c000         0x00004000         xrw
FLASH            0x08000000         0x00040000         xr
*default*        0x00000000         0xffffffff

Linker script and memory map

LOAD e:/download/gnu/tools/gcc-arm-none-eabi-10.3-2021.10-win32/gcc-arm-none-eabi-10.3-2021.10/bin/../lib/gcc/arm-none-eabi/10.3.1/thumb/v7-m/nofp/crti.o
LOAD e:/download/gnu/tools/gcc-arm-none-eabi-10.3-2021.10-win32/gcc-arm-none-eabi-10.3-2021.10/bin/../lib/gcc/arm-none-eabi/10.3.1/thumb/v7-m/nofp/crtbegin.o
LOAD e:/download/gnu/tools/gcc-arm-none-eabi-10.3-2021.10-win32/gcc-arm-none-eabi-10.3-2021.10/bin/../lib/gcc/arm-none-eabi/10.3.1/../../../../arm-none-eabi/lib/thumb/v7-m/nofp/crt0.o
LOAD build/main.o
LOAD build/stm32f2xx_it.o
LOAD build/stm32f2xx_hal_msp.o
LOAD build/stm32f2xx_hal_adc.o
LOAD build/stm32f2xx_hal_adc_ex.o
LOAD build/stm32f2xx_hal.o
LOAD build/stm32f2xx_hal_rcc.o
LOAD build/stm32f2xx_hal_rcc_ex.o
LOAD build/stm32f2xx_hal_cortex.o
LOAD build/stm32f2xx_hal_flash.o
LOAD build/stm32f2xx_hal_flash_ex.o
LOAD build/stm32f2xx_hal_pwr.o
LOAD build/stm32f2xx_hal_pwr_ex.o
LOAD build/stm32f2xx_hal_gpio.o
LOAD build/stm32f2xx_hal_dma.o
LOAD build/stm32f2xx_hal_dma_ex.o
LOAD build/stm32f2xx_hal_exti.o
LOAD build/stm32f2xx_hal_i2c.o
LOAD build/stm32f2xx_hal_spi.o
LOAD build/stm32f2xx_hal_tim.o
LOAD build/stm32f2xx_hal_tim_ex.o
LOAD build/stm32f2xx_hal_uart.o
LOAD build/system_stm32f2xx.o
LOAD build/ssd1306_fonts.o
LOAD build/ssd1306_tests.o
LOAD build/ssd1306.o
LOAD build/MY_NRF24.o
LOAD build/startup_stm32f205xx.o
LOAD e:/download/gnu/tools/gcc-arm-none-eabi-10.3-2021.10-win32/gcc-arm-none-eabi-10.3-2021.10/bin/../lib/gcc/arm-none-eabi/10.3.1/../../../../arm-none-eabi/lib/thumb/v7-m/nofp\libc_nano.a
LOAD e:/download/gnu/tools/gcc-arm-none-eabi-10.3-2021.10-win32/gcc-arm-none-eabi-10.3-2021.10/bin/../lib/gcc/arm-none-eabi/10.3.1/../../../../arm-none-eabi/lib/thumb/v7-m/nofp\libm.a
LOAD e:/download/gnu/tools/gcc-arm-none-eabi-10.3-2021.10-win32/gcc-arm-none-eabi-10.3-2021.10/bin/../lib/gcc/arm-none-eabi/10.3.1/../../../../arm-none-eabi/lib/thumb/v7-m/nofp\libnosys.a
START GROUP
LOAD e:/download/gnu/tools/gcc-arm-none-eabi-10.3-2021.10-win32/gcc-arm-none-eabi-10.3-2021.10/bin/../lib/gcc/arm-none-eabi/10.3.1/thumb/v7-m/nofp\libgcc.a
LOAD e:/download/gnu/tools/gcc-arm-none-eabi-10.3-2021.10-win32/gcc-arm-none-eabi-10.3-2021.10/bin/../lib/gcc/arm-none-eabi/10.3.1/../../../../arm-none-eabi/lib/thumb/v7-m/nofp\libc_nano.a
END GROUP
START GROUP
LOAD e:/download/gnu/tools/gcc-arm-none-eabi-10.3-2021.10-win32/gcc-arm-none-eabi-10.3-2021.10/bin/../lib/gcc/arm-none-eabi/10.3.1/thumb/v7-m/nofp\libgcc.a
LOAD e:/download/gnu/tools/gcc-arm-none-eabi-10.3-2021.10-win32/gcc-arm-none-eabi-10.3-2021.10/bin/../lib/gcc/arm-none-eabi/10.3.1/../../../../arm-none-eabi/lib/thumb/v7-m/nofp\libc_nano.a
END GROUP
LOAD e:/download/gnu/tools/gcc-arm-none-eabi-10.3-2021.10-win32/gcc-arm-none-eabi-10.3-2021.10/bin/../lib/gcc/arm-none-eabi/10.3.1/thumb/v7-m/nofp/crtend.o
LOAD e:/download/gnu/tools/gcc-arm-none-eabi-10.3-2021.10-win32/gcc-arm-none-eabi-10.3-2021.10/bin/../lib/gcc/arm-none-eabi/10.3.1/thumb/v7-m/nofp/crtn.o
                0x20014000                _estack = 0x20014000
                0x00000200                _Min_Heap_Size = 0x200
                0x00000400                _Min_Stack_Size = 0x400

.isr_vector     0x08000000      0x184
                0x08000000                . = ALIGN (0x4)
 *(.isr_vector)
 .isr_vector    0x08000000      0x184 build/startup_stm32f205xx.o
                0x08000000                g_pfnVectors
                0x08000184                . = ALIGN (0x4)

.text           0x08000184     0x38e4
                0x08000184                . = ALIGN (0x4)
 *(.text)
 .text          0x08000184       0x40 e:/download/gnu/tools/gcc-arm-none-eabi-10.3-2021.10-win32/gcc-arm-none-eabi-10.3-2021.10/bin/../lib/gcc/arm-none-eabi/10.3.1/thumb/v7-m/nofp/crtbegin.o
 .text          0x080001c4       0x10 e:/download/gnu/tools/gcc-arm-none-eabi-10.3-2021.10-win32/gcc-arm-none-eabi-10.3-2021.10/bin/../lib/gcc/arm-none-eabi/10.3.1/../../../../arm-none-eabi/lib/thumb/v7-m/nofp\libc_nano.a(lib_a-strlen.o)
                0x080001c4                strlen
 .text          0x080001d4       0x30 e:/download/gnu/tools/gcc-arm-none-eabi-10.3-2021.10-win32/gcc-arm-none-eabi-10.3-2021.10/bin/../lib/gcc/arm-none-eabi/10.3.1/thumb/v7-m/nofp\libgcc.a(_aeabi_uldivmod.o)
                0x080001d4                __aeabi_uldivmod
 .text          0x08000204      0x2d4 e:/download/gnu/tools/gcc-arm-none-eabi-10.3-2021.10-win32/gcc-arm-none-eabi-10.3-2021.10/bin/../lib/gcc/arm-none-eabi/10.3.1/thumb/v7-m/nofp\libgcc.a(_udivmoddi4.o)
                0x08000204                __udivmoddi4
 .text          0x080004d8        0x4 e:/download/gnu/tools/gcc-arm-none-eabi-10.3-2021.10-win32/gcc-arm-none-eabi-10.3-2021.10/bin/../lib/gcc/arm-none-eabi/10.3.1/thumb/v7-m/nofp\libgcc.a(_dvmd_tls.o)
                0x080004d8                __aeabi_idiv0
                0x080004d8                __aeabi_ldiv0
 *(.text*)
 .text.MX_GPIO_Init
                0x080004dc       0xe4 build/main.o
 .text.Error_Handler
                0x080005c0        0x4 build/main.o
                0x080005c0                Error_Handler
 .text.MX_ADC1_Init
                0x080005c4       0x68 build/main.o
 .text.MX_I2C1_Init
                0x0800062c       0x38 build/main.o
 .text.MX_SPI3_Init
                0x08000664       0x40 build/main.o
 .text.MX_USART3_UART_Init
                0x080006a4       0x34 build/main.o
 .text.SystemClock_Config
                0x080006d8       0x70 build/main.o
                0x080006d8                SystemClock_Config
 .text.main     0x08000748       0xd8 build/main.o
                0x08000748                main
 .text.NMI_Handler
                0x08000820        0x2 build/stm32f2xx_it.o
                0x08000820                NMI_Handler
 .text.HardFault_Handler
                0x08000822        0x2 build/stm32f2xx_it.o
                0x08000822                HardFault_Handler
 .text.MemManage_Handler
                0x08000824        0x2 build/stm32f2xx_it.o
                0x08000824                MemManage_Handler
 .text.BusFault_Handler
                0x08000826        0x2 build/stm32f2xx_it.o
                0x08000826                BusFault_Handler
 .text.UsageFault_Handler
                0x08000828        0x2 build/stm32f2xx_it.o
                0x08000828                UsageFault_Handler
 .text.SVC_Handler
                0x0800082a        0x2 build/stm32f2xx_it.o
                0x0800082a                SVC_Handler
 .text.DebugMon_Handler
                0x0800082c        0x2 build/stm32f2xx_it.o
                0x0800082c                DebugMon_Handler
 .text.PendSV_Handler
                0x0800082e        0x2 build/stm32f2xx_it.o
                0x0800082e                PendSV_Handler
 .text.SysTick_Handler
                0x08000830        0x8 build/stm32f2xx_it.o
                0x08000830                SysTick_Handler
 .text.HAL_MspInit
                0x08000838       0x38 build/stm32f2xx_hal_msp.o
                0x08000838                HAL_MspInit
 .text.HAL_ADC_MspInit
                0x08000870       0x68 build/stm32f2xx_hal_msp.o
                0x08000870                HAL_ADC_MspInit
 .text.HAL_I2C_MspInit
                0x080008d8       0x70 build/stm32f2xx_hal_msp.o
                0x080008d8                HAL_I2C_MspInit
 .text.HAL_SPI_MspInit
                0x08000948       0x70 build/stm32f2xx_hal_msp.o
                0x08000948                HAL_SPI_MspInit
 .text.HAL_UART_MspInit
                0x080009b8       0x70 build/stm32f2xx_hal_msp.o
                0x080009b8                HAL_UART_MspInit
 .text.ADC_Init
                0x08000a28      0x140 build/stm32f2xx_hal_adc.o
 .text.HAL_ADC_Init
                0x08000b68       0x56 build/stm32f2xx_hal_adc.o
                0x08000b68                HAL_ADC_Init
 *fill*         0x08000bbe        0x2 
 .text.HAL_ADC_ConfigChannel
                0x08000bc0      0x198 build/stm32f2xx_hal_adc.o
                0x08000bc0                HAL_ADC_ConfigChannel
 .text.HAL_InitTick
                0x08000d58       0x4c build/stm32f2xx_hal.o
                0x08000d58                HAL_InitTick
 .text.HAL_Init
                0x08000da4       0x34 build/stm32f2xx_hal.o
                0x08000da4                HAL_Init
 .text.HAL_IncTick
                0x08000dd8       0x18 build/stm32f2xx_hal.o
                0x08000dd8                HAL_IncTick
 .text.HAL_GetTick
                0x08000df0        0xc build/stm32f2xx_hal.o
                0x08000df0                HAL_GetTick
 .text.HAL_Delay
                0x08000dfc       0x2c build/stm32f2xx_hal.o
                0x08000dfc                HAL_Delay
 .text.HAL_RCC_OscConfig
                0x08000e28      0x3b0 build/stm32f2xx_hal_rcc.o
                0x08000e28                HAL_RCC_OscConfig
 .text.HAL_RCC_GetSysClockFreq
                0x080011d8       0xd4 build/stm32f2xx_hal_rcc.o
                0x080011d8                HAL_RCC_GetSysClockFreq
 .text.HAL_RCC_ClockConfig
                0x080012ac      0x16c build/stm32f2xx_hal_rcc.o
                0x080012ac                HAL_RCC_ClockConfig
 .text.HAL_RCC_GetHCLKFreq
                0x08001418        0xc build/stm32f2xx_hal_rcc.o
                0x08001418                HAL_RCC_GetHCLKFreq
 .text.HAL_RCC_GetPCLK1Freq
                0x08001424       0x2c build/stm32f2xx_hal_rcc.o
                0x08001424                HAL_RCC_GetPCLK1Freq
 .text.HAL_RCC_GetPCLK2Freq
                0x08001450       0x2c build/stm32f2xx_hal_rcc.o
                0x08001450                HAL_RCC_GetPCLK2Freq
 .text.HAL_NVIC_SetPriorityGrouping
                0x0800147c       0x24 build/stm32f2xx_hal_cortex.o
                0x0800147c                HAL_NVIC_SetPriorityGrouping
 .text.HAL_NVIC_SetPriority
                0x080014a0       0x70 build/stm32f2xx_hal_cortex.o
                0x080014a0                HAL_NVIC_SetPriority
 .text.HAL_SYSTICK_Config
                0x08001510       0x28 build/stm32f2xx_hal_cortex.o
                0x08001510                HAL_SYSTICK_Config
 .text.HAL_GPIO_Init
                0x08001538      0x208 build/stm32f2xx_hal_gpio.o
                0x08001538                HAL_GPIO_Init
 .text.HAL_GPIO_WritePin
                0x08001740        0xc build/stm32f2xx_hal_gpio.o
                0x08001740                HAL_GPIO_WritePin
 .text.HAL_I2C_Init
                0x0800174c      0x1bc build/stm32f2xx_hal_i2c.o
                0x0800174c                HAL_I2C_Init
 .text.SPI_WaitFlagStateUntilTimeout
                0x08001908       0xd4 build/stm32f2xx_hal_spi.o
 .text.SPI_EndRxTxTransaction
                0x080019dc       0x24 build/stm32f2xx_hal_spi.o
 .text.SPI_EndRxTransaction
                0x08001a00       0x48 build/stm32f2xx_hal_spi.o
 .text.HAL_SPI_Init
                0x08001a48       0xbe build/stm32f2xx_hal_spi.o
                0x08001a48                HAL_SPI_Init
 .text.HAL_SPI_Transmit
                0x08001b06      0x1b8 build/stm32f2xx_hal_spi.o
                0x08001b06                HAL_SPI_Transmit
 .text.HAL_SPI_TransmitReceive
                0x08001cbe      0x238 build/stm32f2xx_hal_spi.o
                0x08001cbe                HAL_SPI_TransmitReceive
 .text.HAL_SPI_Receive
                0x08001ef6      0x180 build/stm32f2xx_hal_spi.o
                0x08001ef6                HAL_SPI_Receive
 *fill*         0x08002076        0x2 
 .text.UART_SetConfig
                0x08002078       0xe4 build/stm32f2xx_hal_uart.o
 .text.UART_WaitOnFlagUntilTimeout
                0x0800215c       0x6c build/stm32f2xx_hal_uart.o
 .text.HAL_UART_Init
                0x080021c8       0x5e build/stm32f2xx_hal_uart.o
                0x080021c8                HAL_UART_Init
 .text.HAL_UART_Transmit
                0x08002226       0xd8 build/stm32f2xx_hal_uart.o
                0x08002226                HAL_UART_Transmit
 .text.SystemInit
                0x080022fe        0x2 build/system_stm32f2xx.o
                0x080022fe                SystemInit
 .text.NRF24_csn
                0x08002300       0x2c build/MY_NRF24.o
                0x08002300                NRF24_csn
 .text.NRF24_ce
                0x0800232c       0x2c build/MY_NRF24.o
                0x0800232c                NRF24_ce
 .text.NRF24_read_register
                0x08002358       0x44 build/MY_NRF24.o
                0x08002358                NRF24_read_register
 .text.NRF24_read_registerN
                0x0800239c       0x40 build/MY_NRF24.o
                0x0800239c                NRF24_read_registerN
 .text.NRF24_write_register
                0x080023dc       0x34 build/MY_NRF24.o
                0x080023dc                NRF24_write_register
 .text.NRF24_write_registerN
                0x08002410       0x40 build/MY_NRF24.o
                0x08002410                NRF24_write_registerN
 .text.NRF24_write_payload
                0x08002450       0x40 build/MY_NRF24.o
                0x08002450                NRF24_write_payload
 .text.NRF24_flush_tx
                0x08002490        0xc build/MY_NRF24.o
                0x08002490                NRF24_flush_tx
 .text.NRF24_flush_rx
                0x0800249c        0xc build/MY_NRF24.o
                0x0800249c                NRF24_flush_rx
 .text.NRF24_get_status
                0x080024a8        0xa build/MY_NRF24.o
                0x080024a8                NRF24_get_status
 .text.NRF24_stopListening
                0x080024b2       0x12 build/MY_NRF24.o
                0x080024b2                NRF24_stopListening
 .text.NRF24_openWritingPipe
                0x080024c4       0x38 build/MY_NRF24.o
                0x080024c4                NRF24_openWritingPipe
 .text.NRF24_setRetries
                0x080024fc       0x14 build/MY_NRF24.o
                0x080024fc                NRF24_setRetries
 .text.NRF24_setChannel
                0x08002510       0x12 build/MY_NRF24.o
                0x08002510                NRF24_setChannel
 *fill*         0x08002522        0x2 
 .text.NRF24_setPayloadSize
                0x08002524       0x10 build/MY_NRF24.o
                0x08002524                NRF24_setPayloadSize
 .text.NRF24_getPayloadSize
                0x08002534        0xc build/MY_NRF24.o
                0x08002534                NRF24_getPayloadSize
 .text.NRF24_read_payload
                0x08002540       0x4c build/MY_NRF24.o
                0x08002540                NRF24_read_payload
 .text.NRF24_getDynamicPayloadSize
                0x0800258c        0xa build/MY_NRF24.o
                0x0800258c                NRF24_getDynamicPayloadSize
 .text.NRF24_read
                0x08002596       0x1c build/MY_NRF24.o
                0x08002596                NRF24_read
 *fill*         0x080025b2        0x2 
 .text.NRF24_disableDynamicPayloads
                0x080025b4       0x28 build/MY_NRF24.o
                0x080025b4                NRF24_disableDynamicPayloads
 .text.NRF24_setAutoAck
                0x080025dc       0x18 build/MY_NRF24.o
                0x080025dc                NRF24_setAutoAck
 .text.NRF24_setPALevel
                0x080025f4       0x3e build/MY_NRF24.o
                0x080025f4                NRF24_setPALevel
 *fill*         0x08002632        0x2 
 .text.NRF24_setDataRate
                0x08002634       0x58 build/MY_NRF24.o
                0x08002634                NRF24_setDataRate
 .text.NRF24_setCRCLength
                0x0800268c       0x26 build/MY_NRF24.o
                0x0800268c                NRF24_setCRCLength
 .text.NRF24_powerDown
                0x080026b2       0x14 build/MY_NRF24.o
                0x080026b2                NRF24_powerDown
 .text.NRF24_availablePipe
                0x080026c6       0x3c build/MY_NRF24.o
                0x080026c6                NRF24_availablePipe
 .text.NRF24_available
                0x08002702        0xa build/MY_NRF24.o
                0x08002702                NRF24_available
 .text.NRF24_startWrite
                0x0800270c       0x40 build/MY_NRF24.o
                0x0800270c                NRF24_startWrite
 .text.NRF24_whatHappened
                0x0800274c       0x2e build/MY_NRF24.o
                0x0800274c                NRF24_whatHappened
 .text.NRF24_resetStatus
                0x0800277a        0xc build/MY_NRF24.o
                0x0800277a                NRF24_resetStatus
 *fill*         0x08002786        0x2 
 .text.NRF24_write
                0x08002788       0x74 build/MY_NRF24.o
                0x08002788                NRF24_write
 .text.NRF24_ACTIVATE_cmd
                0x080027fc       0x34 build/MY_NRF24.o
                0x080027fc                NRF24_ACTIVATE_cmd
 .text.NRF24_enableAckPayload
                0x08002830       0x48 build/MY_NRF24.o
                0x08002830                NRF24_enableAckPayload
 .text.NRF24_enableDynamicPayloads
                0x08002878       0x54 build/MY_NRF24.o
                0x08002878                NRF24_enableDynamicPayloads
 .text.printRadioSettings
                0x080028cc      0x600 build/MY_NRF24.o
                0x080028cc                printRadioSettings
 .text.NRF24_begin
                0x08002ecc      0x1a4 build/MY_NRF24.o
                0x08002ecc                NRF24_begin
 .text.nrf24_DebugUART_Init
                0x08003070       0x24 build/MY_NRF24.o
                0x08003070                nrf24_DebugUART_Init
 .text.Reset_Handler
                0x08003094       0x50 build/startup_stm32f205xx.o
                0x08003094                Reset_Handler
 .text.Default_Handler
                0x080030e4        0x2 build/startup_stm32f205xx.o
                0x080030e4                RTC_Alarm_IRQHandler
                0x080030e4                HASH_RNG_IRQHandler
                0x080030e4                EXTI2_IRQHandler
                0x080030e4                TIM8_CC_IRQHandler
                0x080030e4                TIM1_CC_IRQHandler
                0x080030e4                DMA2_Stream5_IRQHandler
                0x080030e4                DMA1_Stream5_IRQHandler
                0x080030e4                PVD_IRQHandler
                0x080030e4                SDIO_IRQHandler
                0x080030e4                TAMP_STAMP_IRQHandler
                0x080030e4                CAN2_RX1_IRQHandler
                0x080030e4                EXTI3_IRQHandler
                0x080030e4                TIM8_TRG_COM_TIM14_IRQHandler
                0x080030e4                TIM1_UP_TIM10_IRQHandler
                0x080030e4                TIM8_UP_TIM13_IRQHandler
                0x080030e4                I2C3_ER_IRQHandler
                0x080030e4                EXTI0_IRQHandler
                0x080030e4                I2C2_EV_IRQHandler
                0x080030e4                DMA1_Stream2_IRQHandler
                0x080030e4                CAN1_RX0_IRQHandler
                0x080030e4                OTG_HS_WKUP_IRQHandler
                0x080030e4                CAN2_SCE_IRQHandler
                0x080030e4                DMA2_Stream2_IRQHandler
                0x080030e4                SPI1_IRQHandler
                0x080030e4                TIM6_DAC_IRQHandler
                0x080030e4                TIM1_BRK_TIM9_IRQHandler
                0x080030e4                CAN2_RX0_IRQHandler
                0x080030e4                DMA2_Stream3_IRQHandler
                0x080030e4                USART6_IRQHandler
                0x080030e4                USART3_IRQHandler
                0x080030e4                CAN1_RX1_IRQHandler
                0x080030e4                UART5_IRQHandler
                0x080030e4                DMA2_Stream0_IRQHandler
                0x080030e4                TIM4_IRQHandler
                0x080030e4                I2C1_EV_IRQHandler
                0x080030e4                DMA1_Stream6_IRQHandler
                0x080030e4                DMA1_Stream1_IRQHandler
                0x080030e4                UART4_IRQHandler
                0x080030e4                TIM3_IRQHandler
                0x080030e4                RCC_IRQHandler
                0x080030e4                TIM8_BRK_TIM12_IRQHandler
                0x080030e4                Default_Handler
                0x080030e4                EXTI15_10_IRQHandler
                0x080030e4                ADC_IRQHandler
                0x080030e4                DMA1_Stream7_IRQHandler
                0x080030e4                TIM7_IRQHandler
                0x080030e4                CAN2_TX_IRQHandler
                0x080030e4                TIM5_IRQHandler
                0x080030e4                DMA2_Stream7_IRQHandler
                0x080030e4                I2C3_EV_IRQHandler
                0x080030e4                EXTI9_5_IRQHandler
                0x080030e4                RTC_WKUP_IRQHandler
                0x080030e4                SPI2_IRQHandler
                0x080030e4                OTG_HS_EP1_IN_IRQHandler
                0x080030e4                DMA1_Stream0_IRQHandler
                0x080030e4                CAN1_TX_IRQHandler
                0x080030e4                EXTI4_IRQHandler
                0x080030e4                FSMC_IRQHandler
                0x080030e4                OTG_HS_EP1_OUT_IRQHandler
                0x080030e4                WWDG_IRQHandler
                0x080030e4                TIM2_IRQHandler
                0x080030e4                OTG_FS_WKUP_IRQHandler
                0x080030e4                TIM1_TRG_COM_TIM11_IRQHandler
                0x080030e4                OTG_HS_IRQHandler
                0x080030e4                EXTI1_IRQHandler
                0x080030e4                USART2_IRQHandler
                0x080030e4                I2C2_ER_IRQHandler
                0x080030e4                DMA2_Stream1_IRQHandler
                0x080030e4                CAN1_SCE_IRQHandler
                0x080030e4                FLASH_IRQHandler
                0x080030e4                DMA2_Stream4_IRQHandler
                0x080030e4                USART1_IRQHandler
                0x080030e4                OTG_FS_IRQHandler
                0x080030e4                SPI3_IRQHandler
                0x080030e4                DMA1_Stream4_IRQHandler
                0x080030e4                I2C1_ER_IRQHandler
                0x080030e4                DMA2_Stream6_IRQHandler
                0x080030e4                DMA1_Stream3_IRQHandler
 *fill*         0x080030e6        0x2 
 .text.__libc_init_array
                0x080030e8       0x48 e:/download/gnu/tools/gcc-arm-none-eabi-10.3-2021.10-win32/gcc-arm-none-eabi-10.3-2021.10/bin/../lib/gcc/arm-none-eabi/10.3.1/../../../../arm-none-eabi/lib/thumb/v7-m/nofp\libc_nano.a(lib_a-init.o)
                0x080030e8                __libc_init_array
 .text.memcpy   0x08003130       0x1c e:/download/gnu/tools/gcc-arm-none-eabi-10.3-2021.10-win32/gcc-arm-none-eabi-10.3-2021.10/bin/../lib/gcc/arm-none-eabi/10.3.1/../../../../arm-none-eabi/lib/thumb/v7-m/nofp\libc_nano.a(lib_a-memcpy-stub.o)
                0x08003130                memcpy
 .text.memmove  0x0800314c       0x34 e:/download/gnu/tools/gcc-arm-none-eabi-10.3-2021.10-win32/gcc-arm-none-eabi-10.3-2021.10/bin/../lib/gcc/arm-none-eabi/10.3.1/../../../../arm-none-eabi/lib/thumb/v7-m/nofp\libc_nano.a(lib_a-memmove.o)
                0x0800314c                memmove
 .text.memset   0x08003180       0x10 e:/download/gnu/tools/gcc-arm-none-eabi-10.3-2021.10-win32/gcc-arm-none-eabi-10.3-2021.10/bin/../lib/gcc/arm-none-eabi/10.3.1/../../../../arm-none-eabi/lib/thumb/v7-m/nofp\libc_nano.a(lib_a-memset.o)
                0x08003180                memset
 .text.sprintf  0x08003190       0x40 e:/download/gnu/tools/gcc-arm-none-eabi-10.3-2021.10-win32/gcc-arm-none-eabi-10.3-2021.10/bin/../lib/gcc/arm-none-eabi/10.3.1/../../../../arm-none-eabi/lib/thumb/v7-m/nofp\libc_nano.a(lib_a-sprintf.o)
                0x08003190                siprintf
                0x08003190                sprintf
 .text.__ssputs_r
                0x080031d0       0xb6 e:/download/gnu/tools/gcc-arm-none-eabi-10.3-2021.10-win32/gcc-arm-none-eabi-10.3-2021.10/bin/../lib/gcc/arm-none-eabi/10.3.1/../../../../arm-none-eabi/lib/thumb/v7-m/nofp\libc_nano.a(lib_a-nano-svfprintf.o)
                0x080031d0                __ssputs_r
 *fill*         0x08003286        0x2 
 .text._svfprintf_r
                0x08003288      0x200 e:/download/gnu/tools/gcc-arm-none-eabi-10.3-2021.10-win32/gcc-arm-none-eabi-10.3-2021.10/bin/../lib/gcc/arm-none-eabi/10.3.1/../../../../arm-none-eabi/lib/thumb/v7-m/nofp\libc_nano.a(lib_a-nano-svfprintf.o)
                0x08003288                _svfiprintf_r
                0x08003288                _svfprintf_r
 .text._printf_common
                0x08003488       0xde e:/download/gnu/tools/gcc-arm-none-eabi-10.3-2021.10-win32/gcc-arm-none-eabi-10.3-2021.10/bin/../lib/gcc/arm-none-eabi/10.3.1/../../../../arm-none-eabi/lib/thumb/v7-m/nofp\libc_nano.a(lib_a-nano-vfprintf_i.o)
                0x08003488                _printf_common
 *fill*         0x08003566        0x2 
 .text._printf_i
                0x08003568      0x24c e:/download/gnu/tools/gcc-arm-none-eabi-10.3-2021.10-win32/gcc-arm-none-eabi-10.3-2021.10/bin/../lib/gcc/arm-none-eabi/10.3.1/../../../../arm-none-eabi/lib/thumb/v7-m/nofp\libc_nano.a(lib_a-nano-vfprintf_i.o)
                0x08003568                _printf_i
 .text.memchr   0x080037b4       0x1c e:/download/gnu/tools/gcc-arm-none-eabi-10.3-2021.10-win32/gcc-arm-none-eabi-10.3-2021.10/bin/../lib/gcc/arm-none-eabi/10.3.1/../../../../arm-none-eabi/lib/thumb/v7-m/nofp\libc_nano.a(lib_a-memchr-stub.o)
                0x080037b4                memchr
 .text._free_r  0x080037d0       0x90 e:/download/gnu/tools/gcc-arm-none-eabi-10.3-2021.10-win32/gcc-arm-none-eabi-10.3-2021.10/bin/../lib/gcc/arm-none-eabi/10.3.1/../../../../arm-none-eabi/lib/thumb/v7-m/nofp\libc_nano.a(lib_a-nano-freer.o)
                0x080037d0                _free_r
 .text.sbrk_aligned
                0x08003860       0x40 e:/download/gnu/tools/gcc-arm-none-eabi-10.3-2021.10-win32/gcc-arm-none-eabi-10.3-2021.10/bin/../lib/gcc/arm-none-eabi/10.3.1/../../../../arm-none-eabi/lib/thumb/v7-m/nofp\libc_nano.a(lib_a-nano-mallocr.o)
 .text._malloc_r
                0x080038a0       0xe8 e:/download/gnu/tools/gcc-arm-none-eabi-10.3-2021.10-win32/gcc-arm-none-eabi-10.3-2021.10/bin/../lib/gcc/arm-none-eabi/10.3.1/../../../../arm-none-eabi/lib/thumb/v7-m/nofp\libc_nano.a(lib_a-nano-mallocr.o)
                0x080038a0                _malloc_r
 .text._realloc_r
                0x08003988       0x5e e:/download/gnu/tools/gcc-arm-none-eabi-10.3-2021.10-win32/gcc-arm-none-eabi-10.3-2021.10/bin/../lib/gcc/arm-none-eabi/10.3.1/../../../../arm-none-eabi/lib/thumb/v7-m/nofp\libc_nano.a(lib_a-nano-reallocr.o)
                0x08003988                _realloc_r
 *fill*         0x080039e6        0x2 
 .text._sbrk_r  0x080039e8       0x20 e:/download/gnu/tools/gcc-arm-none-eabi-10.3-2021.10-win32/gcc-arm-none-eabi-10.3-2021.10/bin/../lib/gcc/arm-none-eabi/10.3.1/../../../../arm-none-eabi/lib/thumb/v7-m/nofp\libc_nano.a(lib_a-sbrkr.o)
                0x080039e8                _sbrk_r
 .text.__malloc_lock
                0x08003a08        0xc e:/download/gnu/tools/gcc-arm-none-eabi-10.3-2021.10-win32/gcc-arm-none-eabi-10.3-2021.10/bin/../lib/gcc/arm-none-eabi/10.3.1/../../../../arm-none-eabi/lib/thumb/v7-m/nofp\libc_nano.a(lib_a-mlock.o)
                0x08003a08                __malloc_lock
 .text.__malloc_unlock
                0x08003a14        0xc e:/download/gnu/tools/gcc-arm-none-eabi-10.3-2021.10-win32/gcc-arm-none-eabi-10.3-2021.10/bin/../lib/gcc/arm-none-eabi/10.3.1/../../../../arm-none-eabi/lib/thumb/v7-m/nofp\libc_nano.a(lib_a-mlock.o)
                0x08003a14                __malloc_unlock
 .text._malloc_usable_size_r
                0x08003a20       0x10 e:/download/gnu/tools/gcc-arm-none-eabi-10.3-2021.10-win32/gcc-arm-none-eabi-10.3-2021.10/bin/../lib/gcc/arm-none-eabi/10.3.1/../../../../arm-none-eabi/lib/thumb/v7-m/nofp\libc_nano.a(lib_a-nano-msizer.o)
                0x08003a20                _malloc_usable_size_r
 .text.__retarget_lock_acquire_recursive
                0x08003a30        0x2 e:/download/gnu/tools/gcc-arm-none-eabi-10.3-2021.10-win32/gcc-arm-none-eabi-10.3-2021.10/bin/../lib/gcc/arm-none-eabi/10.3.1/../../../../arm-none-eabi/lib/thumb/v7-m/nofp\libc_nano.a(lib_a-lock.o)
                0x08003a30                __retarget_lock_acquire_recursive
 .text.__retarget_lock_release_recursive
                0x08003a32        0x2 e:/download/gnu/tools/gcc-arm-none-eabi-10.3-2021.10-win32/gcc-arm-none-eabi-10.3-2021.10/bin/../lib/gcc/arm-none-eabi/10.3.1/../../../../arm-none-eabi/lib/thumb/v7-m/nofp\libc_nano.a(lib_a-lock.o)
                0x08003a32                __retarget_lock_release_recursive
 .text._sbrk    0x08003a34       0x1c e:/download/gnu/tools/gcc-arm-none-eabi-10.3-2021.10-win32/gcc-arm-none-eabi-10.3-2021.10/bin/../lib/gcc/arm-none-eabi/10.3.1/../../../../arm-none-eabi/lib/thumb/v7-m/nofp\libnosys.a(sbrk.o)
                0x08003a34                _sbrk
 *(.glue_7)
 .glue_7        0x08003a50        0x0 linker stubs
 *(.glue_7t)
 .glue_7t       0x08003a50        0x0 linker stubs
 *(.eh_frame)
 .eh_frame      0x08003a50        0x0 e:/download/gnu/tools/gcc-arm-none-eabi-10.3-2021.10-win32/gcc-arm-none-eabi-10.3-2021.10/bin/../lib/gcc/arm-none-eabi/10.3.1/thumb/v7-m/nofp/crtbegin.o
 *(.init)
 .init          0x08003a50        0x4 e:/download/gnu/tools/gcc-arm-none-eabi-10.3-2021.10-win32/gcc-arm-none-eabi-10.3-2021.10/bin/../lib/gcc/arm-none-eabi/10.3.1/thumb/v7-m/nofp/crti.o
                0x08003a50                _init
 .init          0x08003a54        0x8 e:/download/gnu/tools/gcc-arm-none-eabi-10.3-2021.10-win32/gcc-arm-none-eabi-10.3-2021.10/bin/../lib/gcc/arm-none-eabi/10.3.1/thumb/v7-m/nofp/crtn.o
 *(.fini)
 .fini          0x08003a5c        0x4 e:/download/gnu/tools/gcc-arm-none-eabi-10.3-2021.10-win32/gcc-arm-none-eabi-10.3-2021.10/bin/../lib/gcc/arm-none-eabi/10.3.1/thumb/v7-m/nofp/crti.o
                0x08003a5c                _fini
 .fini          0x08003a60        0x8 e:/download/gnu/tools/gcc-arm-none-eabi-10.3-2021.10-win32/gcc-arm-none-eabi-10.3-2021.10/bin/../lib/gcc/arm-none-eabi/10.3.1/thumb/v7-m/nofp/crtn.o
                0x08003a68                . = ALIGN (0x4)
                0x08003a68                _etext = .

.vfp11_veneer   0x08003a68        0x0
 .vfp11_veneer  0x08003a68        0x0 linker stubs

.v4_bx          0x08003a68        0x0
 .v4_bx         0x08003a68        0x0 linker stubs

.iplt           0x08003a68        0x0
 .iplt          0x08003a68        0x0 e:/download/gnu/tools/gcc-arm-none-eabi-10.3-2021.10-win32/gcc-arm-none-eabi-10.3-2021.10/bin/../lib/gcc/arm-none-eabi/10.3.1/thumb/v7-m/nofp/crtbegin.o

.rodata         0x08003a68      0x494
                0x08003a68                . = ALIGN (0x4)
 *(.rodata)
 *(.rodata*)
 .rodata.AHBPrescTable
                0x08003a68       0x10 build/system_stm32f2xx.o
                0x08003a68                AHBPrescTable
 .rodata.APBPrescTable
                0x08003a78        0x8 build/system_stm32f2xx.o
                0x08003a78                APBPrescTable
 .rodata.printRadioSettings.str1.4
                0x08003a80      0x447 build/MY_NRF24.o
 .rodata._svfprintf_r.str1.1
                0x08003ec7       0x11 e:/download/gnu/tools/gcc-arm-none-eabi-10.3-2021.10-win32/gcc-arm-none-eabi-10.3-2021.10/bin/../lib/gcc/arm-none-eabi/10.3.1/../../../../arm-none-eabi/lib/thumb/v7-m/nofp\libc_nano.a(lib_a-nano-svfprintf.o)
 .rodata._printf_i.str1.1
                0x08003ed8       0x22 e:/download/gnu/tools/gcc-arm-none-eabi-10.3-2021.10-win32/gcc-arm-none-eabi-10.3-2021.10/bin/../lib/gcc/arm-none-eabi/10.3.1/../../../../arm-none-eabi/lib/thumb/v7-m/nofp\libc_nano.a(lib_a-nano-vfprintf_i.o)
                0x08003efc                . = ALIGN (0x4)
 *fill*         0x08003efa        0x2 

.ARM.extab
 *(.ARM.extab* .gnu.linkonce.armextab.*)

.ARM            0x08003efc        0x8
                0x08003efc                __exidx_start = .
 *(.ARM.exidx*)
 .ARM.exidx     0x08003efc        0x8 e:/download/gnu/tools/gcc-arm-none-eabi-10.3-2021.10-win32/gcc-arm-none-eabi-10.3-2021.10/bin/../lib/gcc/arm-none-eabi/10.3.1/thumb/v7-m/nofp\libgcc.a(_udivmoddi4.o)
                0x08003f04                __exidx_end = .

.rel.dyn        0x08003f04        0x0
 .rel.iplt      0x08003f04        0x0 e:/download/gnu/tools/gcc-arm-none-eabi-10.3-2021.10-win32/gcc-arm-none-eabi-10.3-2021.10/bin/../lib/gcc/arm-none-eabi/10.3.1/thumb/v7-m/nofp/crtbegin.o

.preinit_array  0x08003f04        0x0
                0x08003f04                PROVIDE (__preinit_array_start = .)
 *(.preinit_array*)
                0x08003f04                PROVIDE (__preinit_array_end = .)

.init_array     0x08003f04        0x4
                0x08003f04                PROVIDE (__init_array_start = .)
 *(SORT_BY_NAME(.init_array.*))
 *(.init_array*)
 .init_array    0x08003f04        0x4 e:/download/gnu/tools/gcc-arm-none-eabi-10.3-2021.10-win32/gcc-arm-none-eabi-10.3-2021.10/bin/../lib/gcc/arm-none-eabi/10.3.1/thumb/v7-m/nofp/crtbegin.o
                0x08003f08                PROVIDE (__init_array_end = .)

.fini_array     0x08003f08        0x4
                [!provide]                PROVIDE (__fini_array_start = .)
 *(SORT_BY_NAME(.fini_array.*))
 *(.fini_array*)
 .fini_array    0x08003f08        0x4 e:/download/gnu/tools/gcc-arm-none-eabi-10.3-2021.10-win32/gcc-arm-none-eabi-10.3-2021.10/bin/../lib/gcc/arm-none-eabi/10.3.1/thumb/v7-m/nofp/crtbegin.o
                [!provide]                PROVIDE (__fini_array_end = .)
                0x08003f0c                _sidata = LOADADDR (.data)

.data           0x20000000       0x98 load address 0x08003f0c
                0x20000000                . = ALIGN (0x4)
                0x20000000                _sdata = .
 *(.data)
 *(.data*)
 .data.MyTxData
                0x20000000       0x20 build/main.o
                0x20000000                MyTxData
 .data.TxpipeAddrs
                0x20000020        0x8 build/main.o
                0x20000020                TxpipeAddrs
 .data.uwTickFreq
                0x20000028        0x1 build/stm32f2xx_hal.o
                0x20000028                uwTickFreq
 *fill*         0x20000029        0x3 
 .data.uwTickPrio
                0x2000002c        0x4 build/stm32f2xx_hal.o
                0x2000002c                uwTickPrio
 .data.SystemCoreClock
                0x20000030        0x4 build/system_stm32f2xx.o
                0x20000030                SystemCoreClock
 .data._impure_ptr
                0x20000034        0x4 e:/download/gnu/tools/gcc-arm-none-eabi-10.3-2021.10-win32/gcc-arm-none-eabi-10.3-2021.10/bin/../lib/gcc/arm-none-eabi/10.3.1/../../../../arm-none-eabi/lib/thumb/v7-m/nofp\libc_nano.a(lib_a-impure.o)
                0x20000034                _impure_ptr
 .data.impure_data
                0x20000038       0x60 e:/download/gnu/tools/gcc-arm-none-eabi-10.3-2021.10-win32/gcc-arm-none-eabi-10.3-2021.10/bin/../lib/gcc/arm-none-eabi/10.3.1/../../../../arm-none-eabi/lib/thumb/v7-m/nofp\libc_nano.a(lib_a-impure.o)
                0x20000098                . = ALIGN (0x4)
                0x20000098                _edata = .

.igot.plt       0x20000098        0x0 load address 0x08003fa4
 .igot.plt      0x20000098        0x0 e:/download/gnu/tools/gcc-arm-none-eabi-10.3-2021.10-win32/gcc-arm-none-eabi-10.3-2021.10/bin/../lib/gcc/arm-none-eabi/10.3.1/thumb/v7-m/nofp/crtbegin.o
                0x20000098                . = ALIGN (0x4)

.bss            0x20000098      0x23c load address 0x08003fa4
                0x20000098                _sbss = .
                0x20000098                __bss_start__ = _sbss
 *(.bss)
 .bss           0x20000098       0x1c e:/download/gnu/tools/gcc-arm-none-eabi-10.3-2021.10-win32/gcc-arm-none-eabi-10.3-2021.10/bin/../lib/gcc/arm-none-eabi/10.3.1/thumb/v7-m/nofp/crtbegin.o
 *(.bss*)
 .bss.AckPayLoad
                0x200000b4       0x21 build/main.o
                0x200000b4                AckPayLoad
 *fill*         0x200000d5        0x3 
 .bss.hadc1     0x200000d8       0x48 build/main.o
                0x200000d8                hadc1
 .bss.hi2c1     0x20000120       0x54 build/main.o
                0x20000120                hi2c1
 .bss.hspi3     0x20000174       0x58 build/main.o
                0x20000174                hspi3
 .bss.huart3    0x200001cc       0x44 build/main.o
                0x200001cc                huart3
 .bss.uwTick    0x20000210        0x4 build/stm32f2xx_hal.o
                0x20000210                uwTick
 .bss.ack_payload_available
                0x20000214        0x1 build/MY_NRF24.o
 .bss.ack_payload_length
                0x20000215        0x1 build/MY_NRF24.o
 .bss.dynamic_payloads_enabled
                0x20000216        0x1 build/MY_NRF24.o
 *fill*         0x20000217        0x1 
 .bss.nrf24_CE_PIN
                0x20000218        0x2 build/MY_NRF24.o
 .bss.nrf24_CSN_PIN
                0x2000021a        0x2 build/MY_NRF24.o
 .bss.nrf24_PORT
                0x2000021c        0x4 build/MY_NRF24.o
 .bss.nrf24_hspi
                0x20000220       0x58 build/MY_NRF24.o
 .bss.nrf24_huart
                0x20000278       0x44 build/MY_NRF24.o
 .bss.payload_size
                0x200002bc        0x1 build/MY_NRF24.o
 .bss.wide_band
                0x200002bd        0x1 build/MY_NRF24.o
 *fill*         0x200002be        0x2 
 .bss.__malloc_free_list
                0x200002c0        0x4 e:/download/gnu/tools/gcc-arm-none-eabi-10.3-2021.10-win32/gcc-arm-none-eabi-10.3-2021.10/bin/../lib/gcc/arm-none-eabi/10.3.1/../../../../arm-none-eabi/lib/thumb/v7-m/nofp\libc_nano.a(lib_a-nano-mallocr.o)
                0x200002c0                __malloc_free_list
 .bss.__malloc_sbrk_start
                0x200002c4        0x4 e:/download/gnu/tools/gcc-arm-none-eabi-10.3-2021.10-win32/gcc-arm-none-eabi-10.3-2021.10/bin/../lib/gcc/arm-none-eabi/10.3.1/../../../../arm-none-eabi/lib/thumb/v7-m/nofp\libc_nano.a(lib_a-nano-mallocr.o)
                0x200002c4                __malloc_sbrk_start
 .bss.errno     0x200002c8        0x4 e:/download/gnu/tools/gcc-arm-none-eabi-10.3-2021.10-win32/gcc-arm-none-eabi-10.3-2021.10/bin/../lib/gcc/arm-none-eabi/10.3.1/../../../../arm-none-eabi/lib/thumb/v7-m/nofp\libc_nano.a(lib_a-reent.o)
                0x200002c8                errno
 .bss.__lock___malloc_recursive_mutex
                0x200002cc        0x1 e:/download/gnu/tools/gcc-arm-none-eabi-10.3-2021.10-win32/gcc-arm-none-eabi-10.3-2021.10/bin/../lib/gcc/arm-none-eabi/10.3.1/../../../../arm-none-eabi/lib/thumb/v7-m/nofp\libc_nano.a(lib_a-lock.o)
                0x200002cc                __lock___malloc_recursive_mutex
 *fill*         0x200002cd        0x3 
 .bss.heap_end.0
                0x200002d0        0x4 e:/download/gnu/tools/gcc-arm-none-eabi-10.3-2021.10-win32/gcc-arm-none-eabi-10.3-2021.10/bin/../lib/gcc/arm-none-eabi/10.3.1/../../../../arm-none-eabi/lib/thumb/v7-m/nofp\libnosys.a(sbrk.o)
 *(COMMON)
                0x200002d4                . = ALIGN (0x4)
                0x200002d4                _ebss = .
                0x200002d4                __bss_end__ = _ebss

._user_heap_stack
                0x200002d4      0x604 load address 0x08003fa4
                0x200002d8                . = ALIGN (0x8)
 *fill*         0x200002d4        0x4 
                0x200002d8                PROVIDE (end = .)
                [!provide]                PROVIDE (_end = .)
                0x200004d8                . = (. + _Min_Heap_Size)
 *fill*         0x200002d8      0x200 
                0x200008d8                . = (. + _Min_Stack_Size)
 *fill*         0x200004d8      0x400 
                0x200008d8                . = ALIGN (0x8)

/DISCARD/
 libc.a(*)
 libm.a(*)
 libgcc.a(*)

.ARM.attributes
                0x00000000       0x29
 *(.ARM.attributes)
 .ARM.attributes
                0x00000000       0x1d e:/download/gnu/tools/gcc-arm-none-eabi-10.3-2021.10-win32/gcc-arm-none-eabi-10.3-2021.10/bin/../lib/gcc/arm-none-eabi/10.3.1/thumb/v7-m/nofp/crti.o
 .ARM.attributes
                0x0000001d       0x2d e:/download/gnu/tools/gcc-arm-none-eabi-10.3-2021.10-win32/gcc-arm-none-eabi-10.3-2021.10/bin/../lib/gcc/arm-none-eabi/10.3.1/thumb/v7-m/nofp/crtbegin.o
 .ARM.attributes
                0x0000004a       0x2d build/main.o
 .ARM.attributes
                0x00000077       0x2d build/stm32f2xx_it.o
 .ARM.attributes
                0x000000a4       0x2d build/stm32f2xx_hal_msp.o
 .ARM.attributes
                0x000000d1       0x2d build/stm32f2xx_hal_adc.o
 .ARM.attributes
                0x000000fe       0x2d build/stm32f2xx_hal.o
 .ARM.attributes
                0x0000012b       0x2d build/stm32f2xx_hal_rcc.o
 .ARM.attributes
                0x00000158       0x2d build/stm32f2xx_hal_cortex.o
 .ARM.attributes
                0x00000185       0x2d build/stm32f2xx_hal_gpio.o
 .ARM.attributes
                0x000001b2       0x2d build/stm32f2xx_hal_i2c.o
 .ARM.attributes
                0x000001df       0x2d build/stm32f2xx_hal_spi.o
 .ARM.attributes
                0x0000020c       0x2d build/stm32f2xx_hal_uart.o
 .ARM.attributes
                0x00000239       0x2d build/system_stm32f2xx.o
 .ARM.attributes
                0x00000266       0x2d build/MY_NRF24.o
 .ARM.attributes
                0x00000293       0x21 build/startup_stm32f205xx.o
 .ARM.attributes
                0x000002b4       0x2d e:/download/gnu/tools/gcc-arm-none-eabi-10.3-2021.10-win32/gcc-arm-none-eabi-10.3-2021.10/bin/../lib/gcc/arm-none-eabi/10.3.1/../../../../arm-none-eabi/lib/thumb/v7-m/nofp\libc_nano.a(lib_a-impure.o)
 .ARM.attributes
                0x000002e1       0x2d e:/download/gnu/tools/gcc-arm-none-eabi-10.3-2021.10-win32/gcc-arm-none-eabi-10.3-2021.10/bin/../lib/gcc/arm-none-eabi/10.3.1/../../../../arm-none-eabi/lib/thumb/v7-m/nofp\libc_nano.a(lib_a-init.o)
 .ARM.attributes
                0x0000030e       0x2d e:/download/gnu/tools/gcc-arm-none-eabi-10.3-2021.10-win32/gcc-arm-none-eabi-10.3-2021.10/bin/../lib/gcc/arm-none-eabi/10.3.1/../../../../arm-none-eabi/lib/thumb/v7-m/nofp\libc_nano.a(lib_a-memcpy-stub.o)
 .ARM.attributes
                0x0000033b       0x2d e:/download/gnu/tools/gcc-arm-none-eabi-10.3-2021.10-win32/gcc-arm-none-eabi-10.3-2021.10/bin/../lib/gcc/arm-none-eabi/10.3.1/../../../../arm-none-eabi/lib/thumb/v7-m/nofp\libc_nano.a(lib_a-memmove.o)
 .ARM.attributes
                0x00000368       0x2d e:/download/gnu/tools/gcc-arm-none-eabi-10.3-2021.10-win32/gcc-arm-none-eabi-10.3-2021.10/bin/../lib/gcc/arm-none-eabi/10.3.1/../../../../arm-none-eabi/lib/thumb/v7-m/nofp\libc_nano.a(lib_a-memset.o)
 .ARM.attributes
                0x00000395       0x2d e:/download/gnu/tools/gcc-arm-none-eabi-10.3-2021.10-win32/gcc-arm-none-eabi-10.3-2021.10/bin/../lib/gcc/arm-none-eabi/10.3.1/../../../../arm-none-eabi/lib/thumb/v7-m/nofp\libc_nano.a(lib_a-sprintf.o)
 .ARM.attributes
                0x000003c2       0x17 e:/download/gnu/tools/gcc-arm-none-eabi-10.3-2021.10-win32/gcc-arm-none-eabi-10.3-2021.10/bin/../lib/gcc/arm-none-eabi/10.3.1/../../../../arm-none-eabi/lib/thumb/v7-m/nofp\libc_nano.a(lib_a-strlen.o)
 .ARM.attributes
                0x000003d9       0x2d e:/download/gnu/tools/gcc-arm-none-eabi-10.3-2021.10-win32/gcc-arm-none-eabi-10.3-2021.10/bin/../lib/gcc/arm-none-eabi/10.3.1/../../../../arm-none-eabi/lib/thumb/v7-m/nofp\libc_nano.a(lib_a-nano-svfprintf.o)
 .ARM.attributes
                0x00000406       0x2d e:/download/gnu/tools/gcc-arm-none-eabi-10.3-2021.10-win32/gcc-arm-none-eabi-10.3-2021.10/bin/../lib/gcc/arm-none-eabi/10.3.1/../../../../arm-none-eabi/lib/thumb/v7-m/nofp\libc_nano.a(lib_a-nano-vfprintf_i.o)
 .ARM.attributes
                0x00000433       0x2d e:/download/gnu/tools/gcc-arm-none-eabi-10.3-2021.10-win32/gcc-arm-none-eabi-10.3-2021.10/bin/../lib/gcc/arm-none-eabi/10.3.1/../../../../arm-none-eabi/lib/thumb/v7-m/nofp\libc_nano.a(lib_a-memchr-stub.o)
 .ARM.attributes
                0x00000460       0x2d e:/download/gnu/tools/gcc-arm-none-eabi-10.3-2021.10-win32/gcc-arm-none-eabi-10.3-2021.10/bin/../lib/gcc/arm-none-eabi/10.3.1/../../../../arm-none-eabi/lib/thumb/v7-m/nofp\libc_nano.a(lib_a-nano-freer.o)
 .ARM.attributes
                0x0000048d       0x2d e:/download/gnu/tools/gcc-arm-none-eabi-10.3-2021.10-win32/gcc-arm-none-eabi-10.3-2021.10/bin/../lib/gcc/arm-none-eabi/10.3.1/../../../../arm-none-eabi/lib/thumb/v7-m/nofp\libc_nano.a(lib_a-nano-mallocr.o)
 .ARM.attributes
                0x000004ba       0x2d e:/download/gnu/tools/gcc-arm-none-eabi-10.3-2021.10-win32/gcc-arm-none-eabi-10.3-2021.10/bin/../lib/gcc/arm-none-eabi/10.3.1/../../../../arm-none-eabi/lib/thumb/v7-m/nofp\libc_nano.a(lib_a-nano-reallocr.o)
 .ARM.attributes
                0x000004e7       0x2d e:/download/gnu/tools/gcc-arm-none-eabi-10.3-2021.10-win32/gcc-arm-none-eabi-10.3-2021.10/bin/../lib/gcc/arm-none-eabi/10.3.1/../../../../arm-none-eabi/lib/thumb/v7-m/nofp\libc_nano.a(lib_a-sbrkr.o)
 .ARM.attributes
                0x00000514       0x2d e:/download/gnu/tools/gcc-arm-none-eabi-10.3-2021.10-win32/gcc-arm-none-eabi-10.3-2021.10/bin/../lib/gcc/arm-none-eabi/10.3.1/../../../../arm-none-eabi/lib/thumb/v7-m/nofp\libc_nano.a(lib_a-mlock.o)
 .ARM.attributes
                0x00000541       0x2d e:/download/gnu/tools/gcc-arm-none-eabi-10.3-2021.10-win32/gcc-arm-none-eabi-10.3-2021.10/bin/../lib/gcc/arm-none-eabi/10.3.1/../../../../arm-none-eabi/lib/thumb/v7-m/nofp\libc_nano.a(lib_a-nano-msizer.o)
 .ARM.attributes
                0x0000056e       0x2d e:/download/gnu/tools/gcc-arm-none-eabi-10.3-2021.10-win32/gcc-arm-none-eabi-10.3-2021.10/bin/../lib/gcc/arm-none-eabi/10.3.1/../../../../arm-none-eabi/lib/thumb/v7-m/nofp\libc_nano.a(lib_a-reent.o)
 .ARM.attributes
                0x0000059b       0x2d e:/download/gnu/tools/gcc-arm-none-eabi-10.3-2021.10-win32/gcc-arm-none-eabi-10.3-2021.10/bin/../lib/gcc/arm-none-eabi/10.3.1/../../../../arm-none-eabi/lib/thumb/v7-m/nofp\libc_nano.a(lib_a-lock.o)
 .ARM.attributes
                0x000005c8       0x2d e:/download/gnu/tools/gcc-arm-none-eabi-10.3-2021.10-win32/gcc-arm-none-eabi-10.3-2021.10/bin/../lib/gcc/arm-none-eabi/10.3.1/../../../../arm-none-eabi/lib/thumb/v7-m/nofp\libnosys.a(sbrk.o)
 .ARM.attributes
                0x000005f5       0x1d e:/download/gnu/tools/gcc-arm-none-eabi-10.3-2021.10-win32/gcc-arm-none-eabi-10.3-2021.10/bin/../lib/gcc/arm-none-eabi/10.3.1/thumb/v7-m/nofp\libgcc.a(_aeabi_uldivmod.o)
 .ARM.attributes
                0x00000612       0x2d e:/download/gnu/tools/gcc-arm-none-eabi-10.3-2021.10-win32/gcc-arm-none-eabi-10.3-2021.10/bin/../lib/gcc/arm-none-eabi/10.3.1/thumb/v7-m/nofp\libgcc.a(_udivmoddi4.o)
 .ARM.attributes
                0x0000063f       0x1d e:/download/gnu/tools/gcc-arm-none-eabi-10.3-2021.10-win32/gcc-arm-none-eabi-10.3-2021.10/bin/../lib/gcc/arm-none-eabi/10.3.1/thumb/v7-m/nofp\libgcc.a(_dvmd_tls.o)
 .ARM.attributes
                0x0000065c       0x1d e:/download/gnu/tools/gcc-arm-none-eabi-10.3-2021.10-win32/gcc-arm-none-eabi-10.3-2021.10/bin/../lib/gcc/arm-none-eabi/10.3.1/thumb/v7-m/nofp/crtn.o
OUTPUT(build/Controller_board.elf elf32-littlearm)
LOAD linker stubs
LOAD e:/download/gnu/tools/gcc-arm-none-eabi-10.3-2021.10-win32/gcc-arm-none-eabi-10.3-2021.10/bin/../lib/gcc/arm-none-eabi/10.3.1/../../../../arm-none-eabi/lib/thumb/v7-m/nofp\libc.a
LOAD e:/download/gnu/tools/gcc-arm-none-eabi-10.3-2021.10-win32/gcc-arm-none-eabi-10.3-2021.10/bin/../lib/gcc/arm-none-eabi/10.3.1/../../../../arm-none-eabi/lib/thumb/v7-m/nofp\libm.a
LOAD e:/download/gnu/tools/gcc-arm-none-eabi-10.3-2021.10-win32/gcc-arm-none-eabi-10.3-2021.10/bin/../lib/gcc/arm-none-eabi/10.3.1/thumb/v7-m/nofp\libgcc.a

.debug_info     0x00000000    0x125e7
 .debug_info    0x00000000     0x1af7 build/main.o
 .debug_info    0x00001af7      0x15a build/stm32f2xx_it.o
 .debug_info    0x00001c51     0x1599 build/stm32f2xx_hal_msp.o
 .debug_info    0x000031ea      0xfd3 build/stm32f2xx_hal_adc.o
 .debug_info    0x000041bd      0xb5f build/stm32f2xx_hal.o
 .debug_info    0x00004d1c      0xe71 build/stm32f2xx_hal_rcc.o
 .debug_info    0x00005b8d     0x1162 build/stm32f2xx_hal_cortex.o
 .debug_info    0x00006cef      0x804 build/stm32f2xx_hal_gpio.o
 .debug_info    0x000074f3     0x3b39 build/stm32f2xx_hal_i2c.o
 .debug_info    0x0000b02c     0x1fb9 build/stm32f2xx_hal_spi.o
 .debug_info    0x0000cfe5     0x1e6c build/stm32f2xx_hal_uart.o
 .debug_info    0x0000ee51      0x3cd build/system_stm32f2xx.o
 .debug_info    0x0000f21e     0x33a7 build/MY_NRF24.o
 .debug_info    0x000125c5       0x22 build/startup_stm32f205xx.o

.debug_abbrev   0x00000000     0x202b
 .debug_abbrev  0x00000000      0x2b5 build/main.o
 .debug_abbrev  0x000002b5       0x81 build/stm32f2xx_it.o
 .debug_abbrev  0x00000336      0x1e0 build/stm32f2xx_hal_msp.o
 .debug_abbrev  0x00000516      0x2e2 build/stm32f2xx_hal_adc.o
 .debug_abbrev  0x000007f8      0x286 build/stm32f2xx_hal.o
 .debug_abbrev  0x00000a7e      0x2f3 build/stm32f2xx_hal_rcc.o
 .debug_abbrev  0x00000d71      0x382 build/stm32f2xx_hal_cortex.o
 .debug_abbrev  0x000010f3      0x222 build/stm32f2xx_hal_gpio.o
 .debug_abbrev  0x00001315      0x2f3 build/stm32f2xx_hal_i2c.o
 .debug_abbrev  0x00001608      0x2a6 build/stm32f2xx_hal_spi.o
 .debug_abbrev  0x000018ae      0x2bf build/stm32f2xx_hal_uart.o
 .debug_abbrev  0x00001b6d      0x11b build/system_stm32f2xx.o
 .debug_abbrev  0x00001c88      0x391 build/MY_NRF24.o
 .debug_abbrev  0x00002019       0x12 build/startup_stm32f205xx.o

.debug_loc      0x00000000     0xd808
 .debug_loc     0x00000000      0x150 build/main.o
 .debug_loc     0x00000150       0x20 build/stm32f2xx_it.o
 .debug_loc     0x00000170      0x3af build/stm32f2xx_hal_msp.o
 .debug_loc     0x0000051f      0xca2 build/stm32f2xx_hal_adc.o
 .debug_loc     0x000011c1      0x24e build/stm32f2xx_hal.o
 .debug_loc     0x0000140f      0x91f build/stm32f2xx_hal_rcc.o
 .debug_loc     0x00001d2e      0x7a4 build/stm32f2xx_hal_cortex.o
 .debug_loc     0x000024d2      0x482 build/stm32f2xx_hal_gpio.o
 .debug_loc     0x00002954     0x4e35 build/stm32f2xx_hal_i2c.o
 .debug_loc     0x00007789     0x246d build/stm32f2xx_hal_spi.o
 .debug_loc     0x00009bf6     0x2688 build/stm32f2xx_hal_uart.o
 .debug_loc     0x0000c27e      0x158 build/system_stm32f2xx.o
 .debug_loc     0x0000c3d6     0x1432 build/MY_NRF24.o

.debug_aranges  0x00000000      0xd08
 .debug_aranges
                0x00000000       0x58 build/main.o
 .debug_aranges
                0x00000058       0x60 build/stm32f2xx_it.o
 .debug_aranges
                0x000000b8       0x60 build/stm32f2xx_hal_msp.o
 .debug_aranges
                0x00000118       0xe8 build/stm32f2xx_hal_adc.o
 .debug_aranges
                0x00000200       0xf0 build/stm32f2xx_hal.o
 .debug_aranges
                0x000002f0       0x88 build/stm32f2xx_hal_rcc.o
 .debug_aranges
                0x00000378       0xa8 build/stm32f2xx_hal_cortex.o
 .debug_aranges
                0x00000420       0x58 build/stm32f2xx_hal_gpio.o
 .debug_aranges
                0x00000478      0x2a0 build/stm32f2xx_hal_i2c.o
 .debug_aranges
                0x00000718      0x1d0 build/stm32f2xx_hal_spi.o
 .debug_aranges
                0x000008e8      0x200 build/stm32f2xx_hal_uart.o
 .debug_aranges
                0x00000ae8       0x28 build/system_stm32f2xx.o
 .debug_aranges
                0x00000b10      0x1d0 build/MY_NRF24.o
 .debug_aranges
                0x00000ce0       0x28 build/startup_stm32f205xx.o

.debug_ranges   0x00000000      0xcf0
 .debug_ranges  0x00000000       0x48 build/main.o
 .debug_ranges  0x00000048       0x50 build/stm32f2xx_it.o
 .debug_ranges  0x00000098       0x50 build/stm32f2xx_hal_msp.o
 .debug_ranges  0x000000e8       0xd8 build/stm32f2xx_hal_adc.o
 .debug_ranges  0x000001c0       0xe0 build/stm32f2xx_hal.o
 .debug_ranges  0x000002a0       0xa8 build/stm32f2xx_hal_rcc.o
 .debug_ranges  0x00000348       0xf8 build/stm32f2xx_hal_cortex.o
 .debug_ranges  0x00000440       0x48 build/stm32f2xx_hal_gpio.o
 .debug_ranges  0x00000488      0x2a8 build/stm32f2xx_hal_i2c.o
 .debug_ranges  0x00000730      0x1c0 build/stm32f2xx_hal_spi.o
 .debug_ranges  0x000008f0      0x1f0 build/stm32f2xx_hal_uart.o
 .debug_ranges  0x00000ae0       0x18 build/system_stm32f2xx.o
 .debug_ranges  0x00000af8      0x1d8 build/MY_NRF24.o
 .debug_ranges  0x00000cd0       0x20 build/startup_stm32f205xx.o

.debug_line     0x00000000     0xec6b
 .debug_line    0x00000000      0x69d build/main.o
 .debug_line    0x0000069d      0x177 build/stm32f2xx_it.o
 .debug_line    0x00000814      0x4bd build/stm32f2xx_hal_msp.o
 .debug_line    0x00000cd1     0x1049 build/stm32f2xx_hal_adc.o
 .debug_line    0x00001d1a      0x603 build/stm32f2xx_hal.o
 .debug_line    0x0000231d      0xd22 build/stm32f2xx_hal_rcc.o
 .debug_line    0x0000303f      0x7c6 build/stm32f2xx_hal_cortex.o
 .debug_line    0x00003805      0x6de build/stm32f2xx_hal_gpio.o
 .debug_line    0x00003ee3     0x5377 build/stm32f2xx_hal_i2c.o
 .debug_line    0x0000925a     0x24ab build/stm32f2xx_hal_spi.o
 .debug_line    0x0000b705     0x2119 build/stm32f2xx_hal_uart.o
 .debug_line    0x0000d81e      0x271 build/system_stm32f2xx.o
 .debug_line    0x0000da8f     0x1166 build/MY_NRF24.o
 .debug_line    0x0000ebf5       0x76 build/startup_stm32f205xx.o

.debug_str      0x00000000     0x3d9e
 .debug_str     0x00000000      0xfea build/main.o
                               0x10f9 (size before relaxing)
 .debug_str     0x00000fea       0xb4 build/stm32f2xx_it.o
                                0x1ee (size before relaxing)
 .debug_str     0x0000109e       0xcd build/stm32f2xx_hal_msp.o
                                0xd67 (size before relaxing)
 .debug_str     0x0000116b      0x2ec build/stm32f2xx_hal_adc.o
                                0x918 (size before relaxing)
 .debug_str     0x00001457      0x7fe build/stm32f2xx_hal.o
                                0xb1d (size before relaxing)
 .debug_str     0x00001c55      0x1cc build/stm32f2xx_hal_rcc.o
                                0x6cf (size before relaxing)
 .debug_str     0x00001e21      0x4a8 build/stm32f2xx_hal_cortex.o
                                0xbd0 (size before relaxing)
 .debug_str     0x000022c9      0x123 build/stm32f2xx_hal_gpio.o
                                0x48e (size before relaxing)
 .debug_str     0x000023ec      0x8aa build/stm32f2xx_hal_i2c.o
                                0xfef (size before relaxing)
 .debug_str     0x00002c96      0x510 build/stm32f2xx_hal_spi.o
                                0xbb9 (size before relaxing)
 .debug_str     0x000031a6      0x5d3 build/stm32f2xx_hal_uart.o
                                0xccf (size before relaxing)
 .debug_str     0x00003779       0x47 build/system_stm32f2xx.o
                                0x2e0 (size before relaxing)
 .debug_str     0x000037c0      0x5ba build/MY_NRF24.o
                                0xf5a (size before relaxing)
 .debug_str     0x00003d7a       0x24 build/startup_stm32f205xx.o
                                 0x3f (size before relaxing)

.comment        0x00000000       0x49
 .comment       0x00000000       0x49 build/main.o
                                 0x4a (size before relaxing)
 .comment       0x00000049       0x4a build/stm32f2xx_it.o
 .comment       0x00000049       0x4a build/stm32f2xx_hal_msp.o
 .comment       0x00000049       0x4a build/stm32f2xx_hal_adc.o
 .comment       0x00000049       0x4a build/stm32f2xx_hal.o
 .comment       0x00000049       0x4a build/stm32f2xx_hal_rcc.o
 .comment       0x00000049       0x4a build/stm32f2xx_hal_cortex.o
 .comment       0x00000049       0x4a build/stm32f2xx_hal_gpio.o
 .comment       0x00000049       0x4a build/stm32f2xx_hal_i2c.o
 .comment       0x00000049       0x4a build/stm32f2xx_hal_spi.o
 .comment       0x00000049       0x4a build/stm32f2xx_hal_uart.o
 .comment       0x00000049       0x4a build/system_stm32f2xx.o
 .comment       0x00000049       0x4a build/MY_NRF24.o

.debug_frame    0x00000000     0x2a50
 .debug_frame   0x00000000       0xe8 build/main.o
 .debug_frame   0x000000e8       0xa8 build/stm32f2xx_it.o
 .debug_frame   0x00000190      0x10c build/stm32f2xx_hal_msp.o
 .debug_frame   0x0000029c      0x268 build/stm32f2xx_hal_adc.o
 .debug_frame   0x00000504      0x1f0 build/stm32f2xx_hal.o
 .debug_frame   0x000006f4      0x178 build/stm32f2xx_hal_rcc.o
 .debug_frame   0x0000086c      0x148 build/stm32f2xx_hal_cortex.o
 .debug_frame   0x000009b4       0xd0 build/stm32f2xx_hal_gpio.o
 .debug_frame   0x00000a84      0x970 build/stm32f2xx_hal_i2c.o
 .debug_frame   0x000013f4      0x5a4 build/stm32f2xx_hal_spi.o
 .debug_frame   0x00001998      0x5c8 build/stm32f2xx_hal_uart.o
 .debug_frame   0x00001f60       0x30 build/system_stm32f2xx.o
 .debug_frame   0x00001f90      0x5d8 build/MY_NRF24.o
 .debug_frame   0x00002568       0x2c e:/download/gnu/tools/gcc-arm-none-eabi-10.3-2021.10-win32/gcc-arm-none-eabi-10.3-2021.10/bin/../lib/gcc/arm-none-eabi/10.3.1/../../../../arm-none-eabi/lib/thumb/v7-m/nofp\libc_nano.a(lib_a-init.o)
 .debug_frame   0x00002594       0x28 e:/download/gnu/tools/gcc-arm-none-eabi-10.3-2021.10-win32/gcc-arm-none-eabi-10.3-2021.10/bin/../lib/gcc/arm-none-eabi/10.3.1/../../../../arm-none-eabi/lib/thumb/v7-m/nofp\libc_nano.a(lib_a-memcpy-stub.o)
 .debug_frame   0x000025bc       0x28 e:/download/gnu/tools/gcc-arm-none-eabi-10.3-2021.10-win32/gcc-arm-none-eabi-10.3-2021.10/bin/../lib/gcc/arm-none-eabi/10.3.1/../../../../arm-none-eabi/lib/thumb/v7-m/nofp\libc_nano.a(lib_a-memmove.o)
 .debug_frame   0x000025e4       0x20 e:/download/gnu/tools/gcc-arm-none-eabi-10.3-2021.10-win32/gcc-arm-none-eabi-10.3-2021.10/bin/../lib/gcc/arm-none-eabi/10.3.1/../../../../arm-none-eabi/lib/thumb/v7-m/nofp\libc_nano.a(lib_a-memset.o)
 .debug_frame   0x00002604       0x6c e:/download/gnu/tools/gcc-arm-none-eabi-10.3-2021.10-win32/gcc-arm-none-eabi-10.3-2021.10/bin/../lib/gcc/arm-none-eabi/10.3.1/../../../../arm-none-eabi/lib/thumb/v7-m/nofp\libc_nano.a(lib_a-sprintf.o)
 .debug_frame   0x00002670       0x90 e:/download/gnu/tools/gcc-arm-none-eabi-10.3-2021.10-win32/gcc-arm-none-eabi-10.3-2021.10/bin/../lib/gcc/arm-none-eabi/10.3.1/../../../../arm-none-eabi/lib/thumb/v7-m/nofp\libc_nano.a(lib_a-nano-svfprintf.o)
 .debug_frame   0x00002700       0x60 e:/download/gnu/tools/gcc-arm-none-eabi-10.3-2021.10-win32/gcc-arm-none-eabi-10.3-2021.10/bin/../lib/gcc/arm-none-eabi/10.3.1/../../../../arm-none-eabi/lib/thumb/v7-m/nofp\libc_nano.a(lib_a-nano-vfprintf_i.o)
 .debug_frame   0x00002760       0x28 e:/download/gnu/tools/gcc-arm-none-eabi-10.3-2021.10-win32/gcc-arm-none-eabi-10.3-2021.10/bin/../lib/gcc/arm-none-eabi/10.3.1/../../../../arm-none-eabi/lib/thumb/v7-m/nofp\libc_nano.a(lib_a-memchr-stub.o)
 .debug_frame   0x00002788       0x38 e:/download/gnu/tools/gcc-arm-none-eabi-10.3-2021.10-win32/gcc-arm-none-eabi-10.3-2021.10/bin/../lib/gcc/arm-none-eabi/10.3.1/../../../../arm-none-eabi/lib/thumb/v7-m/nofp\libc_nano.a(lib_a-nano-freer.o)
 .debug_frame   0x000027c0       0x4c e:/download/gnu/tools/gcc-arm-none-eabi-10.3-2021.10-win32/gcc-arm-none-eabi-10.3-2021.10/bin/../lib/gcc/arm-none-eabi/10.3.1/../../../../arm-none-eabi/lib/thumb/v7-m/nofp\libc_nano.a(lib_a-nano-mallocr.o)
 .debug_frame   0x0000280c       0x3c e:/download/gnu/tools/gcc-arm-none-eabi-10.3-2021.10-win32/gcc-arm-none-eabi-10.3-2021.10/bin/../lib/gcc/arm-none-eabi/10.3.1/../../../../arm-none-eabi/lib/thumb/v7-m/nofp\libc_nano.a(lib_a-nano-reallocr.o)
 .debug_frame   0x00002848       0x2c e:/download/gnu/tools/gcc-arm-none-eabi-10.3-2021.10-win32/gcc-arm-none-eabi-10.3-2021.10/bin/../lib/gcc/arm-none-eabi/10.3.1/../../../../arm-none-eabi/lib/thumb/v7-m/nofp\libc_nano.a(lib_a-sbrkr.o)
 .debug_frame   0x00002874       0x30 e:/download/gnu/tools/gcc-arm-none-eabi-10.3-2021.10-win32/gcc-arm-none-eabi-10.3-2021.10/bin/../lib/gcc/arm-none-eabi/10.3.1/../../../../arm-none-eabi/lib/thumb/v7-m/nofp\libc_nano.a(lib_a-mlock.o)
 .debug_frame   0x000028a4       0x20 e:/download/gnu/tools/gcc-arm-none-eabi-10.3-2021.10-win32/gcc-arm-none-eabi-10.3-2021.10/bin/../lib/gcc/arm-none-eabi/10.3.1/../../../../arm-none-eabi/lib/thumb/v7-m/nofp\libc_nano.a(lib_a-nano-msizer.o)
 .debug_frame   0x000028c4       0x5c e:/download/gnu/tools/gcc-arm-none-eabi-10.3-2021.10-win32/gcc-arm-none-eabi-10.3-2021.10/bin/../lib/gcc/arm-none-eabi/10.3.1/../../../../arm-none-eabi/lib/thumb/v7-m/nofp\libc_nano.a(lib_a-reent.o)
 .debug_frame   0x00002920       0xb0 e:/download/gnu/tools/gcc-arm-none-eabi-10.3-2021.10-win32/gcc-arm-none-eabi-10.3-2021.10/bin/../lib/gcc/arm-none-eabi/10.3.1/../../../../arm-none-eabi/lib/thumb/v7-m/nofp\libc_nano.a(lib_a-lock.o)
 .debug_frame   0x000029d0       0x20 e:/download/gnu/tools/gcc-arm-none-eabi-10.3-2021.10-win32/gcc-arm-none-eabi-10.3-2021.10/bin/../lib/gcc/arm-none-eabi/10.3.1/../../../../arm-none-eabi/lib/thumb/v7-m/nofp\libnosys.a(sbrk.o)
 .debug_frame   0x000029f0       0x2c e:/download/gnu/tools/gcc-arm-none-eabi-10.3-2021.10-win32/gcc-arm-none-eabi-10.3-2021.10/bin/../lib/gcc/arm-none-eabi/10.3.1/thumb/v7-m/nofp\libgcc.a(_aeabi_uldivmod.o)
 .debug_frame   0x00002a1c       0x34 e:/download/gnu/tools/gcc-arm-none-eabi-10.3-2021.10-win32/gcc-arm-none-eabi-10.3-2021.10/bin/../lib/gcc/arm-none-eabi/10.3.1/thumb/v7-m/nofp\libgcc.a(_udivmoddi4.o)

Cross Reference Table

Symbol                                            File
ADC_IRQHandler                                    build/startup_stm32f205xx.o
AHBPrescTable                                     build/system_stm32f2xx.o
                                                  build/stm32f2xx_hal_rcc.o
APBPrescTable                                     build/system_stm32f2xx.o
                                                  build/stm32f2xx_hal_rcc.o
AckPayLoad                                        build/main.o
BusFault_Handler                                  build/stm32f2xx_it.o
CAN1_RX0_IRQHandler                               build/startup_stm32f205xx.o
CAN1_RX1_IRQHandler                               build/startup_stm32f205xx.o
CAN1_SCE_IRQHandler                               build/startup_stm32f205xx.o
CAN1_TX_IRQHandler                                build/startup_stm32f205xx.o
CAN2_RX0_IRQHandler                               build/startup_stm32f205xx.o
CAN2_RX1_IRQHandler                               build/startup_stm32f205xx.o
CAN2_SCE_IRQHandler                               build/startup_stm32f205xx.o
CAN2_TX_IRQHandler                                build/startup_stm32f205xx.o
DMA1_Stream0_IRQHandler                           build/startup_stm32f205xx.o
DMA1_Stream1_IRQHandler                           build/startup_stm32f205xx.o
DMA1_Stream2_IRQHandler                           build/startup_stm32f205xx.o
DMA1_Stream3_IRQHandler                           build/startup_stm32f205xx.o
DMA1_Stream4_IRQHandler                           build/startup_stm32f205xx.o
DMA1_Stream5_IRQHandler                           build/startup_stm32f205xx.o
DMA1_Stream6_IRQHandler                           build/startup_stm32f205xx.o
DMA1_Stream7_IRQHandler                           build/startup_stm32f205xx.o
DMA2_Stream0_IRQHandler                           build/startup_stm32f205xx.o
DMA2_Stream1_IRQHandler                           build/startup_stm32f205xx.o
DMA2_Stream2_IRQHandler                           build/startup_stm32f205xx.o
DMA2_Stream3_IRQHandler                           build/startup_stm32f205xx.o
DMA2_Stream4_IRQHandler                           build/startup_stm32f205xx.o
DMA2_Stream5_IRQHandler                           build/startup_stm32f205xx.o
DMA2_Stream6_IRQHandler                           build/startup_stm32f205xx.o
DMA2_Stream7_IRQHandler                           build/startup_stm32f205xx.o
DebugMon_Handler                                  build/stm32f2xx_it.o
Default_Handler                                   build/startup_stm32f205xx.o
EXTI0_IRQHandler                                  build/startup_stm32f205xx.o
EXTI15_10_IRQHandler                              build/startup_stm32f205xx.o
EXTI1_IRQHandler                                  build/startup_stm32f205xx.o
EXTI2_IRQHandler                                  build/startup_stm32f205xx.o
EXTI3_IRQHandler                                  build/startup_stm32f205xx.o
EXTI4_IRQHandler                                  build/startup_stm32f205xx.o
EXTI9_5_IRQHandler                                build/startup_stm32f205xx.o
Error_Handler                                     build/main.o
FLASH_Erase_Sector                                build/stm32f2xx_hal_flash_ex.o
                                                  build/stm32f2xx_hal_flash.o
FLASH_FlushCaches                                 build/stm32f2xx_hal_flash_ex.o
                                                  build/stm32f2xx_hal_flash.o
FLASH_IRQHandler                                  build/startup_stm32f205xx.o
FLASH_WaitForLastOperation                        build/stm32f2xx_hal_flash.o
                                                  build/stm32f2xx_hal_flash_ex.o
FSMC_IRQHandler                                   build/startup_stm32f205xx.o
Font_11x18                                        build/ssd1306_fonts.o
                                                  build/ssd1306_tests.o
Font_16x26                                        build/ssd1306_fonts.o
                                                  build/ssd1306_tests.o
Font_6x8                                          build/ssd1306_fonts.o
                                                  build/ssd1306_tests.o
Font_7x10                                         build/ssd1306_fonts.o
                                                  build/ssd1306_tests.o
HAL_ADCEx_InjectedConfigChannel                   build/stm32f2xx_hal_adc_ex.o
HAL_ADCEx_InjectedConvCpltCallback                build/stm32f2xx_hal_adc_ex.o
                                                  build/stm32f2xx_hal_adc.o
HAL_ADCEx_InjectedGetValue                        build/stm32f2xx_hal_adc_ex.o
HAL_ADCEx_InjectedPollForConversion               build/stm32f2xx_hal_adc_ex.o
HAL_ADCEx_InjectedStart                           build/stm32f2xx_hal_adc_ex.o
HAL_ADCEx_InjectedStart_IT                        build/stm32f2xx_hal_adc_ex.o
HAL_ADCEx_InjectedStop                            build/stm32f2xx_hal_adc_ex.o
HAL_ADCEx_InjectedStop_IT                         build/stm32f2xx_hal_adc_ex.o
HAL_ADCEx_MultiModeConfigChannel                  build/stm32f2xx_hal_adc_ex.o
HAL_ADCEx_MultiModeGetValue                       build/stm32f2xx_hal_adc_ex.o
HAL_ADCEx_MultiModeStart_DMA                      build/stm32f2xx_hal_adc_ex.o
HAL_ADCEx_MultiModeStop_DMA                       build/stm32f2xx_hal_adc_ex.o
HAL_ADC_AnalogWDGConfig                           build/stm32f2xx_hal_adc.o
HAL_ADC_ConfigChannel                             build/stm32f2xx_hal_adc.o
                                                  build/main.o
HAL_ADC_ConvCpltCallback                          build/stm32f2xx_hal_adc.o
                                                  build/stm32f2xx_hal_adc_ex.o
HAL_ADC_ConvHalfCpltCallback                      build/stm32f2xx_hal_adc.o
                                                  build/stm32f2xx_hal_adc_ex.o
HAL_ADC_DeInit                                    build/stm32f2xx_hal_adc.o
HAL_ADC_ErrorCallback                             build/stm32f2xx_hal_adc.o
                                                  build/stm32f2xx_hal_adc_ex.o
HAL_ADC_GetError                                  build/stm32f2xx_hal_adc.o
HAL_ADC_GetState                                  build/stm32f2xx_hal_adc.o
HAL_ADC_GetValue                                  build/stm32f2xx_hal_adc.o
HAL_ADC_IRQHandler                                build/stm32f2xx_hal_adc.o
HAL_ADC_Init                                      build/stm32f2xx_hal_adc.o
                                                  build/main.o
HAL_ADC_LevelOutOfWindowCallback                  build/stm32f2xx_hal_adc.o
HAL_ADC_MspDeInit                                 build/stm32f2xx_hal_msp.o
HAL_ADC_MspInit                                   build/stm32f2xx_hal_msp.o
HAL_ADC_PollForConversion                         build/stm32f2xx_hal_adc.o
HAL_ADC_PollForEvent                              build/stm32f2xx_hal_adc.o
HAL_ADC_Start                                     build/stm32f2xx_hal_adc.o
HAL_ADC_Start_DMA                                 build/stm32f2xx_hal_adc.o
HAL_ADC_Start_IT                                  build/stm32f2xx_hal_adc.o
HAL_ADC_Stop                                      build/stm32f2xx_hal_adc.o
HAL_ADC_Stop_DMA                                  build/stm32f2xx_hal_adc.o
HAL_ADC_Stop_IT                                   build/stm32f2xx_hal_adc.o
HAL_DBGMCU_DisableDBGSleepMode                    build/stm32f2xx_hal.o
HAL_DBGMCU_DisableDBGStandbyMode                  build/stm32f2xx_hal.o
HAL_DBGMCU_DisableDBGStopMode                     build/stm32f2xx_hal.o
HAL_DBGMCU_EnableDBGSleepMode                     build/stm32f2xx_hal.o
HAL_DBGMCU_EnableDBGStandbyMode                   build/stm32f2xx_hal.o
HAL_DBGMCU_EnableDBGStopMode                      build/stm32f2xx_hal.o
HAL_DMAEx_ChangeMemory                            build/stm32f2xx_hal_dma_ex.o
HAL_DMAEx_MultiBufferStart                        build/stm32f2xx_hal_dma_ex.o
HAL_DMAEx_MultiBufferStart_IT                     build/stm32f2xx_hal_dma_ex.o
HAL_DMA_Abort                                     build/stm32f2xx_hal_dma.o
                                                  build/stm32f2xx_hal_uart.o
                                                  build/stm32f2xx_hal_spi.o
                                                  build/stm32f2xx_hal_adc_ex.o
                                                  build/stm32f2xx_hal_adc.o
HAL_DMA_Abort_IT                                  build/stm32f2xx_hal_dma.o
                                                  build/stm32f2xx_hal_uart.o
                                                  build/stm32f2xx_hal_spi.o
                                                  build/stm32f2xx_hal_i2c.o
HAL_DMA_DeInit                                    build/stm32f2xx_hal_dma.o
HAL_DMA_GetError                                  build/stm32f2xx_hal_dma.o
                                                  build/stm32f2xx_hal_uart.o
                                                  build/stm32f2xx_hal_i2c.o
HAL_DMA_GetState                                  build/stm32f2xx_hal_dma.o
                                                  build/stm32f2xx_hal_i2c.o
HAL_DMA_IRQHandler                                build/stm32f2xx_hal_dma.o
HAL_DMA_Init                                      build/stm32f2xx_hal_dma.o
HAL_DMA_PollForTransfer                           build/stm32f2xx_hal_dma.o
HAL_DMA_RegisterCallback                          build/stm32f2xx_hal_dma.o
HAL_DMA_Start                                     build/stm32f2xx_hal_dma.o
HAL_DMA_Start_IT                                  build/stm32f2xx_hal_dma.o
                                                  build/stm32f2xx_hal_uart.o
                                                  build/stm32f2xx_hal_spi.o
                                                  build/stm32f2xx_hal_i2c.o
                                                  build/stm32f2xx_hal_adc_ex.o
                                                  build/stm32f2xx_hal_adc.o
HAL_DMA_UnRegisterCallback                        build/stm32f2xx_hal_dma.o
HAL_DeInit                                        build/stm32f2xx_hal.o
HAL_Delay                                         build/stm32f2xx_hal.o
                                                  build/MY_NRF24.o
                                                  build/ssd1306.o
                                                  build/ssd1306_tests.o
                                                  build/main.o
HAL_DisableCompensationCell                       build/stm32f2xx_hal.o
HAL_EXTI_ClearConfigLine                          build/stm32f2xx_hal_exti.o
HAL_EXTI_ClearPending                             build/stm32f2xx_hal_exti.o
HAL_EXTI_GenerateSWI                              build/stm32f2xx_hal_exti.o
HAL_EXTI_GetConfigLine                            build/stm32f2xx_hal_exti.o
HAL_EXTI_GetHandle                                build/stm32f2xx_hal_exti.o
HAL_EXTI_GetPending                               build/stm32f2xx_hal_exti.o
HAL_EXTI_IRQHandler                               build/stm32f2xx_hal_exti.o
HAL_EXTI_RegisterCallback                         build/stm32f2xx_hal_exti.o
HAL_EXTI_SetConfigLine                            build/stm32f2xx_hal_exti.o
HAL_EnableCompensationCell                        build/stm32f2xx_hal.o
HAL_FLASHEx_Erase                                 build/stm32f2xx_hal_flash_ex.o
HAL_FLASHEx_Erase_IT                              build/stm32f2xx_hal_flash_ex.o
HAL_FLASHEx_OBGetConfig                           build/stm32f2xx_hal_flash_ex.o
HAL_FLASHEx_OBProgram                             build/stm32f2xx_hal_flash_ex.o
HAL_FLASH_EndOfOperationCallback                  build/stm32f2xx_hal_flash.o
HAL_FLASH_GetError                                build/stm32f2xx_hal_flash.o
HAL_FLASH_IRQHandler                              build/stm32f2xx_hal_flash.o
HAL_FLASH_Lock                                    build/stm32f2xx_hal_flash.o
HAL_FLASH_OB_Launch                               build/stm32f2xx_hal_flash.o
HAL_FLASH_OB_Lock                                 build/stm32f2xx_hal_flash.o
HAL_FLASH_OB_Unlock                               build/stm32f2xx_hal_flash.o
HAL_FLASH_OperationErrorCallback                  build/stm32f2xx_hal_flash.o
HAL_FLASH_Program                                 build/stm32f2xx_hal_flash.o
HAL_FLASH_Program_IT                              build/stm32f2xx_hal_flash.o
HAL_FLASH_Unlock                                  build/stm32f2xx_hal_flash.o
HAL_GPIO_DeInit                                   build/stm32f2xx_hal_gpio.o
                                                  build/stm32f2xx_hal_msp.o
HAL_GPIO_EXTI_Callback                            build/stm32f2xx_hal_gpio.o
HAL_GPIO_EXTI_IRQHandler                          build/stm32f2xx_hal_gpio.o
HAL_GPIO_Init                                     build/stm32f2xx_hal_gpio.o
                                                  build/stm32f2xx_hal_rcc.o
                                                  build/stm32f2xx_hal_msp.o
                                                  build/main.o
HAL_GPIO_LockPin                                  build/stm32f2xx_hal_gpio.o
HAL_GPIO_ReadPin                                  build/stm32f2xx_hal_gpio.o
HAL_GPIO_TogglePin                                build/stm32f2xx_hal_gpio.o
HAL_GPIO_WritePin                                 build/stm32f2xx_hal_gpio.o
                                                  build/MY_NRF24.o
                                                  build/main.o
HAL_GetDEVID                                      build/stm32f2xx_hal.o
HAL_GetHalVersion                                 build/stm32f2xx_hal.o
HAL_GetREVID                                      build/stm32f2xx_hal.o
HAL_GetTick                                       build/stm32f2xx_hal.o
                                                  build/MY_NRF24.o
                                                  build/ssd1306_tests.o
                                                  build/stm32f2xx_hal_uart.o
                                                  build/stm32f2xx_hal_spi.o
                                                  build/stm32f2xx_hal_i2c.o
                                                  build/stm32f2xx_hal_dma.o
                                                  build/stm32f2xx_hal_pwr_ex.o
                                                  build/stm32f2xx_hal_flash.o
                                                  build/stm32f2xx_hal_rcc_ex.o
                                                  build/stm32f2xx_hal_rcc.o
                                                  build/stm32f2xx_hal_adc_ex.o
                                                  build/stm32f2xx_hal_adc.o
HAL_GetTickFreq                                   build/stm32f2xx_hal.o
HAL_GetTickPrio                                   build/stm32f2xx_hal.o
HAL_GetUIDw0                                      build/stm32f2xx_hal.o
HAL_GetUIDw1                                      build/stm32f2xx_hal.o
HAL_GetUIDw2                                      build/stm32f2xx_hal.o
HAL_HalfDuplex_EnableReceiver                     build/stm32f2xx_hal_uart.o
HAL_HalfDuplex_EnableTransmitter                  build/stm32f2xx_hal_uart.o
HAL_HalfDuplex_Init                               build/stm32f2xx_hal_uart.o
HAL_I2C_AbortCpltCallback                         build/stm32f2xx_hal_i2c.o
HAL_I2C_AddrCallback                              build/stm32f2xx_hal_i2c.o
HAL_I2C_DeInit                                    build/stm32f2xx_hal_i2c.o
HAL_I2C_DisableListen_IT                          build/stm32f2xx_hal_i2c.o
HAL_I2C_ER_IRQHandler                             build/stm32f2xx_hal_i2c.o
HAL_I2C_EV_IRQHandler                             build/stm32f2xx_hal_i2c.o
HAL_I2C_EnableListen_IT                           build/stm32f2xx_hal_i2c.o
HAL_I2C_ErrorCallback                             build/stm32f2xx_hal_i2c.o
HAL_I2C_GetError                                  build/stm32f2xx_hal_i2c.o
HAL_I2C_GetMode                                   build/stm32f2xx_hal_i2c.o
HAL_I2C_GetState                                  build/stm32f2xx_hal_i2c.o
HAL_I2C_Init                                      build/stm32f2xx_hal_i2c.o
                                                  build/main.o
HAL_I2C_IsDeviceReady                             build/stm32f2xx_hal_i2c.o
HAL_I2C_ListenCpltCallback                        build/stm32f2xx_hal_i2c.o
HAL_I2C_MasterRxCpltCallback                      build/stm32f2xx_hal_i2c.o
HAL_I2C_MasterTxCpltCallback                      build/stm32f2xx_hal_i2c.o
HAL_I2C_Master_Abort_IT                           build/stm32f2xx_hal_i2c.o
HAL_I2C_Master_Receive                            build/stm32f2xx_hal_i2c.o
HAL_I2C_Master_Receive_DMA                        build/stm32f2xx_hal_i2c.o
HAL_I2C_Master_Receive_IT                         build/stm32f2xx_hal_i2c.o
HAL_I2C_Master_Seq_Receive_DMA                    build/stm32f2xx_hal_i2c.o
HAL_I2C_Master_Seq_Receive_IT                     build/stm32f2xx_hal_i2c.o
HAL_I2C_Master_Seq_Transmit_DMA                   build/stm32f2xx_hal_i2c.o
HAL_I2C_Master_Seq_Transmit_IT                    build/stm32f2xx_hal_i2c.o
HAL_I2C_Master_Transmit                           build/stm32f2xx_hal_i2c.o
HAL_I2C_Master_Transmit_DMA                       build/stm32f2xx_hal_i2c.o
HAL_I2C_Master_Transmit_IT                        build/stm32f2xx_hal_i2c.o
HAL_I2C_MemRxCpltCallback                         build/stm32f2xx_hal_i2c.o
HAL_I2C_MemTxCpltCallback                         build/stm32f2xx_hal_i2c.o
HAL_I2C_Mem_Read                                  build/stm32f2xx_hal_i2c.o
HAL_I2C_Mem_Read_DMA                              build/stm32f2xx_hal_i2c.o
HAL_I2C_Mem_Read_IT                               build/stm32f2xx_hal_i2c.o
HAL_I2C_Mem_Write                                 build/stm32f2xx_hal_i2c.o
                                                  build/ssd1306.o
HAL_I2C_Mem_Write_DMA                             build/stm32f2xx_hal_i2c.o
HAL_I2C_Mem_Write_IT                              build/stm32f2xx_hal_i2c.o
HAL_I2C_MspDeInit                                 build/stm32f2xx_hal_msp.o
HAL_I2C_MspInit                                   build/stm32f2xx_hal_msp.o
HAL_I2C_SlaveRxCpltCallback                       build/stm32f2xx_hal_i2c.o
HAL_I2C_SlaveTxCpltCallback                       build/stm32f2xx_hal_i2c.o
HAL_I2C_Slave_Receive                             build/stm32f2xx_hal_i2c.o
HAL_I2C_Slave_Receive_DMA                         build/stm32f2xx_hal_i2c.o
HAL_I2C_Slave_Receive_IT                          build/stm32f2xx_hal_i2c.o
HAL_I2C_Slave_Seq_Receive_DMA                     build/stm32f2xx_hal_i2c.o
HAL_I2C_Slave_Seq_Receive_IT                      build/stm32f2xx_hal_i2c.o
HAL_I2C_Slave_Seq_Transmit_DMA                    build/stm32f2xx_hal_i2c.o
HAL_I2C_Slave_Seq_Transmit_IT                     build/stm32f2xx_hal_i2c.o
HAL_I2C_Slave_Transmit                            build/stm32f2xx_hal_i2c.o
HAL_I2C_Slave_Transmit_DMA                        build/stm32f2xx_hal_i2c.o
HAL_I2C_Slave_Transmit_IT                         build/stm32f2xx_hal_i2c.o
HAL_IncTick                                       build/stm32f2xx_hal.o
                                                  build/stm32f2xx_it.o
HAL_Init                                          build/stm32f2xx_hal.o
                                                  build/main.o
HAL_InitTick                                      build/stm32f2xx_hal.o
                                                  build/stm32f2xx_hal_rcc.o
HAL_LIN_Init                                      build/stm32f2xx_hal_uart.o
HAL_LIN_SendBreak                                 build/stm32f2xx_hal_uart.o
HAL_MPU_ConfigRegion                              build/stm32f2xx_hal_cortex.o
HAL_MPU_Disable                                   build/stm32f2xx_hal_cortex.o
HAL_MPU_Enable                                    build/stm32f2xx_hal_cortex.o
HAL_MspDeInit                                     build/stm32f2xx_hal.o
HAL_MspInit                                       build/stm32f2xx_hal_msp.o
HAL_MultiProcessor_EnterMuteMode                  build/stm32f2xx_hal_uart.o
HAL_MultiProcessor_ExitMuteMode                   build/stm32f2xx_hal_uart.o
HAL_MultiProcessor_Init                           build/stm32f2xx_hal_uart.o
HAL_NVIC_ClearPendingIRQ                          build/stm32f2xx_hal_cortex.o
HAL_NVIC_DisableIRQ                               build/stm32f2xx_hal_cortex.o
HAL_NVIC_EnableIRQ                                build/stm32f2xx_hal_cortex.o
HAL_NVIC_GetActive                                build/stm32f2xx_hal_cortex.o
HAL_NVIC_GetPendingIRQ                            build/stm32f2xx_hal_cortex.o
HAL_NVIC_GetPriority                              build/stm32f2xx_hal_cortex.o
HAL_NVIC_GetPriorityGrouping                      build/stm32f2xx_hal_cortex.o
HAL_NVIC_SetPendingIRQ                            build/stm32f2xx_hal_cortex.o
HAL_NVIC_SetPriority                              build/stm32f2xx_hal_cortex.o
                                                  build/stm32f2xx_hal.o
HAL_NVIC_SetPriorityGrouping                      build/stm32f2xx_hal_cortex.o
                                                  build/stm32f2xx_hal.o
HAL_NVIC_SystemReset                              build/stm32f2xx_hal_cortex.o
HAL_PWREx_DisableBkUpReg                          build/stm32f2xx_hal_pwr_ex.o
HAL_PWREx_DisableFlashPowerDown                   build/stm32f2xx_hal_pwr_ex.o
HAL_PWREx_EnableBkUpReg                           build/stm32f2xx_hal_pwr_ex.o
HAL_PWREx_EnableFlashPowerDown                    build/stm32f2xx_hal_pwr_ex.o
HAL_PWR_ConfigPVD                                 build/stm32f2xx_hal_pwr.o
HAL_PWR_DeInit                                    build/stm32f2xx_hal_pwr.o
HAL_PWR_DisableBkUpAccess                         build/stm32f2xx_hal_pwr.o
HAL_PWR_DisablePVD                                build/stm32f2xx_hal_pwr.o
HAL_PWR_DisableSEVOnPend                          build/stm32f2xx_hal_pwr.o
HAL_PWR_DisableSleepOnExit                        build/stm32f2xx_hal_pwr.o
HAL_PWR_DisableWakeUpPin                          build/stm32f2xx_hal_pwr.o
HAL_PWR_EnableBkUpAccess                          build/stm32f2xx_hal_pwr.o
HAL_PWR_EnablePVD                                 build/stm32f2xx_hal_pwr.o
HAL_PWR_EnableSEVOnPend                           build/stm32f2xx_hal_pwr.o
HAL_PWR_EnableSleepOnExit                         build/stm32f2xx_hal_pwr.o
HAL_PWR_EnableWakeUpPin                           build/stm32f2xx_hal_pwr.o
HAL_PWR_EnterSLEEPMode                            build/stm32f2xx_hal_pwr.o
HAL_PWR_EnterSTANDBYMode                          build/stm32f2xx_hal_pwr.o
HAL_PWR_EnterSTOPMode                             build/stm32f2xx_hal_pwr.o
HAL_PWR_PVDCallback                               build/stm32f2xx_hal_pwr.o
HAL_PWR_PVD_IRQHandler                            build/stm32f2xx_hal_pwr.o
HAL_RCCEx_DisablePLLI2S                           build/stm32f2xx_hal_rcc_ex.o
HAL_RCCEx_EnablePLLI2S                            build/stm32f2xx_hal_rcc_ex.o
HAL_RCCEx_GetPeriphCLKConfig                      build/stm32f2xx_hal_rcc_ex.o
HAL_RCCEx_PeriphCLKConfig                         build/stm32f2xx_hal_rcc_ex.o
HAL_RCC_CSSCallback                               build/stm32f2xx_hal_rcc.o
HAL_RCC_ClockConfig                               build/stm32f2xx_hal_rcc.o
                                                  build/main.o
HAL_RCC_DeInit                                    build/stm32f2xx_hal_rcc.o
HAL_RCC_DisableCSS                                build/stm32f2xx_hal_rcc.o
HAL_RCC_EnableCSS                                 build/stm32f2xx_hal_rcc.o
HAL_RCC_GetClockConfig                            build/stm32f2xx_hal_rcc.o
HAL_RCC_GetHCLKFreq                               build/stm32f2xx_hal_rcc.o
HAL_RCC_GetOscConfig                              build/stm32f2xx_hal_rcc.o
HAL_RCC_GetPCLK1Freq                              build/stm32f2xx_hal_rcc.o
                                                  build/stm32f2xx_hal_uart.o
                                                  build/stm32f2xx_hal_i2c.o
HAL_RCC_GetPCLK2Freq                              build/stm32f2xx_hal_rcc.o
                                                  build/stm32f2xx_hal_uart.o
HAL_RCC_GetSysClockFreq                           build/stm32f2xx_hal_rcc.o
HAL_RCC_MCOConfig                                 build/stm32f2xx_hal_rcc.o
HAL_RCC_NMI_IRQHandler                            build/stm32f2xx_hal_rcc.o
HAL_RCC_OscConfig                                 build/stm32f2xx_hal_rcc.o
                                                  build/main.o
HAL_ResumeTick                                    build/stm32f2xx_hal.o
HAL_SPI_Abort                                     build/stm32f2xx_hal_spi.o
HAL_SPI_AbortCpltCallback                         build/stm32f2xx_hal_spi.o
HAL_SPI_Abort_IT                                  build/stm32f2xx_hal_spi.o
HAL_SPI_DMAPause                                  build/stm32f2xx_hal_spi.o
HAL_SPI_DMAResume                                 build/stm32f2xx_hal_spi.o
HAL_SPI_DMAStop                                   build/stm32f2xx_hal_spi.o
HAL_SPI_DeInit                                    build/stm32f2xx_hal_spi.o
HAL_SPI_ErrorCallback                             build/stm32f2xx_hal_spi.o
HAL_SPI_GetError                                  build/stm32f2xx_hal_spi.o
HAL_SPI_GetState                                  build/stm32f2xx_hal_spi.o
HAL_SPI_IRQHandler                                build/stm32f2xx_hal_spi.o
HAL_SPI_Init                                      build/stm32f2xx_hal_spi.o
                                                  build/main.o
HAL_SPI_MspDeInit                                 build/stm32f2xx_hal_msp.o
HAL_SPI_MspInit                                   build/stm32f2xx_hal_msp.o
HAL_SPI_Receive                                   build/stm32f2xx_hal_spi.o
                                                  build/MY_NRF24.o
HAL_SPI_Receive_DMA                               build/stm32f2xx_hal_spi.o
HAL_SPI_Receive_IT                                build/stm32f2xx_hal_spi.o
HAL_SPI_RxCpltCallback                            build/stm32f2xx_hal_spi.o
HAL_SPI_RxHalfCpltCallback                        build/stm32f2xx_hal_spi.o
HAL_SPI_Transmit                                  build/stm32f2xx_hal_spi.o
                                                  build/MY_NRF24.o
HAL_SPI_TransmitReceive                           build/stm32f2xx_hal_spi.o
HAL_SPI_TransmitReceive_DMA                       build/stm32f2xx_hal_spi.o
HAL_SPI_TransmitReceive_IT                        build/stm32f2xx_hal_spi.o
HAL_SPI_Transmit_DMA                              build/stm32f2xx_hal_spi.o
HAL_SPI_Transmit_IT                               build/stm32f2xx_hal_spi.o
HAL_SPI_TxCpltCallback                            build/stm32f2xx_hal_spi.o
HAL_SPI_TxHalfCpltCallback                        build/stm32f2xx_hal_spi.o
HAL_SPI_TxRxCpltCallback                          build/stm32f2xx_hal_spi.o
HAL_SPI_TxRxHalfCpltCallback                      build/stm32f2xx_hal_spi.o
HAL_SYSTICK_CLKSourceConfig                       build/stm32f2xx_hal_cortex.o
HAL_SYSTICK_Callback                              build/stm32f2xx_hal_cortex.o
HAL_SYSTICK_Config                                build/stm32f2xx_hal_cortex.o
                                                  build/stm32f2xx_hal.o
HAL_SYSTICK_IRQHandler                            build/stm32f2xx_hal_cortex.o
HAL_SetTickFreq                                   build/stm32f2xx_hal.o
HAL_SuspendTick                                   build/stm32f2xx_hal.o
HAL_UARTEx_ReceiveToIdle                          build/stm32f2xx_hal_uart.o
HAL_UARTEx_ReceiveToIdle_DMA                      build/stm32f2xx_hal_uart.o
HAL_UARTEx_ReceiveToIdle_IT                       build/stm32f2xx_hal_uart.o
HAL_UARTEx_RxEventCallback                        build/stm32f2xx_hal_uart.o
HAL_UART_Abort                                    build/stm32f2xx_hal_uart.o
HAL_UART_AbortCpltCallback                        build/stm32f2xx_hal_uart.o
HAL_UART_AbortReceive                             build/stm32f2xx_hal_uart.o
HAL_UART_AbortReceiveCpltCallback                 build/stm32f2xx_hal_uart.o
HAL_UART_AbortReceive_IT                          build/stm32f2xx_hal_uart.o
HAL_UART_AbortTransmit                            build/stm32f2xx_hal_uart.o
HAL_UART_AbortTransmitCpltCallback                build/stm32f2xx_hal_uart.o
HAL_UART_AbortTransmit_IT                         build/stm32f2xx_hal_uart.o
HAL_UART_Abort_IT                                 build/stm32f2xx_hal_uart.o
HAL_UART_DMAPause                                 build/stm32f2xx_hal_uart.o
HAL_UART_DMAResume                                build/stm32f2xx_hal_uart.o
HAL_UART_DMAStop                                  build/stm32f2xx_hal_uart.o
HAL_UART_DeInit                                   build/stm32f2xx_hal_uart.o
HAL_UART_ErrorCallback                            build/stm32f2xx_hal_uart.o
HAL_UART_GetError                                 build/stm32f2xx_hal_uart.o
HAL_UART_GetState                                 build/stm32f2xx_hal_uart.o
HAL_UART_IRQHandler                               build/stm32f2xx_hal_uart.o
HAL_UART_Init                                     build/stm32f2xx_hal_uart.o
                                                  build/main.o
HAL_UART_MspDeInit                                build/stm32f2xx_hal_msp.o
HAL_UART_MspInit                                  build/stm32f2xx_hal_msp.o
HAL_UART_Receive                                  build/stm32f2xx_hal_uart.o
HAL_UART_Receive_DMA                              build/stm32f2xx_hal_uart.o
HAL_UART_Receive_IT                               build/stm32f2xx_hal_uart.o
HAL_UART_RxCpltCallback                           build/stm32f2xx_hal_uart.o
HAL_UART_RxHalfCpltCallback                       build/stm32f2xx_hal_uart.o
HAL_UART_Transmit                                 build/stm32f2xx_hal_uart.o
                                                  build/MY_NRF24.o
HAL_UART_Transmit_DMA                             build/stm32f2xx_hal_uart.o
HAL_UART_Transmit_IT                              build/stm32f2xx_hal_uart.o
HAL_UART_TxCpltCallback                           build/stm32f2xx_hal_uart.o
HAL_UART_TxHalfCpltCallback                       build/stm32f2xx_hal_uart.o
HASH_RNG_IRQHandler                               build/startup_stm32f205xx.o
HardFault_Handler                                 build/stm32f2xx_it.o
I2C1_ER_IRQHandler                                build/startup_stm32f205xx.o
I2C1_EV_IRQHandler                                build/startup_stm32f205xx.o
I2C2_ER_IRQHandler                                build/startup_stm32f205xx.o
I2C2_EV_IRQHandler                                build/startup_stm32f205xx.o
I2C3_ER_IRQHandler                                build/startup_stm32f205xx.o
I2C3_EV_IRQHandler                                build/startup_stm32f205xx.o
MemManage_Handler                                 build/stm32f2xx_it.o
MyTxData                                          build/main.o
NMI_Handler                                       build/stm32f2xx_it.o
NRF24_ACTIVATE_cmd                                build/MY_NRF24.o
NRF24_DelayMicroSeconds                           build/MY_NRF24.o
NRF24_GetAckPayloadSize                           build/MY_NRF24.o
NRF24_available                                   build/MY_NRF24.o
NRF24_availablePipe                               build/MY_NRF24.o
NRF24_begin                                       build/MY_NRF24.o
                                                  build/main.o
NRF24_ce                                          build/MY_NRF24.o
NRF24_csn                                         build/MY_NRF24.o
NRF24_disableCRC                                  build/MY_NRF24.o
NRF24_disableDynamicPayloads                      build/MY_NRF24.o
NRF24_enableAckPayload                            build/MY_NRF24.o
                                                  build/main.o
NRF24_enableDynamicPayloads                       build/MY_NRF24.o
                                                  build/main.o
NRF24_flush_rx                                    build/MY_NRF24.o
NRF24_flush_tx                                    build/MY_NRF24.o
NRF24_getCRCLength                                build/MY_NRF24.o
NRF24_getDataRate                                 build/MY_NRF24.o
NRF24_getDynamicPayloadSize                       build/MY_NRF24.o
NRF24_getPALevel                                  build/MY_NRF24.o
NRF24_getPayloadSize                              build/MY_NRF24.o
NRF24_get_status                                  build/MY_NRF24.o
NRF24_isAckPayloadAvailable                       build/MY_NRF24.o